###############################################################################
#
# IAR ELF Linker V9.60.2.399/W64 for ARM                  13/Oct/2024  20:17:09
# Copyright 2007-2024 IAR Systems AB.
#
#    Output file  =
#        D:\Projects\Technosoft\BradFord\Software\CEL\CMP4020\ambd_sdk\project\realtek_amebaD_va0_example\EWARM-RELEASE\Debug\Exe\km0_image\km0_bootloader.axf
#    Map file     =
#        D:\Projects\Technosoft\BradFord\Software\CEL\CMP4020\ambd_sdk\project\realtek_amebaD_va0_example\EWARM-RELEASE\Debug\List\km0_bootloader\km0_bootloader.map
#    Command line =
#        -f
#        D:\Projects\Technosoft\BradFord\Software\CEL\CMP4020\ambd_sdk\project\realtek_amebaD_va0_example\EWARM-RELEASE\Debug\Exe\km0_image\km0_bootloader.axf.rsp
#        (D:\Projects\Technosoft\BradFord\Software\CEL\CMP4020\ambd_sdk\component\soc\realtek\amebad\misc\bsp\lib\common\IAR\lib_bootloader_lp.a
#        D:\Projects\Technosoft\BradFord\Software\CEL\CMP4020\ambd_sdk\project\realtek_amebaD_va0_example\EWARM-RELEASE\Debug\Obj\km0_bootloader\cmsis_10847856019631765829.dir\rtl8721d_bootcfg.o
#        D:\Projects\Technosoft\BradFord\Software\CEL\CMP4020\ambd_sdk\project\realtek_amebaD_va0_example\EWARM-RELEASE\Debug\Obj\km0_bootloader\cmsis_10847856019631765829.dir\rtl8721dlp_clk.o
#        --redirect _Printf=_PrintfFullNoMb --redirect _Scanf=_ScanfFullNoMb
#        --no_out_extension -o
#        D:\Projects\Technosoft\BradFord\Software\CEL\CMP4020\ambd_sdk\project\realtek_amebaD_va0_example\EWARM-RELEASE\Debug\Exe\km0_image\km0_bootloader.axf
#        --map
#        D:\Projects\Technosoft\BradFord\Software\CEL\CMP4020\ambd_sdk\project\realtek_amebaD_va0_example\EWARM-RELEASE\Debug\List\km0_bootloader\km0_bootloader.map
#        --config
#        D:\Projects\Technosoft\BradFord\Software\CEL\CMP4020\ambd_sdk\project\realtek_amebaD_va0_example\EWARM-RELEASE\rtl8721dlp_bootloader.icf
#        --diag_suppress Lp006 --semihosting --entry BOOT_FLASH_Image1 --vfe
#        --text_out locale --cpu=Cortex-M23.no_se --fpu=None) --dependencies=n
#        D:\Projects\Technosoft\BradFord\Software\CEL\CMP4020\ambd_sdk\project\realtek_amebaD_va0_example\EWARM-RELEASE\Debug\Exe\km0_image\km0_bootloader.axf.iar_deps
#
###############################################################################

*******************************************************************************
*** RUNTIME MODEL ATTRIBUTES
***

__CPP_Runtime   = 1
__SystemLibrary = DLib
__dlib_version  = 6


*******************************************************************************
*** HEAP SELECTION
***

The basic heap was selected because --advanced_heap
was not specified and the application did not appear to
be primarily optimized for speed.


*******************************************************************************
*** PLACEMENT SUMMARY
***

define block .ram_image1.entry
   with fixed order {
      section .image1.entry.data*, section .image1.validate.rodata*,
      section .image1.rodata* };
define block .ram_image1.text
   with fixed order {
      section .boot.ram.text*, section .boot.rodata*, section .text*,
      section .rodata*, section CODE };
define block .ram_image1.data
   with fixed order {
      section .boot.ram.data*, section .data*, section DATA,
      section .iar.init_table, section __DLIB_PERTHREAD };
define block IMAGE1
   with fixed order {
      block .ram_image1.entry, block .ram_image1.text, block .ram_image1.data };
"A3":  place at start of [from 0x8'2000 to 0x8'2fff] { rw, block IMAGE1 };
define block .ram_image1.bss
   with fixed order {
      section .boot.ram.bss*, section .boot.ram.end.bss*, section .bss*,
      section COMMON };
"P1":  place in [from 0x8'2000 to 0x8'2fff] { zi, block .ram_image1.bss };
define block .ram_image2.entry
   with fixed order {
      section .image2.entry.data*, section .image2.validate.rodata* };
"A4":  place at start of [from 0x8'3000 to 0x8'efff] {
          block .ram_image2.entry };
define block .xip_image1.text with fixed order { section .flashboot.text* };
"A5":  place at start of [from 0x800'0020 to 0x800'1fff] {
          ro, block .xip_image1.text };
keep { section .image1.entry.data* };
keep { section .image1.validate.rodata* };
keep { section .boot.ram.text* };
keep { section .boot.rodata* };
keep { section .boot.ram.data* };
keep { section .flashboot.text* };

No sections matched the following patterns:

  section .boot.ram.bss*            in block .ram_image1.bss
  section .boot.ram.end.bss*        in block .ram_image1.bss
  section .bss*                     in block .ram_image1.bss
  section .data*                    in block .ram_image1.data
  section .hal.rom.bss              in "A2"
  section .iar.init_table           in block .ram_image1.data
  section .image1.rodata*           in block .ram_image1.entry
  section .image2.entry.data*       in block .ram_image2.entry
  section .image2.validate.rodata*  in block .ram_image2.entry
  section .rom.rodata               in "A1"
  section .rom.text                 in "A0"
  section CODE                      in block .ram_image1.text
  section COMMON                    in block .ram_image1.bss
  section DATA                      in block .ram_image1.data
  section __DLIB_PERTHREAD          in block .ram_image1.data
  zi                                in "P1"


  Section                 Kind        Address  Alignment   Size  Object
  -------                 ----        -------  ---------   ----  ------
"A3":                                                     0x8be
  IMAGE1                             0x8'2000             0x8be  <Block>
    .ram_image1.entry                0x8'2000              0x28  <Block>
      .image1.entry.data  rw data    0x8'2000          4   0x20  boot_ram_lp.o [2]
      .image1.validate.rodata
                          const      0x8'2020          4    0x8  boot_ram_lp.o [2]
    .ram_image1.text                 0x8'2028             0x72c  <Block>
      .boot.ram.text      ro code    0x8'2028          4   0x8c  boot_flash_lp.o [2]
      .boot.ram.text      ro code    0x8'20b4          4  0x314  boot_ram_lp.o [2]
      .boot.rodata        rw data    0x8'23c8          4    0xc  boot_ram_lp.o [2]
      .text               ro code    0x8'23d4          4   0x70  rtl8721dlp_clk.o [1]
      .rodata             const      0x8'2444          4   0xd4  boot_flash_lp.o [2]
      .rodata             const      0x8'2518          4  0x1bc  boot_flash_lp.o [2]
      .rodata             const      0x8'26d4          4   0x80  boot_flash_lp.o [2]
    .ram_image1.data                 0x8'2754             0x16a  <Block>
      .boot.ram.data      rw data    0x8'2754          4   0x70  rtl8721d_bootcfg.o [1]
      .boot.ram.data      rw data    0x8'27c4          4    0x8  rtl8721d_bootcfg.o [1]
      .boot.ram.data      rw data    0x8'27cc          4   0x28  rtl8721d_bootcfg.o [1]
      .boot.ram.data      rw data    0x8'27f4          4    0x4  rtl8721d_bootcfg.o [1]
      .boot.ram.data      rw data    0x8'27f8          4    0x4  rtl8721d_bootcfg.o [1]
      .boot.ram.data      rw data    0x8'27fc          4   0xc0  boot_flash_lp.o [2]
      .boot.ram.data      rw data    0x8'28bc               0x1  rtl8721d_bootcfg.o [1]
      .boot.ram.data      rw data    0x8'28bd               0x1  rtl8721d_bootcfg.o [1]
                                   - 0x8'28be             0x8be

"P1":                                                       0x0
  .ram_image1.bss                    0x8'28be               0x0  <Block>

"A4":                                                       0x0
  .ram_image2.entry                  0x8'3000               0x0  <Block>

"A5":                                                     0x700
  .xip_image1.text                 0x800'0020             0x700  <Block>
    .flashboot.text       ro code  0x800'0020          4  0x580  boot_flash_lp.o [2]
    Veneer                ro code  0x800'05a0          4   0x10  - Linker created -
    Veneer                ro code  0x800'05b0          4   0x10  - Linker created -
    Veneer                ro code  0x800'05c0          4   0x10  - Linker created -
    Veneer                ro code  0x800'05d0          4   0x10  - Linker created -
    Veneer                ro code  0x800'05e0          4   0x10  - Linker created -
    Veneer                ro code  0x800'05f0          4   0x10  - Linker created -
    Veneer                ro code  0x800'0600          4   0x10  - Linker created -
    Veneer                ro code  0x800'0610          4   0x10  - Linker created -
    Veneer                ro code  0x800'0620          4   0x10  - Linker created -
    Veneer                ro code  0x800'0630          4   0x10  - Linker created -
    Veneer                ro code  0x800'0640          4   0x10  - Linker created -
    Veneer                ro code  0x800'0650          4   0x10  - Linker created -
    Veneer                ro code  0x800'0660          4   0x10  - Linker created -
    Veneer                ro code  0x800'0670          4   0x10  - Linker created -
    Veneer                ro code  0x800'0680          4   0x10  - Linker created -
    Veneer                ro code  0x800'0690          4   0x10  - Linker created -
    Veneer                ro code  0x800'06a0          4   0x10  - Linker created -
    Veneer                ro code  0x800'06b0          4   0x10  - Linker created -
    Veneer                ro code  0x800'06c0          4   0x10  - Linker created -
    Veneer                ro code  0x800'06d0          4   0x10  - Linker created -
    Veneer                ro code  0x800'06e0          4   0x10  - Linker created -
    Veneer                ro code  0x800'06f0          4   0x10  - Linker created -
    Veneer                ro code  0x800'0700          4   0x10  - Linker created -
    Veneer                ro code  0x800'0710          4   0x10  - Linker created -
                                 - 0x800'0720             0x700

Unused ranges:

      From        To   Size
      ----        --   ----
  0x8'28be  0x8'2fff  0x742



*******************************************************************************
*** MODULE SUMMARY
***

    Module              ro code  ro data  rw data
    ------              -------  -------  -------
command line/config:
    ---------------------------------------------
    Total:

D:\Projects\Technosoft\BradFord\Software\CEL\CMP4020\ambd_sdk\project\realtek_amebaD_va0_example\EWARM-RELEASE\Debug\Obj\km0_bootloader\cmsis_10847856019631765829.dir: [1]
    rtl8721d_bootcfg.o                        170
    rtl8721dlp_clk.o        112
    ---------------------------------------------
    Total:                  112               170

lib_bootloader_lp.a: [2]
    boot_flash_lp.o       1'548      784      192
    boot_ram_lp.o           788        8       44
    ---------------------------------------------
    Total:                2'336      792      236

    Linker created          384
-------------------------------------------------
    Grand Total:          2'832      792      406


*******************************************************************************
*** ENTRY LIST
***

Entry                      Address   Size  Type      Object
-----                      -------   ----  ----      ------
.ram_image1.bss$$Base     0x8'28be          --   Gb  - Linker created -
.ram_image1.bss$$Limit    0x8'28be          --   Gb  - Linker created -
.ram_image1.data$$Base    0x8'2754          --   Gb  - Linker created -
.ram_image1.data$$Limit
                          0x8'28be          --   Gb  - Linker created -
.ram_image1.entry$$Base
                          0x8'2000          --   Gb  - Linker created -
.ram_image1.entry$$Limit
                          0x8'2028          --   Gb  - Linker created -
.ram_image1.text$$Base    0x8'2028          --   Gb  - Linker created -
.ram_image1.text$$Limit
                          0x8'2754          --   Gb  - Linker created -
.ram_image2.entry$$Base
                          0x8'3000          --   Gb  - Linker created -
.ram_image2.entry$$Limit
                          0x8'3000          --   Gb  - Linker created -
.xip_image1.text$$Base  0x800'0020          --   Gb  - Linker created -
.xip_image1.text$$Limit
                        0x800'0720          --   Gb  - Linker created -
AESDecrypt128_8721D_PTR {Abs}
                          0x8'06c0          --   Gb  <internal module>
AESDecrypt128_8721D_ROM {Abs}
                            0xb2ad          --   Gb  <internal module>
AESEncrypt128_8721D_PTR {Abs}
                          0x8'06c4          --   Gb  <internal module>
AESEncrypt128_8721D_ROM {Abs}
                            0xb1fd          --   Gb  <internal module>
AESUnwrapSwap_8721D_PTR {Abs}
                          0x8'06e8          --   Gb  <internal module>
AESUnwrapSwap_8721D_ROM {Abs}
                            0xaadd          --   Gb  <internal module>
AES_CMAC_1W_8721D_PTR {Abs}
                          0x8'06b4          --   Gb  <internal module>
AES_CMAC_1W_8721D_ROM {Abs}
                            0xb3a1          --   Gb  <internal module>
AES_CMAC_GenerateSubKey_1W_8721D_PTR {Abs}
                          0x8'06b8          --   Gb  <internal module>
AES_CMAC_GenerateSubKey_1W_8721D_ROM {Abs}
                            0xb2fd          --   Gb  <internal module>
AES_Encrypt_1W_8721D_PTR {Abs}
                          0x8'06b0          --   Gb  <internal module>
AES_Encrypt_1W_8721D_ROM {Abs}
                            0xb595          --   Gb  <internal module>
AES_KeyExpansion_1W_8721D_PTR {Abs}
                          0x8'06bc          --   Gb  <internal module>
AES_KeyExpansion_1W_8721D_ROM {Abs}
                            0xb491          --   Gb  <internal module>
AOAC_ANT_SWT_Ptr {Abs}    0x8'084c          --   Gb  <internal module>
Aes128DecIpsec_8721D_PTR {Abs}
                          0x8'06d0          --   Gb  <internal module>
Aes128DecIpsec_8721D_ROM {Abs}
                            0xb24d          --   Gb  <internal module>
Aes128EncIpsec_8721D_PTR {Abs}
                          0x8'06d4          --   Gb  <internal module>
Aes128EncIpsec_8721D_ROM {Abs}
                            0xb19d          --   Gb  <internal module>
AesTkipIvCheck_8721D_ROM {Abs}
                            0xa73f          --   Gb  <internal module>
AesTkipIvCheck_Ptr {Abs}
                          0x8'0730          --   Gb  <internal module>
AesTkipIvFun_8721D_ROM {Abs}
                            0xa531          --   Gb  <internal module>
AesTkipIvFun_Ptr {Abs}    0x8'0760          --   Gb  <internal module>
AesUnwrapIpsec_8721D_PTR {Abs}
                          0x8'06ec          --   Gb  <internal module>
AesUnwrapIpsec_8721D_ROM {Abs}
                            0xab79          --   Gb  <internal module>
AppendTkipMIC_8721D_ROM {Abs}
                            0xa5bd          --   Gb  <internal module>
AppendTkipMIC_Ptr {Abs}
                          0x8'0738          --   Gb  <internal module>
ArfrRefresh_8721D_ROM {Abs}
                            0xc907          --   Gb  <internal module>
ArfrRefresh_Ptr {Abs}     0x8'088c          --   Gb  <internal module>
AssignIvToKeyRsc_8721D_ROM {Abs}
                            0xa6cf          --   Gb  <internal module>
AssignIvToKeyRsc_Ptr {Abs}
                          0x8'0728          --   Gb  <internal module>
AssignKeyRscToIV_8721D_ROM {Abs}
                            0xa6fd          --   Gb  <internal module>
AssignKeyRscToIV_Ptr {Abs}
                          0x8'0724          --   Gb  <internal module>
BAUDRATE_TABLE {Abs}      0x2'013c          --   Gb  <internal module>
BKUP_Clear {Abs}            0x147d          --   Gb  <internal module>
BKUP_Read {Abs}             0x1435          --   Gb  <internal module>
BKUP_Set {Abs}              0x1455          --   Gb  <internal module>
BKUP_Write {Abs}            0x1411          --   Gb  <internal module>
BOOT_FLASH_DSLP_FlashInit
                          0x8'2029   0x72  Code  Gb  boot_flash_lp.o [2]
BOOT_FLASH_Image1       0x800'02e9  0x258  Code  Gb  boot_flash_lp.o [2]
BOOT_FLASH_Invalidate_Auto_Write
                          0x8'209b    0xe  Code  Gb  boot_flash_lp.o [2]
BOOT_FLASH_OTA_Check    0x800'0149   0x56  Code  Lc  boot_flash_lp.o [2]
BOOT_FLASH_OTA_MMU      0x800'0021  0x128  Code  Lc  boot_flash_lp.o [2]
BOOT_FLASH_OTFMaskConfig
                        0x800'01f9   0x56  Code  Gb  boot_flash_lp.o [2]
BOOT_FLASH_Reason_Set   0x800'019f   0x5a  Code  Gb  boot_flash_lp.o [2]
BOOT_FLASH_fasttimer_init
                        0x800'024f   0x4c  Code  Gb  boot_flash_lp.o [2]
BOOT_RAM_FuncEnable       0x8'20b5   0xaa  Code  Gb  boot_ram_lp.o [2]
BOOT_RAM_Image1           0x8'2261   0x6a  Code  Lc  boot_ram_lp.o [2]
BOOT_RAM_SectionInit      0x8'215f   0x10  Code  Gb  boot_ram_lp.o [2]
BOOT_RAM_WakeFromPG       0x8'216f   0xd8  Code  Lc  boot_ram_lp.o [2]
BOOT_ROM_CM4PON {Abs}       0x43f9          --   Gb  <internal module>
BOOT_ROM_OSC131_Enable {Abs}
                            0x44f1          --   Gb  <internal module>
BOOT_ROM_ResetVsr {Abs}
                            0x4505          --   Gb  <internal module>
BOOT_Reason {Abs}           0x14a5          --   Gb  <internal module>
BTDebugEN {Abs}           0x8'095c          --   Gb  <internal module>
BTMailboxRetry_8721D_ROM {Abs}
                            0x7ae9          --   Gb  <internal module>
BTMailboxRetry_Ptr {Abs}
                          0x8'0828          --   Gb  <internal module>
BTNullSetting_8721D_ROM {Abs}
                            0x7c91          --   Gb  <internal module>
BTNullSetting_Ptr {Abs}
                          0x8'0800          --   Gb  <internal module>
BTRoleChangeDefaultSetting_Ptr {Abs}
                          0x8'07fc          --   Gb  <internal module>
BTRoleChangeTBTTHDL_8721D_ROM {Abs}
                            0x8509          --   Gb  <internal module>
BTRoleChangeTBTTHDL_Ptr {Abs}
                          0x8'0818          --   Gb  <internal module>
BTRoleChangeTimerHDL_8721D_ROM {Abs}
                            0x84e9          --   Gb  <internal module>
BTRoleChangeTimerHDL_Ptr {Abs}
                          0x8'0838          --   Gb  <internal module>
BT_TDMA_Slot_Operation_0and3_8721D_ROM {Abs}
                            0x81fd          --   Gb  <internal module>
BT_TDMA_Slot_Operation_0and3_Ptr {Abs}
                          0x8'07f4          --   Gb  <internal module>
BT_TDMA_Slot_Operation_1and4_8721D_ROM {Abs}
                            0x7f95          --   Gb  <internal module>
BT_TDMA_Slot_Operation_1and4_Ptr {Abs}
                          0x8'0854          --   Gb  <internal module>
BT_TDMA_Slot_Operation_2and5_8721D_ROM {Abs}
                            0x80c9          --   Gb  <internal module>
BT_TDMA_Slot_Operation_2and5_Ptr {Abs}
                          0x8'0850          --   Gb  <internal module>
BTcnt {Abs}               0x8'0934          --   Gb  <internal module>
BTypeTDMABCNEarly_8721D_ROM {Abs}
                            0x8361          --   Gb  <internal module>
BTypeTDMABCNEarly_Ptr {Abs}
                          0x8'0830          --   Gb  <internal module>
BTypeTDMATBTThdl_8721D_ROM {Abs}
                            0x8445          --   Gb  <internal module>
BTypeTDMATBTThdl_Ptr {Abs}
                          0x8'081c          --   Gb  <internal module>
BTypeTDMATimeOuthdl_8721D_ROM {Abs}
                            0x8491          --   Gb  <internal module>
BTypeTDMATimeOuthdl_Ptr {Abs}
                          0x8'080c          --   Gb  <internal module>
BackupAntennaSetting_Ptr {Abs}
                          0x8'0820          --   Gb  <internal module>
Boot_Log_En               0x8'28bd    0x1  Data  Gb  rtl8721d_bootcfg.o [1]
BusFault_Handler {Abs}       0x111          --   Gb  <internal module>
C2HBTInfo_8721D_ROM {Abs}
                            0x7b39          --   Gb  <internal module>
C2HBTInfo_Ptr {Abs}       0x8'07f0          --   Gb  <internal module>
C2HBTLoopback_8721D_ROM {Abs}
                            0x7be5          --   Gb  <internal module>
C2HBTLoopback_Ptr {Abs}
                          0x8'0824          --   Gb  <internal module>
C2HBTMpRpt_8721D_ROM {Abs}
                            0x7c21          --   Gb  <internal module>
C2HBTMpRpt_Ptr {Abs}      0x8'083c          --   Gb  <internal module>
C2HDeQueue_8721D_ROM {Abs}
                            0x8999          --   Gb  <internal module>
C2HDeQueue_Ptr {Abs}      0x8'087c          --   Gb  <internal module>
C2HInQueue_8721D_ROM {Abs}
                            0x89e9          --   Gb  <internal module>
C2HInQueue_Ptr {Abs}      0x8'0880          --   Gb  <internal module>
C2HPKTRxDESC_8721D_ROM {Abs}
                            0x88b5          --   Gb  <internal module>
C2HPKTRxDESC_Ptr {Abs}    0x8'0870          --   Gb  <internal module>
C2H_RA_Dbg_code_en_8721D_ROM {Abs}
                            0xcc99          --   Gb  <internal module>
C2H_RA_Rpt_8721D_ROM {Abs}
                            0xc735          --   Gb  <internal module>
CAM_DATA0 {Abs}           0x2'022c          --   Gb  <internal module>
CAM_DATA1 {Abs}           0x2'0240          --   Gb  <internal module>
CAM_DATA2 {Abs}           0x2'0244          --   Gb  <internal module>
CAM_DATA2_WAPI {Abs}      0x2'025d          --   Gb  <internal module>
CAM_TYPE {Abs}            0x2'0258          --   Gb  <internal module>
CPU_ClkGet {Abs}            0x4a25          --   Gb  <internal module>
CPU_ClkSet {Abs}            0x4a11          --   Gb  <internal module>
CTS2SelfSetting_8721D_ROM {Abs}
                            0xb9e1          --   Gb  <internal module>
ChangeCoexTable_8721D_ROM {Abs}
                            0x7dd5          --   Gb  <internal module>
ChangeCoexTable_Ptr {Abs}
                          0x8'0840          --   Gb  <internal module>
ChangeTransmiteRate_8721D_ROM {Abs}
                            0xb791          --   Gb  <internal module>
ChangeTransmiteRate_Ptr {Abs}
                          0x8'07a0          --   Gb  <internal module>
Change_PS_State_Ptr {Abs}
                          0x8'07e4          --   Gb  <internal module>
CheckBBRWIsStable_8721D {Abs}
                            0xbbf1          --   Gb  <internal module>
CheckCPUMGQEmpty_8721D_ROM {Abs}
                            0xba89          --   Gb  <internal module>
CheckDDMADone {Abs}         0x92e9          --   Gb  <internal module>
CheckFWLBKEnable_8721D_ROM {Abs}
                            0xa8d9          --   Gb  <internal module>
CheckMaxMacidNum_8721D_ROM {Abs}
                            0x9119          --   Gb  <internal module>
ChkDDMAChksum {Abs}         0x92a5          --   Gb  <internal module>
ChkTxQueueIsEmpty_8721D_ROM {Abs}
                            0xbec5          --   Gb  <internal module>
ChkandChangePS_8721D_ROM {Abs}
                            0xb8bd          --   Gb  <internal module>
ChkandChangePS_Ptr {Abs}
                          0x8'07b4          --   Gb  <internal module>
ClrAllFWUsedIMR_8721D_ROM {Abs}
                            0xa811          --   Gb  <internal module>
ClrAllFWUsedISR_8721D_ROM {Abs}
                            0xa875          --   Gb  <internal module>
ConfigDebug {Abs}         0x8'01cc          --   Gb  <internal module>
ConfigDebugBuffer {Abs}
                          0x8'01c4          --   Gb  <internal module>
ConfigDebugBufferGet {Abs}
                          0x8'01c8          --   Gb  <internal module>
ConfigDebugClose {Abs}    0x8'01c0          --   Gb  <internal module>
ConfigListenBeaconPeriod_8721D_ROM {Abs}
                            0xbff5          --   Gb  <internal module>
ConfigListenBeaconPeriod_Ptr {Abs}
                          0x8'0798          --   Gb  <internal module>
Const_Rb {Abs}            0x2'027c          --   Gb  <internal module>
Const_Zero {Abs}          0x2'026c          --   Gb  <internal module>
Count_Ratio_8721D_ROM {Abs}
                            0xc899          --   Gb  <internal module>
DacSwing_8721D_ROM {Abs}
                            0x7a3d          --   Gb  <internal module>
DacSwing_Ptr {Abs}        0x8'0810          --   Gb  <internal module>
DelayMs {Abs}               0x1505          --   Gb  <internal module>
DelayNop {Abs}              0x14b5          --   Gb  <internal module>
DelayUs {Abs}               0x14c3          --   Gb  <internal module>
DiagPrintf {Abs}             0x475          --   Gb  <internal module>
DiagPrintfD {Abs}            0x4b9          --   Gb  <internal module>
DiagSPrintf {Abs}            0x4dd          --   Gb  <internal module>
DiagSnPrintf {Abs}           0x501          --   Gb  <internal module>
DiagVSprintf {Abs}           0x115          --   Gb  <internal module>
EFUSEPowerSwitch {Abs}      0x1519          --   Gb  <internal module>
EFUSERead8 {Abs}            0x159d          --   Gb  <internal module>
EFUSEWrite8 {Abs}           0x1661          --   Gb  <internal module>
EFUSE_LogicalMap_Read {Abs}
                            0x1965          --   Gb  <internal module>
EFUSE_LogicalMap_Write {Abs}
                            0x1a71          --   Gb  <internal module>
EFUSE_PG_Packet {Abs}       0x1731          --   Gb  <internal module>
EXT32K_Cmd {Abs}            0x49d1          --   Gb  <internal module>
EnlargeBcnEarlyAndTimeout_8721D_ROM {Abs}
                            0xc48d          --   Gb  <internal module>
EnlargeBcnEarlyAndTimeout_Ptr {Abs}
                          0x8'078c          --   Gb  <internal module>
FLASH_Calibration {Abs}
                            0x4dd1          --   Gb  <internal module>
FLASH_Calibration500MPSCmd {Abs}
                            0x4afd          --   Gb  <internal module>
FLASH_CalibrationInit {Abs}
                            0x4ae5          --   Gb  <internal module>
FLASH_CalibrationNew {Abs}
                            0x4bfd          --   Gb  <internal module>
FLASH_CalibrationNewCmd {Abs}
                            0x4bc1          --   Gb  <internal module>
FLASH_CalibrationPhase {Abs}
                            0x4b1d          --   Gb  <internal module>
FLASH_CalibrationPhaseIdx {Abs}
                            0x4ba9          --   Gb  <internal module>
FLASH_ClockDiv {Abs}        0x4a49          --   Gb  <internal module>
FLASH_DeepPowerDown {Abs}
                            0x21b9          --   Gb  <internal module>
FLASH_Erase {Abs}           0x2147          --   Gb  <internal module>
FLASH_Init {Abs}            0x24e1          --   Gb  <internal module>
FLASH_RxCmd {Abs}           0x1d1d          --   Gb  <internal module>
FLASH_RxData {Abs}          0x1df5          --   Gb  <internal module>
FLASH_SW_CS_Control {Abs}
                            0x1c51          --   Gb  <internal module>
FLASH_SetSpiMode {Abs}      0x1c91          --   Gb  <internal module>
FLASH_SetStatus {Abs}       0x2129          --   Gb  <internal module>
FLASH_SetStatusBits {Abs}
                            0x2205          --   Gb  <internal module>
FLASH_StructInit {Abs}      0x2451          --   Gb  <internal module>
FLASH_StructInit_GD {Abs}
                            0x23bd          --   Gb  <internal module>
FLASH_StructInit_MXIC {Abs}
                            0x2333          --   Gb  <internal module>
FLASH_StructInit_Micron {Abs}
                            0x22a5          --   Gb  <internal module>
FLASH_TxCmd {Abs}           0x1ebd          --   Gb  <internal module>
FLASH_TxData12B {Abs}       0x2049          --   Gb  <internal module>
FLASH_TxData256B {Abs}      0x1f61          --   Gb  <internal module>
FLASH_WaitBusy {Abs}        0x1d89          --   Gb  <internal module>
FLASH_WriteEn {Abs}         0x1f3d          --   Gb  <internal module>
FWLBK_CTL_EXT {Abs}       0x8'0671          --   Gb  <internal module>
FWLBK_CTL_H {Abs}         0x8'066c          --   Gb  <internal module>
FWLBK_CTL_L {Abs}         0x8'0670          --   Gb  <internal module>
FWLBK_DATARATE {Abs}      0x2'0261          --   Gb  <internal module>
FWLBK_HEADER {Abs}        0x2'0214          --   Gb  <internal module>
FWLBK_HEADER_UC {Abs}     0x2'01fc          --   Gb  <internal module>
FWLBK_LEN {Abs}           0x2'01cc          --   Gb  <internal module>
FWLBK_SeqNum {Abs}        0x8'066e          --   Gb  <internal module>
FWLBK_TXDESC {Abs}        0x2'01d4          --   Gb  <internal module>
FillC2HContant_8721D_ROM {Abs}
                            0x890d          --   Gb  <internal module>
FillC2HContant_Ptr {Abs}
                          0x8'0874          --   Gb  <internal module>
FillMailbox_8721D_ROM {Abs}
                            0x8aad          --   Gb  <internal module>
FillMailbox_Ptr {Abs}     0x8'0858          --   Gb  <internal module>
FillMichaelPacketInfo_8721D_PTR {Abs}
                          0x8'06c8          --   Gb  <internal module>
FillMichaelPacketInfo_8721D_ROM {Abs}
                            0xab51          --   Gb  <internal module>
FillParameterIpsec_8721D_PTR {Abs}
                          0x8'06cc          --   Gb  <internal module>
FillParameterIpsec_8721D_ROM {Abs}
                            0xab2d          --   Gb  <internal module>
Flash_MMU_Config          0x8'2754   0x70  Data  Gb  rtl8721d_bootcfg.o [1]
FlexibleExtensionDecision_8721D_ROM {Abs}
                            0x7e31          --   Gb  <internal module>
FlexibleExtensionDecision_Ptr {Abs}
                          0x8'07f8          --   Gb  <internal module>
Force_OTA1_GPIO           0x8'28bc    0x1  Data  Gb  rtl8721d_bootcfg.o [1]
FwCheckCallback           0x8'27f4    0x4  Data  Gb  rtl8721d_bootcfg.o [1]
FwlbkCheckRxPayload_8721D_PTR {Abs}
                          0x8'0694          --   Gb  <internal module>
FwlbkCheckRxPayload_8721D_ROM {Abs}
                            0x935d          --   Gb  <internal module>
FwlbkDbgPrtU16_8721D_PTR {Abs}
                          0x8'06ac          --   Gb  <internal module>
FwlbkDbgPrtU16_8721D_ROM {Abs}
                            0x9981          --   Gb  <internal module>
FwlbkHWInitialLLT_8721D_PTR {Abs}
                          0x8'06a4          --   Gb  <internal module>
FwlbkHWInitialLLT_8721D_ROM {Abs}
                            0x9911          --   Gb  <internal module>
FwlbkLLTWrite_8721D_PTR {Abs}
                          0x8'06a8          --   Gb  <internal module>
FwlbkLLTWrite_8721D_ROM {Abs}
                            0x9311          --   Gb  <internal module>
FwlbkMcuPollMgq_8721D_PTR {Abs}
                          0x8'0688          --   Gb  <internal module>
FwlbkMcuPollMgq_8721D_ROM {Abs}
                            0x972d          --   Gb  <internal module>
FwlbkModeAFElbk_8721D_PTR {Abs}
                          0x8'0674          --   Gb  <internal module>
FwlbkModeAFElbk_8721D_ROM {Abs}
                            0x95bd          --   Gb  <internal module>
FwlbkModeMaclbk_8721D_PTR {Abs}
                          0x8'067c          --   Gb  <internal module>
FwlbkModeMaclbk_8721D_ROM {Abs}
                            0x9c21          --   Gb  <internal module>
FwlbkModeSecTest_8721D_PTR {Abs}
                          0x8'0678          --   Gb  <internal module>
FwlbkModeSecTest_8721D_ROM {Abs}
                            0x9c41          --   Gb  <internal module>
FwlbkModeSel_8721D_PTR {Abs}
                          0x8'0698          --   Gb  <internal module>
FwlbkModeSel_8721D_ROM {Abs}
                            0x9a99          --   Gb  <internal module>
FwlbkModeTxNoCheck_8721D_PTR {Abs}
                          0x8'0684          --   Gb  <internal module>
FwlbkModeTxNoCheck_8721D_ROM {Abs}
                            0x9c39          --   Gb  <internal module>
FwlbkModeTx_8721D_PTR {Abs}
                          0x8'0680          --   Gb  <internal module>
FwlbkModeTx_8721D_ROM {Abs}
                            0x9c31          --   Gb  <internal module>
FwlbkMode_8721D_PTR {Abs}
                          0x8'06a0          --   Gb  <internal module>
FwlbkMode_8721D_ROM {Abs}
                            0x9789          --   Gb  <internal module>
FwlbkPreparePkt_8721D_PTR {Abs}
                          0x8'069c          --   Gb  <internal module>
FwlbkPreparePkt_8721D_ROM {Abs}
                            0x998d          --   Gb  <internal module>
FwlbkSetCAM_8721D_PTR {Abs}
                          0x8'0690          --   Gb  <internal module>
FwlbkSetCAM_8721D_ROM {Abs}
                            0x9b31          --   Gb  <internal module>
FwlbkUpdateParam_8721D_PTR {Abs}
                          0x8'068c          --   Gb  <internal module>
FwlbkUpdateParam_8721D_ROM {Abs}
                            0x9bd5          --   Gb  <internal module>
GDMA_ChCleanAutoReload {Abs}
                            0x29e5          --   Gb  <internal module>
GDMA_ChnlAlloc {Abs}        0x2c01          --   Gb  <internal module>
GDMA_ChnlFree {Abs}         0x2c85          --   Gb  <internal module>
GDMA_ChnlRegister {Abs}
                            0x2b85          --   Gb  <internal module>
GDMA_ChnlUnRegister {Abs}
                            0x2bc9          --   Gb  <internal module>
GDMA_ClearINT {Abs}         0x26ad          --   Gb  <internal module>
GDMA_ClearINTPendingBit {Abs}
                            0x25e1          --   Gb  <internal module>
GDMA_Cmd {Abs}              0x286d          --   Gb  <internal module>
GDMA_GetBlkSize {Abs}       0x2b4d          --   Gb  <internal module>
GDMA_GetDstAddr {Abs}       0x2aa5          --   Gb  <internal module>
GDMA_GetIrqNum {Abs}        0x2ce5          --   Gb  <internal module>
GDMA_GetSrcAddr {Abs}       0x2a75          --   Gb  <internal module>
GDMA_INTConfig {Abs}        0x2775          --   Gb  <internal module>
GDMA_Init {Abs}             0x28b9          --   Gb  <internal module>
GDMA_Reg {Abs}            0x8'0258          --   Gb  <internal module>
GDMA_SetBlkSize {Abs}       0x2b0d          --   Gb  <internal module>
GDMA_SetDstAddr {Abs}       0x2ad9          --   Gb  <internal module>
GDMA_SetLLP {Abs}           0x2579          --   Gb  <internal module>
GDMA_SetSrcAddr {Abs}       0x2a41          --   Gb  <internal module>
GDMA_StructInit {Abs}       0x2559          --   Gb  <internal module>
GPIO_DeInit {Abs}           0x2f19          --   Gb  <internal module>
GPIO_Direction {Abs}        0x2e71          --   Gb  <internal module>
GPIO_INTConfig {Abs}        0x2da1          --   Gb  <internal module>
GPIO_INTHandler {Abs}       0x2dcd          --   Gb  <internal module>
GPIO_INTMode {Abs}          0x2d15          --   Gb  <internal module>
GPIO_Init {Abs}             0x2e9d          --   Gb  <internal module>
GPIO_PortDirection {Abs}
                            0x2fc9          --   Gb  <internal module>
GPIO_PortRead {Abs}         0x2fed          --   Gb  <internal module>
GPIO_PortWrite {Abs}        0x2ffd          --   Gb  <internal module>
GPIO_ReadDataBit {Abs}      0x2f7d          --   Gb  <internal module>
GPIO_UserRegIrq {Abs}       0x3015          --   Gb  <internal module>
GPIO_WriteBit {Abs}         0x2f9d          --   Gb  <internal module>
GetIV {Abs}                 0xd279          --   Gb  <internal module>
GetIVLenAndSecurityType_8721D_ROM {Abs}
                            0xd2a5          --   Gb  <internal module>
GetIVLenAndSecurityType_Ptr {Abs}
                          0x8'0764          --   Gb  <internal module>
GetMACHeaderLen_8721D_ROM {Abs}
                            0xd2e9          --   Gb  <internal module>
GetMACHeaderLen_Ptr {Abs}
                          0x8'0768          --   Gb  <internal module>
GetMediaStatus_8721D_ROM {Abs}
                            0x919d          --   Gb  <internal module>
GetTxrptStatistic_8721D_ROM {Abs}
                            0xcff9          --   Gb  <internal module>
H2CCmdFunc_Ptr {Abs}      0x8'0884          --   Gb  <internal module>
H2CDeQueue_8721D_ROM {Abs}
                            0x87fd          --   Gb  <internal module>
H2CDeQueue_Ptr {Abs}      0x8'0868          --   Gb  <internal module>
H2CHDL_APReqTxrpt_8721D_ROM {Abs}
                            0xcdad          --   Gb  <internal module>
H2CHDL_AntSelReverse_8721D_ROM {Abs}
                            0x8d41          --   Gb  <internal module>
H2CHDL_BTControl_8721D_ROM {Abs}
                            0x8e7d          --   Gb  <internal module>
H2CHDL_BTIgnoreWlanAct_8721D_ROM {Abs}
                            0x8c95          --   Gb  <internal module>
H2CHDL_BTInfo_8721D_ROM {Abs}
                            0x8bfd          --   Gb  <internal module>
H2CHDL_BTMpH2C_8721D_ROM {Abs}
                            0x8dc5          --   Gb  <internal module>
H2CHDL_BTWifiCtrl_8721D_ROM {Abs}
                            0x8ee5          --   Gb  <internal module>
H2CHDL_BT_Init_Param_8721D_ROM {Abs}
                            0x9099          --   Gb  <internal module>
H2CHDL_BT_ONLY_TEST_8721D_ROM {Abs}
                            0x906d          --   Gb  <internal module>
H2CHDL_BT_Page_Scan_Interval_8721D_ROM {Abs}
                            0x8f8d          --   Gb  <internal module>
H2CHDL_DACSwingValue_8721D_ROM {Abs}
                            0x8d05          --   Gb  <internal module>
H2CHDL_ForceBTTxpwr_8721D_ROM {Abs}
                            0x8c81          --   Gb  <internal module>
H2CHDL_GNT_BT_CTRL_8721D_ROM {Abs}
                            0x9021          --   Gb  <internal module>
H2CHDL_InitRateCollect_8721D_ROM {Abs}
                            0xcf15          --   Gb  <internal module>
H2CHDL_SetRssiSingle_8721D_ROM {Abs}
                            0xcb85          --   Gb  <internal module>
H2CHDL_Set_FW_Trace_en_8721D_ROM {Abs}
                            0xcd71          --   Gb  <internal module>
H2CHDL_Set_MACID_Config_8721D_ROM {Abs}
                            0xca89          --   Gb  <internal module>
H2CHDL_WLCalibration_8721D_ROM {Abs}
                            0x8fb1          --   Gb  <internal module>
H2CHDL_WLOpmode_8721D_ROM {Abs}
                            0x8d55          --   Gb  <internal module>
H2CInQueue_8721D_ROM {Abs}
                            0x8701          --   Gb  <internal module>
H2CInQueue_Ptr {Abs}      0x8'086c          --   Gb  <internal module>
HardFault_Handler {Abs}
                             0x109          --   Gb  <internal module>
HmacSha1Ipsec_8721D_PTR {Abs}
                          0x8'06e4          --   Gb  <internal module>
HmacSha1Ipsec_8721D_ROM {Abs}
                            0xabfd          --   Gb  <internal module>
HmcMd5Ipsec_8721D_PTR {Abs}
                          0x8'06e0          --   Gb  <internal module>
HmcMd5Ipsec_8721D_ROM {Abs}
                            0xac5d          --   Gb  <internal module>
IMAGE1$$Base              0x8'2000          --   Gb  - Linker created -
IMAGE1$$Limit             0x8'28be          --   Gb  - Linker created -
INT_BusFault {Abs}          0x53bd          --   Gb  <internal module>
INT_HardFault {Abs}         0x5389          --   Gb  <internal module>
INT_HardFault_C {Abs}       0x5299          --   Gb  <internal module>
INT_MemManage {Abs}         0x53a1          --   Gb  <internal module>
INT_NMI {Abs}               0x536d          --   Gb  <internal module>
INT_UsageFault {Abs}        0x53d9          --   Gb  <internal module>
IPC_CPUID {Abs}             0x3073          --   Gb  <internal module>
IPC_IERGet {Abs}            0x305b          --   Gb  <internal module>
IPC_IERSet {Abs}            0x3057          --   Gb  <internal module>
IPC_INTClear {Abs}          0x3067          --   Gb  <internal module>
IPC_INTConfig {Abs}         0x3045          --   Gb  <internal module>
IPC_INTGet {Abs}            0x306f          --   Gb  <internal module>
IPC_INTHandler {Abs}        0x3129          --   Gb  <internal module>
IPC_INTRequest {Abs}        0x305f          --   Gb  <internal module>
IPC_INTUserHandler {Abs}
                            0x3161          --   Gb  <internal module>
IPC_IrqData {Abs}         0x8'04dc          --   Gb  <internal module>
IPC_IrqHandler {Abs}      0x8'045c          --   Gb  <internal module>
IPC_SEMFree {Abs}           0x30c5          --   Gb  <internal module>
IPC_SEMGet {Abs}            0x307d          --   Gb  <internal module>
IPSWriteDescriptorIO_8721D_PTR {Abs}
                          0x8'070c          --   Gb  <internal module>
IPSWriteDescriptorIO_8721D_ROM {Abs}
                            0xaeef          --   Gb  <internal module>
IPSecDataIn_8721D_PTR {Abs}
                          0x8'0718          --   Gb  <internal module>
IPSecDataIn_8721D_ROM {Abs}
                            0xae9d          --   Gb  <internal module>
IPSecDataOut_8721D_PTR {Abs}
                          0x8'0714          --   Gb  <internal module>
IPSecDataOut_8721D_ROM {Abs}
                            0xaeb1          --   Gb  <internal module>
IPSecDesrciptor_8721D_PTR {Abs}
                          0x8'0708          --   Gb  <internal module>
IPSecDesrciptor_8721D_ROM {Abs}
                            0xaf09          --   Gb  <internal module>
IPSecEngine_8721D_PTR {Abs}
                          0x8'06f8          --   Gb  <internal module>
IPSecEngine_8721D_ROM {Abs}
                            0xb085          --   Gb  <internal module>
IPSecFillDesrciptor_8721D_PTR {Abs}
                          0x8'0710          --   Gb  <internal module>
IPSecFillDesrciptor_8721D_ROM {Abs}
                            0xaec5          --   Gb  <internal module>
IPSecGetDataIOMode_8721D_PTR {Abs}
                          0x8'0700          --   Gb  <internal module>
IPSecGetDataIOMode_8721D_ROM {Abs}
                            0xafad          --   Gb  <internal module>
IPSecSetDescAddr_8721D_PTR {Abs}
                          0x8'06f0          --   Gb  <internal module>
IPSecSetDescAddr_8721D_ROM {Abs}
                            0xaf99          --   Gb  <internal module>
IPSecSetExMemoryAddr_8721D_PTR {Abs}
                          0x8'06f4          --   Gb  <internal module>
IPSecSetExMemoryAddr_8721D_ROM {Abs}
                            0xaf85          --   Gb  <internal module>
IPSecSetOPMode_8721D_PTR {Abs}
                          0x8'06fc          --   Gb  <internal module>
IPSecSetOPMode_8721D_ROM {Abs}
                            0xb009          --   Gb  <internal module>
IPSecWriteDataIOMode_8721D_PTR {Abs}
                          0x8'0704          --   Gb  <internal module>
IPSecWriteDataIOMode_8721D_ROM {Abs}
                            0xaf1d          --   Gb  <internal module>
ISRSendSignalCommon_Ptr {Abs}
                          0x8'08a8          --   Gb  <internal module>
IS_FPGA_VERIF {Abs}       0x8'055c          --   Gb  <internal module>
InitBTCoexTimer_8721D_ROM {Abs}
                            0x7e15          --   Gb  <internal module>
InitBTCoexTimer_Ptr {Abs}
                          0x8'0848          --   Gb  <internal module>
InitBTMailbox_8721D_ROM {Abs}
                            0x7a61          --   Gb  <internal module>
InitBTMailbox_Ptr {Abs}
                          0x8'082c          --   Gb  <internal module>
InitBTypeTDMA2_8721D_ROM {Abs}
                            0x8341          --   Gb  <internal module>
InitBTypeTDMA2_Ptr {Abs}
                          0x8'0834          --   Gb  <internal module>
InitC2H_8721D_ROM {Abs}
                            0x8855          --   Gb  <internal module>
InitDDMA {Abs}              0x91e5          --   Gb  <internal module>
InitGTimer1ms_8721D_ROM {Abs}
                            0xd17d          --   Gb  <internal module>
InitGTimer1ms_Ptr {Abs}
                          0x8'077c          --   Gb  <internal module>
InitGTimer32us_8721D_ROM {Abs}
                            0xd13d          --   Gb  <internal module>
InitGTimer32us_Ptr {Abs}
                          0x8'0780          --   Gb  <internal module>
InitRAInfo_8721D_ROM {Abs}
                            0xc5e9          --   Gb  <internal module>
InitRAInfo_rsvd_Ptr {Abs}
                          0x8'08a0          --   Gb  <internal module>
InitialRateByRssi_8721D_ROM {Abs}
                            0xcd01          --   Gb  <internal module>
InitialRateByRssi_Ptr {Abs}
                          0x8'089c          --   Gb  <internal module>
InitialRateUpdate_Ptr {Abs}
                          0x8'08a4          --   Gb  <internal module>
IssueBTQNull_8721D_ROM {Abs}
                            0x7cf9          --   Gb  <internal module>
IssueBTQNull_Ptr {Abs}    0x8'0814          --   Gb  <internal module>
IssueC2HPKT_8721D_ROM {Abs}
                            0x8949          --   Gb  <internal module>
IssueC2HPKT_Ptr {Abs}     0x8'0878          --   Gb  <internal module>
IssueCTS2Self_8721D_ROM {Abs}
                            0xb9fd          --   Gb  <internal module>
IssueCTS2Self_Ptr {Abs}
                          0x8'07b8          --   Gb  <internal module>
IssueNullData_Ptr {Abs}
                          0x8'079c          --   Gb  <internal module>
IssuePSPoll_8721D_ROM {Abs}
                            0xb87d          --   Gb  <internal module>
IssuePSPoll_Ptr {Abs}     0x8'07b0          --   Gb  <internal module>
IssueQNull_8721D_ROM {Abs}
                            0xb94d          --   Gb  <internal module>
IssueQNull_Ptr {Abs}      0x8'07a8          --   Gb  <internal module>
IssueRsvdPagePacketSetting_8721D_ROM {Abs}
                            0xbac9          --   Gb  <internal module>
IssueRsvdPagePacketSetting_Ptr {Abs}
                          0x8'0784          --   Gb  <internal module>
LOGUART_DiagInit {Abs}      0x32e9          --   Gb  <internal module>
LOGUART_GetChar {Abs}       0x3221          --   Gb  <internal module>
LOGUART_GetIMR {Abs}        0x324d          --   Gb  <internal module>
LOGUART_Init {Abs}          0x31b1          --   Gb  <internal module>
LOGUART_PutChar {Abs}       0x31f1          --   Gb  <internal module>
LOGUART_Readable {Abs}      0x3239          --   Gb  <internal module>
LOGUART_SetBaud {Abs}       0x3285          --   Gb  <internal module>
LOGUART_SetBaud_FromFlash {Abs}
                            0x32c9          --   Gb  <internal module>
LOGUART_SetIMR {Abs}        0x3259          --   Gb  <internal module>
LOGUART_StructInit {Abs}
                            0x3199          --   Gb  <internal module>
LOGUART_WaitBusy {Abs}      0x3265          --   Gb  <internal module>
Legacy_PS_Setting_8721D_ROM {Abs}
                            0xbee9          --   Gb  <internal module>
Legacy_PS_Setting_Ptr {Abs}
                          0x8'07dc          --   Gb  <internal module>
MailboxINTHDL_8721D_ROM {Abs}
                            0x8559          --   Gb  <internal module>
MailboxINTHDL_Patch_Ptr {Abs}
                          0x8'0804          --   Gb  <internal module>
MailboxINTHDL_Ptr {Abs}
                          0x8'0808          --   Gb  <internal module>
MemManage_Handler {Abs}
                             0x10d          --   Gb  <internal module>
NEW_CALIBREATION_END {Abs}
                          0x8'0560          --   Gb  <internal module>
NMI_Handler {Abs}            0x105          --   Gb  <internal module>
NewVectorTable {Abs}      0x8'0000          --   Gb  <internal module>
ODM_H2C_RADebugMonitor_8721D_ROM {Abs}
                            0xcbb5          --   Gb  <internal module>
ODM_H2C_RADebugMonitor_Ptr {Abs}
                          0x8'0888          --   Gb  <internal module>
OSSendSignalCommon_Ptr {Abs}
                          0x8'08ac          --   Gb  <internal module>
OTASelectHook             0x8'27f8    0x4  Data  Gb  rtl8721d_bootcfg.o [1]
OTA_Region                0x8'27c4    0x8  Data  Gb  rtl8721d_bootcfg.o [1]
OTF_IV_ENC {Abs}          0x2'0088          --   Gb  <internal module>
OnWpa_offload_8721D_ROM {Abs}
                            0x9db9          --   Gb  <internal module>
OnWpa_offload_Ptr {Abs}
                          0x8'0758          --   Gb  <internal module>
PAD_CMD {Abs}               0x36b1          --   Gb  <internal module>
PAD_PullCtrl {Abs}          0x3685          --   Gb  <internal module>
PHYRegDef {Abs}           0x8'09be          --   Gb  <internal module>
PHY_InitBBRFRegDef_8721D {Abs}
                            0xbbc5          --   Gb  <internal module>
PHY_QueryBBReg_8721D {Abs}
                            0xbc45          --   Gb  <internal module>
PHY_QueryRFReg_8721D {Abs}
                            0xbda9          --   Gb  <internal module>
PHY_RFSerialRead_8721D {Abs}
                            0xbcf9          --   Gb  <internal module>
PHY_RFSerialWrite_8721D {Abs}
                            0xbd8d          --   Gb  <internal module>
PHY_SetBBReg_8721D {Abs}
                            0xbc9d          --   Gb  <internal module>
PHY_SetRFReg_8721D {Abs}
                            0xbdb1          --   Gb  <internal module>
PORT_AB {Abs}             0x2'0080          --   Gb  <internal module>
PSModeSetting_8721D_ROM {Abs}
                            0xbf61          --   Gb  <internal module>
PSModeSetting_Ptr {Abs}
                          0x8'07d8          --   Gb  <internal module>
PSSetMode_8721D_ROM {Abs}
                            0xc035          --   Gb  <internal module>
PS_S0ToS1State_8721D_ROM {Abs}
                            0xc1a1          --   Gb  <internal module>
PS_S0ToS6State_8721D_ROM {Abs}
                            0xc51d          --   Gb  <internal module>
PS_S1ToS0orS2State_8721D_ROM {Abs}
                            0xc229          --   Gb  <internal module>
PS_S2ToS0State_8721D_ROM {Abs}
                            0xc109          --   Gb  <internal module>
PS_S2ToS0State_Ptr {Abs}
                          0x8'0794          --   Gb  <internal module>
PS_S2ToS3State_8721D_ROM {Abs}
                            0xc085          --   Gb  <internal module>
PS_S2ToS4State_8721D_ROM {Abs}
                            0xc299          --   Gb  <internal module>
PS_S2ToS5State_8721D_ROM {Abs}
                            0xc2ed          --   Gb  <internal module>
PS_S2_Condition_Match_Ptr {Abs}
                          0x8'07cc          --   Gb  <internal module>
PS_S3ToS2orS0State_8721D_ROM {Abs}
                            0xc139          --   Gb  <internal module>
PS_S4ToS2State_8721D_ROM {Abs}
                            0xc365          --   Gb  <internal module>
PS_S4_Condition_Match_Ptr {Abs}
                          0x8'07c8          --   Gb  <internal module>
PS_S5ToS2State_8721D_ROM {Abs}
                            0xc329          --   Gb  <internal module>
PS_S6ToS0State_8721D_ROM {Abs}
                            0xc555          --   Gb  <internal module>
PT_update_8721D_ROM {Abs}
                            0xcf95          --   Gb  <internal module>
Pinmux_Config {Abs}         0x36dd          --   Gb  <internal module>
Pinmux_ConfigGet {Abs}      0x36fd          --   Gb  <internal module>
Pinmux_SpicCtrl {Abs}       0x3749          --   Gb  <internal module>
Pinmux_UartLogCtrl {Abs}
                            0x370d          --   Gb  <internal module>
PktBufAccessCtrl_8721D_ROM {Abs}
                            0x8a3d          --   Gb  <internal module>
PktBufAccessCtrl_Ptr {Abs}
                          0x8'0864          --   Gb  <internal module>
Pkt_Num_shift_8721D_ROM {Abs}
                            0xcf7d          --   Gb  <internal module>
PollingReg_8721D_Ptr {Abs}
                          0x8'0778          --   Gb  <internal module>
PollingReg_8721D_ROM {Abs}
                            0xd0e1          --   Gb  <internal module>
PortA_IrqData {Abs}       0x8'02dc          --   Gb  <internal module>
PortA_IrqHandler {Abs}    0x8'025c          --   Gb  <internal module>
PortB_IrqData {Abs}       0x8'03dc          --   Gb  <internal module>
PortB_IrqHandler {Abs}    0x8'035c          --   Gb  <internal module>
PowerBitSetting_8721D_ROM {Abs}
                            0xb815          --   Gb  <internal module>
PowerBitSetting_Ptr {Abs}
                          0x8'07a4          --   Gb  <internal module>
PsCloseRF_Ptr {Abs}       0x8'07d0          --   Gb  <internal module>
PsOpenRF_Ptr {Abs}        0x8'07d4          --   Gb  <internal module>
PsuseTxrpt_8721D_ROM {Abs}
                            0xcfe5          --   Gb  <internal module>
RAM_IMG1_VALID_PATTEN     0x8'2020    0x8  Data  Gb  boot_ram_lp.o [2]
RBSS_UDELAY_DIV {Abs}     0x8'01f4          --   Gb  <internal module>
RC4Ipsec_8721D_PTR {Abs}
                          0x8'06dc          --   Gb  <internal module>
RC4Ipsec_8721D_ROM {Abs}
                            0xadcd          --   Gb  <internal module>
RCC_PeriphClockCmd {Abs}
                            0x4f09          --   Gb  <internal module>
RCC_PeriphClockSource_I2C {Abs}
                            0x4fd9          --   Gb  <internal module>
RCC_PeriphClockSource_QDEC {Abs}
                            0x4ff9          --   Gb  <internal module>
RCC_PeriphClockSource_RTC {Abs}
                            0x4f89          --   Gb  <internal module>
RCC_PeriphClockSource_UART {Abs}
                            0x5019          --   Gb  <internal module>
ROM_IMG1_VALID_PATTEN {Abs}
                          0x2'0098          --   Gb  <internal module>
ROM_SIM_ENABLE {Abs}      0x2'0000          --   Gb  <internal module>
RSIP_Cmd {Abs}              0x3511          --   Gb  <internal module>
RSIP_KEY_Request {Abs}      0x35e9          --   Gb  <internal module>
RSIP_MMU_Cmd {Abs}          0x3649          --   Gb  <internal module>
RSIP_MMU_Config {Abs}       0x3625          --   Gb  <internal module>
RSIP_Mask_Config          0x8'27cc   0x28  Data  Gb  rtl8721d_bootcfg.o [1]
RSIP_OTF_Cmd {Abs}          0x3595          --   Gb  <internal module>
RSIP_OTF_Mask {Abs}         0x35a9          --   Gb  <internal module>
RSIP_OTF_init {Abs}         0x3531          --   Gb  <internal module>
RTIM_Cmd {Abs}              0x38db          --   Gb  <internal module>
RTIM_DeInit {Abs}           0x3cad          --   Gb  <internal module>
RTIM_GetCount {Abs}         0x398d          --   Gb  <internal module>
RTIM_GetFlagStatus {Abs}
                            0x3ded          --   Gb  <internal module>
RTIM_GetINTStatus {Abs}
                            0x3f0d          --   Gb  <internal module>
RTIM_INTClear {Abs}         0x3ad1          --   Gb  <internal module>
RTIM_INTClearPendingBit {Abs}
                            0x3d51          --   Gb  <internal module>
RTIM_INTConfig {Abs}        0x3a21          --   Gb  <internal module>
RTIM_TimeBaseInit {Abs}
                            0x3b65          --   Gb  <internal module>
RTIM_TimeBaseStructInit {Abs}
                            0x38c5          --   Gb  <internal module>
RTmemcmpBackward_8721D_ROM {Abs}
                            0xa6a9          --   Gb  <internal module>
RTmemcmpBackward_Ptr {Abs}
                          0x8'0734          --   Gb  <internal module>
RXFF0_BNDY {Abs}          0x8'09a8          --   Gb  <internal module>
RamStartTable             0x8'2000   0x20  Data  Gb  boot_ram_lp.o [2]
Rand {Abs}                  0x12f5          --   Gb  <internal module>
RandBytes_Get {Abs}         0x13a9          --   Gb  <internal module>
Rand_Arc4 {Abs}             0x1375          --   Gb  <internal module>
RateDownTrying_8721D_ROM {Abs}
                            0xc825          --   Gb  <internal module>
RateDown_search_RateMask_8721D_ROM {Abs}
                            0xc7cd          --   Gb  <internal module>
RateUp_search_RateMask_8721D_ROM {Abs}
                            0xc795          --   Gb  <internal module>
RateUp_search_RateMask_Ptr {Abs}
                          0x8'0890          --   Gb  <internal module>
ReadCAM_8721D_ROM {Abs}
                            0xa41d          --   Gb  <internal module>
ReadCAM_Ptr {Abs}         0x8'0740          --   Gb  <internal module>
ReadGTKData_8721D_ROM {Abs}
                            0xa7ed          --   Gb  <internal module>
ReadGTKData_Ptr {Abs}     0x8'073c          --   Gb  <internal module>
ReadPONReg_8721D_ROM {Abs}
                            0xd12d          --   Gb  <internal module>
ReadRxBuff_8721D_ROM {Abs}
                            0xbba1          --   Gb  <internal module>
ReadRxBuff_Ptr {Abs}      0x8'07ac          --   Gb  <internal module>
ResetBcnEarlyAdjustParm_8721D_ROM {Abs}
                            0xc4e1          --   Gb  <internal module>
ResetBcnEarlyAdjustParm_Ptr {Abs}
                          0x8'0788          --   Gb  <internal module>
ResetPSParm_8721D_ROM {Abs}
                            0xbe89          --   Gb  <internal module>
ResetPSParm_Ptr {Abs}     0x8'07e0          --   Gb  <internal module>
ResetTxrpt_8721D_ROM {Abs}
                            0xcfad          --   Gb  <internal module>
Reset_Handler {Abs}          0x101          --   Gb  <internal module>
SDM32K_Enable             0x8'23e7   0x50  Code  Gb  rtl8721dlp_clk.o [1]
SDM32K_Write              0x8'23d5   0x12  Code  Gb  rtl8721dlp_clk.o [1]
SPIC_CALIB_PATTERN {Abs}
                          0x2'0064          --   Gb  <internal module>
SYSCFG_AutoLoadDone {Abs}
                            0x50ad          --   Gb  <internal module>
SYSCFG_GetChipInfo {Abs}
                            0x5091          --   Gb  <internal module>
SYSCFG_ROMINFO_Get {Abs}
                            0x50e9          --   Gb  <internal module>
SYSCFG_ROMINFO_Set {Abs}
                            0x50f5          --   Gb  <internal module>
SYSCFG_TRP_ICFG {Abs}       0x50dd          --   Gb  <internal module>
SYSCFG_TRP_LDOMode {Abs}
                            0x50bd          --   Gb  <internal module>
SYSCFG_TRP_UARTImage {Abs}
                            0x50cd          --   Gb  <internal module>
SYSPLL_ON_SEQ             0x8'27fc   0xc0  Data  Gb  boot_flash_lp.o [2]
SYSTIMER_GetPassTime {Abs}
                            0x3899          --   Gb  <internal module>
SYSTIMER_Init {Abs}         0x3839          --   Gb  <internal module>
SYSTIMER_TickGet {Abs}      0x3885          --   Gb  <internal module>
ScanEn {Abs}              0x8'097c          --   Gb  <internal module>
SetBcnEarlyAndTimeout_8721D_ROM {Abs}
                            0xc3e9          --   Gb  <internal module>
SetBcnEarlyAndTimeout_Ptr {Abs}
                          0x8'0790          --   Gb  <internal module>
SetMediaStatus_8721D_ROM {Abs}
                            0x9169          --   Gb  <internal module>
SetPwrStateReg_8721D_ROM {Abs}
                            0xbe15          --   Gb  <internal module>
SetPwrStateReg_Ptr {Abs}
                          0x8'07e8          --   Gb  <internal module>
SetSmartPSTimer_8721D_ROM {Abs}
                            0xbdb9          --   Gb  <internal module>
SetSmartPSTimer_Ptr {Abs}
                          0x8'07ec          --   Gb  <internal module>
Set_arfr_8721D_ROM {Abs}
                            0xc58d          --   Gb  <internal module>
Set_arfr_Ptr {Abs}        0x8'0898          --   Gb  <internal module>
SmartPS2InitTimerAndToGetRxPkt_8721D_ROM {Abs}
                            0xc3a1          --   Gb  <internal module>
TaskBitMap {Abs}          0x8'09bc          --   Gb  <internal module>
TkipMicIpsec_8721D_PTR {Abs}
                          0x8'06d8          --   Gb  <internal module>
TkipMicIpsec_8721D_ROM {Abs}
                            0xacbd          --   Gb  <internal module>
UART_BaudParaGet {Abs}      0x408d          --   Gb  <internal module>
UART_BaudParaGetFull {Abs}
                            0x405b          --   Gb  <internal module>
UART_BreakCtl {Abs}         0x42d3          --   Gb  <internal module>
UART_CharGet {Abs}          0x4201          --   Gb  <internal module>
UART_CharPut {Abs}          0x41fd          --   Gb  <internal module>
UART_ClearRxFifo {Abs}      0x42e7          --   Gb  <internal module>
UART_ClearTxFifo {Abs}      0x43ad          --   Gb  <internal module>
UART_DeInit {Abs}           0x4039          --   Gb  <internal module>
UART_INTConfig {Abs}        0x43b7          --   Gb  <internal module>
UART_Init {Abs}             0x4307          --   Gb  <internal module>
UART_IntStatus {Abs}        0x43c9          --   Gb  <internal module>
UART_LineStatusGet {Abs}
                            0x43d1          --   Gb  <internal module>
UART_ModemStatusGet {Abs}
                            0x43cd          --   Gb  <internal module>
UART_Readable {Abs}         0x41f5          --   Gb  <internal module>
UART_ReceiveData {Abs}      0x4207          --   Gb  <internal module>
UART_ReceiveDataTO {Abs}
                            0x4251          --   Gb  <internal module>
UART_RxByteCntClear {Abs}
                            0x42c1          --   Gb  <internal module>
UART_RxByteCntGet {Abs}
                            0x42cd          --   Gb  <internal module>
UART_RxCmd {Abs}            0x41dd          --   Gb  <internal module>
UART_SendData {Abs}         0x422d          --   Gb  <internal module>
UART_SendDataTO {Abs}       0x4289          --   Gb  <internal module>
UART_SetBaud {Abs}          0x40b1          --   Gb  <internal module>
UART_SetBaudExt {Abs}       0x4141          --   Gb  <internal module>
UART_SetRxLevel {Abs}       0x41b5          --   Gb  <internal module>
UART_StructInit {Abs}       0x403f          --   Gb  <internal module>
UART_WaitBusy {Abs}         0x43d5          --   Gb  <internal module>
UART_Writable {Abs}         0x41ed          --   Gb  <internal module>
UpdateISRFT_8721D {Abs}
                            0xa9a5          --   Gb  <internal module>
UpdateISRWlan_8721D {Abs}
                            0xa8ed          --   Gb  <internal module>
UpdateIV_8721D_ROM {Abs}
                            0xd309          --   Gb  <internal module>
UpdateIV_Ptr {Abs}        0x8'0770          --   Gb  <internal module>
UserIrqDataTable {Abs}    0x8'0140          --   Gb  <internal module>
UserIrqFunTable {Abs}     0x8'00c0          --   Gb  <internal module>
WL2BTMailbox_8721D_ROM {Abs}
                            0x8b69          --   Gb  <internal module>
WL2BTMailbox_Ptr {Abs}    0x8'085c          --   Gb  <internal module>
WaitC2HOk_8721D_ROM {Abs}
                            0x8879          --   Gb  <internal module>
WaitDDMARDY {Abs}           0x91b5          --   Gb  <internal module>
WaitTxStateMachineOk_Ptr {Abs}
                          0x8'07c4          --   Gb  <internal module>
WakeUpHost_Ptr {Abs}      0x8'0774          --   Gb  <internal module>
WepIvCheck_8721D_ROM {Abs}
                            0xa7b1          --   Gb  <internal module>
WepIvCheck_Ptr {Abs}      0x8'072c          --   Gb  <internal module>
WepIvFun_8721D_ROM {Abs}
                            0xa581          --   Gb  <internal module>
WepIvFun_Ptr {Abs}        0x8'075c          --   Gb  <internal module>
WlanActCtrl_8721D_ROM {Abs}
                            0x7d9d          --   Gb  <internal module>
WlanActCtrl_Ptr {Abs}     0x8'0844          --   Gb  <internal module>
Write778_8721D_ROM {Abs}
                            0x79fd          --   Gb  <internal module>
Write778_Ptr {Abs}        0x8'0860          --   Gb  <internal module>
WriteCAM_8721D_ROM {Abs}
                            0xa3bd          --   Gb  <internal module>
WriteCAM_Ptr {Abs}        0x8'0744          --   Gb  <internal module>
WritePONReg_8721D_ROM {Abs}
                            0xd121          --   Gb  <internal module>
WriteTxPauseWithMask_Ptr {Abs}
                          0x8'07bc          --   Gb  <internal module>
WriteTxPause_Ptr {Abs}    0x8'07c0          --   Gb  <internal module>
XTAL_ClkGet {Abs}           0x49f9          --   Gb  <internal module>
_2char2dec {Abs}            0x63ed          --   Gb  <internal module>
_2char2hex {Abs}            0x645d          --   Gb  <internal module>
__hs_flash_text_start__ {Abs}
                        0xe00'0020          --   Gb  <internal module>
__image1_bss_end__        0x8'23d0    0x4  Data  Gb  boot_ram_lp.o [2]
__image1_bss_start__      0x8'23cc    0x4  Data  Gb  boot_ram_lp.o [2]
__image2_entry_func__     0x8'23c8    0x4  Data  Gb  boot_ram_lp.o [2]
__ls_flash_text_start__ {Abs}
                        0xc00'0020          --   Gb  <internal module>
__rom_bss_end__ {Abs}     0x8'09ce          --   Gb  <internal module>
__rom_bss_start__ {Abs}
                          0x8'0000          --   Gb  <internal module>
__strtok_r {Abs}            0x7705          --   Gb  <internal module>
__vectors_table {Abs}          0x0          --   Gb  <internal module>
_char2num {Abs}             0x63c1          --   Gb  <internal module>
_memchr {Abs}               0x64c5          --   Gb  <internal module>
_memcmp {Abs}               0x6545          --   Gb  <internal module>
_memcpy {Abs}               0x6591          --   Gb  <internal module>
_memmove {Abs}              0x6611          --   Gb  <internal module>
_memset {Abs}               0x66ad          --   Gb  <internal module>
_sscanf {Abs}               0x6c51          --   Gb  <internal module>
_stratoi {Abs}              0x6c69          --   Gb  <internal module>
_strcat {Abs}               0x6cc1          --   Gb  <internal module>
_strchr {Abs}               0x6d11          --   Gb  <internal module>
_strcmp {Abs}               0x6de9          --   Gb  <internal module>
_strcpy {Abs}               0x6e49          --   Gb  <internal module>
_stricmp {Abs}              0x6e91          --   Gb  <internal module>
_strlen {Abs}               0x6ec5          --   Gb  <internal module>
_strncat {Abs}              0x6f29          --   Gb  <internal module>
_strncmp {Abs}              0x6f8d          --   Gb  <internal module>
_strncpy {Abs}              0x7019          --   Gb  <internal module>
_strnlen {Abs}              0x7081          --   Gb  <internal module>
_strpbrk {Abs}              0x70a5          --   Gb  <internal module>
_strsep {Abs}               0x70d1          --   Gb  <internal module>
_strstr {Abs}               0x73cd          --   Gb  <internal module>
_strtok {Abs}               0x76f5          --   Gb  <internal module>
_strtok_r {Abs}             0x7761          --   Gb  <internal module>
_strtol {Abs}               0x7899          --   Gb  <internal module>
_strtol_r {Abs}             0x776d          --   Gb  <internal module>
_strtoll {Abs}              0x76d5          --   Gb  <internal module>
_strtoul {Abs}              0x79d9          --   Gb  <internal module>
_strtoul_r {Abs}            0x78a1          --   Gb  <internal module>
_strtoull {Abs}             0x75d5          --   Gb  <internal module>
_strupr {Abs}               0x79e1          --   Gb  <internal module>
_vsscanf {Abs}              0x67d1          --   Gb  <internal module>
aes_mul_2 {Abs}           0x2'03b8          --   Gb  <internal module>
aes_mul_3 {Abs}           0x2'04b8          --   Gb  <internal module>
aes_rcon {Abs}            0x2'028c          --   Gb  <internal module>
aes_sbox_enc {Abs}        0x2'02b8          --   Gb  <internal module>
check_rate_8721D_ROM {Abs}
                            0xc76d          --   Gb  <internal module>
check_rate_Ptr {Abs}      0x8'0894          --   Gb  <internal module>
clrftimr_8721D_ROM {Abs}
                            0xd25d          --   Gb  <internal module>
clrwlanimr2_8721D_ROM {Abs}
                            0xd225          --   Gb  <internal module>
clrwlanimr_8721D_ROM {Abs}
                            0xd1ed          --   Gb  <internal module>
cmd_dump_word {Abs}          0x91d          --   Gb  <internal module>
cmd_efuse {Abs}              0xf91          --   Gb  <internal module>
cmd_flash {Abs}              0x9f9          --   Gb  <internal module>
cmd_rom_table {Abs}         0x12e9          --   Gb  <internal module>
cmd_write_word {Abs}         0x8d9          --   Gb  <internal module>
flash_init_para {Abs}     0x8'01f8          --   Gb  <internal module>
getCheckSum_8721D_PTR {Abs}
                          0x8'071c          --   Gb  <internal module>
getCheckSum_8721D_ROM {Abs}
                            0xaa4d          --   Gb  <internal module>
getSumValue_8721D_PTR {Abs}
                          0x8'0720          --   Gb  <internal module>
getSumValue_8721D_ROM {Abs}
                            0xaa01          --   Gb  <internal module>
io_assert_failed {Abs}      0x13f1          --   Gb  <internal module>
irq_clear_pending {Abs}
                            0x567d          --   Gb  <internal module>
irq_disable {Abs}           0x5575          --   Gb  <internal module>
irq_enable {Abs}            0x5559          --   Gb  <internal module>
irq_get_pending {Abs}       0x5659          --   Gb  <internal module>
irq_get_priority {Abs}      0x55f9          --   Gb  <internal module>
irq_register {Abs}          0x5699          --   Gb  <internal module>
irq_set_pending {Abs}       0x563d          --   Gb  <internal module>
irq_set_priority {Abs}      0x5599          --   Gb  <internal module>
irq_table_init {Abs}        0x53f5          --   Gb  <internal module>
irq_unregister {Abs}        0x5711          --   Gb  <internal module>
mpu_disable {Abs}           0x3371          --   Gb  <internal module>
mpu_enable {Abs}            0x3359          --   Gb  <internal module>
mpu_entry_alloc {Abs}       0x34f9          --   Gb  <internal module>
mpu_entry_free {Abs}        0x34ed          --   Gb  <internal module>
mpu_entry_register {Abs}
                          0x8'0664          --   Gb  <internal module>
mpu_init {Abs}              0x3385          --   Gb  <internal module>
mpu_region_cfg {Abs}        0x3401          --   Gb  <internal module>
mpu_set_mem_attr {Abs}      0x33ad          --   Gb  <internal module>
pAOACGlobalInfo {Abs}     0x8'0908          --   Gb  <internal module>
pAOACInfo {Abs}           0x8'0930          --   Gb  <internal module>
pAOACPage1 {Abs}          0x8'0904          --   Gb  <internal module>
pAOACReport {Abs}         0x8'0918          --   Gb  <internal module>
pARFB_table {Abs}         0x8'08b4          --   Gb  <internal module>
pARPInfo {Abs}            0x8'092c          --   Gb  <internal module>
pBTTxStatus {Abs}         0x8'0970          --   Gb  <internal module>
pBT_Init_Info {Abs}       0x8'0960          --   Gb  <internal module>
pBT_Page_Scan_Interval {Abs}
                          0x8'0964          --   Gb  <internal module>
pBtParm {Abs}             0x8'096c          --   Gb  <internal module>
pBtTdmaParm {Abs}         0x8'0974          --   Gb  <internal module>
pC2HEvt {Abs}             0x8'09ac          --   Gb  <internal module>
pDEBUG {Abs}              0x8'08bc          --   Gb  <internal module>
pDataCtrlParm {Abs}       0x8'09a0          --   Gb  <internal module>
pH2CEvt {Abs}             0x8'09b0          --   Gb  <internal module>
pHwParm {Abs}             0x8'0990          --   Gb  <internal module>
pIntHdl {Abs}             0x8'09b8          --   Gb  <internal module>
pIpSec {Abs}              0x8'09a4          --   Gb  <internal module>
pIpv6PseudoHeaderInfo {Abs}
                          0x8'0920          --   Gb  <internal module>
pMediaStatus {Abs}        0x8'0978          --   Gb  <internal module>
pMichaelPktParm {Abs}     0x8'0994          --   Gb  <internal module>
pMsgKeyParm {Abs}         0x8'0998          --   Gb  <internal module>
pNDPInfo {Abs}            0x8'0924          --   Gb  <internal module>
pNetworkListInfo {Abs}    0x8'090c          --   Gb  <internal module>
pODM {Abs}                0x8'0900          --   Gb  <internal module>
pOpModeParm {Abs}         0x8'099c          --   Gb  <internal module>
pP2PPSInfo {Abs}          0x8'098c          --   Gb  <internal module>
pPSBTParm {Abs}           0x8'0980          --   Gb  <internal module>
pPSParm {Abs}             0x8'0988          --   Gb  <internal module>
pPSTParm {Abs}            0x8'0984          --   Gb  <internal module>
pRA {Abs}                 0x8'08b8          --   Gb  <internal module>
pRATE_UP_FAIL_WAITING {Abs}
                          0x8'08b0          --   Gb  <internal module>
pRPL {Abs}                0x8'09b4          --   Gb  <internal module>
pRWV2 {Abs}               0x8'0910          --   Gb  <internal module>
pSecurityInfo {Abs}       0x8'091c          --   Gb  <internal module>
pWIFI_Info {Abs}          0x8'0968          --   Gb  <internal module>
pstainfo_ra {Abs}         0x8'08c0          --   Gb  <internal module>
pteredo_info {Abs}        0x8'0914          --   Gb  <internal module>
rand_first {Abs}          0x8'01dc          --   Gb  <internal module>
rand_seed {Abs}           0x8'01e0          --   Gb  <internal module>
setftimr_8721D_ROM {Abs}
                            0xd241          --   Gb  <internal module>
setwlanimr2_8721D_ROM {Abs}
                            0xd209          --   Gb  <internal module>
setwlanimr_8721D_ROM {Abs}
                            0xd1d1          --   Gb  <internal module>
shell_argv_array {Abs}    0x8'0568          --   Gb  <internal module>
shell_array_init {Abs}      0x572d          --   Gb  <internal module>
shell_buf {Abs}           0x8'05d0          --   Gb  <internal module>
shell_cmd_chk {Abs}         0x5831          --   Gb  <internal module>
shell_ctl {Abs}           0x8'05a8          --   Gb  <internal module>
shell_get_argc {Abs}        0x573b          --   Gb  <internal module>
shell_get_argv {Abs}        0x5767          --   Gb  <internal module>
shell_init_rom {Abs}        0x59ad          --   Gb  <internal module>
shell_recv_all_data_onetime {Abs}
                          0x8'05cc          --   Gb  <internal module>
shell_rom {Abs}             0x5a45          --   Gb  <internal module>
shell_task_rom {Abs}        0x5a1d          --   Gb  <internal module>
shell_uart_irq_rom {Abs}
                            0x58f5          --   Gb  <internal module>
simulation_bit_index {Abs}
                            0x3801          --   Gb  <internal module>
simulation_stage_set {Abs}
                            0x3815          --   Gb  <internal module>
updateCheckSumVer2_Ptr {Abs}
                          0x8'076c          --   Gb  <internal module>
wpa_supplicant_decrypt_key_data_8721D_ROM {Abs}
                            0x9f71          --   Gb  <internal module>
wpa_supplicant_decrypt_key_data_Ptr {Abs}
                          0x8'0750          --   Gb  <internal module>
wpa_supplicant_process_1_of_2_8721D_ROM {Abs}
                            0x9f51          --   Gb  <internal module>
wpa_supplicant_process_1_of_2_Ptr {Abs}
                          0x8'0754          --   Gb  <internal module>
wpa_supplicant_send_2_of_2_8721D_ROM {Abs}
                            0xa131          --   Gb  <internal module>
wpa_supplicant_send_2_of_2_Ptr {Abs}
                          0x8'074c          --   Gb  <internal module>
write_cam_wow_8721D_ROM {Abs}
                            0xa481          --   Gb  <internal module>
write_cam_wow_Ptr {Abs}
                          0x8'0748          --   Gb  <internal module>
xmodem_ctrl {Abs}         0x8'0654          --   Gb  <internal module>
xmodem_img_download {Abs}
                            0x634d          --   Gb  <internal module>
xmodem_img_rxbuffer {Abs}
                            0x5ae9          --   Gb  <internal module>
xmodem_img_write {Abs}      0x6331          --   Gb  <internal module>
xmodem_uart_clean_rx {Abs}
                            0x62f1          --   Gb  <internal module>
xmodem_uart_deinit {Abs}
                            0x618d          --   Gb  <internal module>
xmodem_uart_getc {Abs}      0x6251          --   Gb  <internal module>
xmodem_uart_getc_to {Abs}
                            0x62a9          --   Gb  <internal module>
xmodem_uart_init {Abs}      0x60f5          --   Gb  <internal module>
xmodem_uart_port_deinit {Abs}
                            0x61d5          --   Gb  <internal module>
xmodem_uart_port_init {Abs}
                            0x61a1          --   Gb  <internal module>
xmodem_uart_putc {Abs}      0x6275          --   Gb  <internal module>
xmodem_uart_putdata {Abs}
                            0x628d          --   Gb  <internal module>
xmodem_uart_readable {Abs}
                            0x6221          --   Gb  <internal module>
xmodem_uart_writable {Abs}
                            0x6239          --   Gb  <internal module>
xmodem_uartx {Abs}        0x8'0660          --   Gb  <internal module>


[1] = D:\Projects\Technosoft\BradFord\Software\CEL\CMP4020\ambd_sdk\project\realtek_amebaD_va0_example\EWARM-RELEASE\Debug\Obj\km0_bootloader\cmsis_10847856019631765829.dir
[2] = lib_bootloader_lp.a

  2'832 bytes of readonly  code memory
    792 bytes of readonly  data memory
    406 bytes of readwrite data memory

Errors: none
Warnings: none
