###############################################################################
#
# IAR ELF Linker V9.60.2.399/W64 for ARM                  13/Oct/2024  20:16:59
# Copyright 2007-2024 IAR Systems AB.
#
#    Output file  =
#        D:\Projects\Technosoft\BradFord\Software\CEL\CMP4020\ambd_sdk\project\realtek_amebaD_va0_example\EWARM-RELEASE\Debug\Exe\km0_image\km0_application.axf
#    Map file     =
#        D:\Projects\Technosoft\BradFord\Software\CEL\CMP4020\ambd_sdk\project\realtek_amebaD_va0_example\EWARM-RELEASE\Debug\List\km0_application\km0_application.map
#    Command line =
#        -f
#        D:\Projects\Technosoft\BradFord\Software\CEL\CMP4020\ambd_sdk\project\realtek_amebaD_va0_example\EWARM-RELEASE\Debug\Exe\km0_image\km0_application.axf.rsp
#        (D:\Projects\Technosoft\BradFord\Software\CEL\CMP4020\ambd_sdk\project\realtek_amebaD_va0_example\EWARM-RELEASE\Debug\Obj\km0_application\source_1007705537326852447.dir\croutine.o
#        D:\Projects\Technosoft\BradFord\Software\CEL\CMP4020\ambd_sdk\project\realtek_amebaD_va0_example\EWARM-RELEASE\Debug\Obj\km0_application\source_1007705537326852447.dir\event_groups.o
#        D:\Projects\Technosoft\BradFord\Software\CEL\CMP4020\ambd_sdk\project\realtek_amebaD_va0_example\EWARM-RELEASE\Debug\Obj\km0_application\freertos_17785536858037321119.dir\freertos_backtrace_ext.o
#        D:\Projects\Technosoft\BradFord\Software\CEL\CMP4020\ambd_sdk\project\realtek_amebaD_va0_example\EWARM-RELEASE\Debug\Obj\km0_application\freertos_17785536858037321119.dir\freertos_heap5_config.o
#        D:\Projects\Technosoft\BradFord\Software\CEL\CMP4020\ambd_sdk\project\realtek_amebaD_va0_example\EWARM-RELEASE\Debug\Obj\km0_application\source_1007705537326852447.dir\heap_5.o
#        D:\Projects\Technosoft\BradFord\Software\CEL\CMP4020\ambd_sdk\component\soc\realtek\amebad\misc\bsp\lib\common\IAR\lib_pmc_lp.a
#        D:\Projects\Technosoft\BradFord\Software\CEL\CMP4020\ambd_sdk\component\soc\realtek\amebad\misc\bsp\lib\common\IAR\lib_wifi_fw.a
#        D:\Projects\Technosoft\BradFord\Software\CEL\CMP4020\ambd_sdk\project\realtek_amebaD_va0_example\EWARM-RELEASE\Debug\Obj\km0_application\source_1007705537326852447.dir\list.o
#        D:\Projects\Technosoft\BradFord\Software\CEL\CMP4020\ambd_sdk\project\realtek_amebaD_va0_example\EWARM-RELEASE\Debug\Obj\km0_application\user_8514941877209965082.dir\main.o
#        D:\Projects\Technosoft\BradFord\Software\CEL\CMP4020\ambd_sdk\project\realtek_amebaD_va0_example\EWARM-RELEASE\Debug\Obj\km0_application\console_11796518684936991154.dir\monitor_lp.o
#        D:\Projects\Technosoft\BradFord\Software\CEL\CMP4020\ambd_sdk\project\realtek_amebaD_va0_example\EWARM-RELEASE\Debug\Obj\km0_application\portable_14137284409524984125.dir\port.o
#        D:\Projects\Technosoft\BradFord\Software\CEL\CMP4020\ambd_sdk\project\realtek_amebaD_va0_example\EWARM-RELEASE\Debug\Obj\km0_application\portable_14137284409524984125.dir\portasm.o
#        D:\Projects\Technosoft\BradFord\Software\CEL\CMP4020\ambd_sdk\project\realtek_amebaD_va0_example\EWARM-RELEASE\Debug\Obj\km0_application\source_1007705537326852447.dir\queue.o
#        D:\Projects\Technosoft\BradFord\Software\CEL\CMP4020\ambd_sdk\project\realtek_amebaD_va0_example\EWARM-RELEASE\Debug\Obj\km0_application\fwlib_1055424036140486818.dir\rtl8721d_adc.o
#        D:\Projects\Technosoft\BradFord\Software\CEL\CMP4020\ambd_sdk\project\realtek_amebaD_va0_example\EWARM-RELEASE\Debug\Obj\km0_application\fwlib_1055424036140486818.dir\rtl8721d_bor.o
#        D:\Projects\Technosoft\BradFord\Software\CEL\CMP4020\ambd_sdk\project\realtek_amebaD_va0_example\EWARM-RELEASE\Debug\Obj\km0_application\fwlib_1055424036140486818.dir\rtl8721d_captouch.o
#        D:\Projects\Technosoft\BradFord\Software\CEL\CMP4020\ambd_sdk\project\realtek_amebaD_va0_example\EWARM-RELEASE\Debug\Obj\km0_application\fwlib_1055424036140486818.dir\rtl8721d_comparator.o
#        D:\Projects\Technosoft\BradFord\Software\CEL\CMP4020\ambd_sdk\project\realtek_amebaD_va0_example\EWARM-RELEASE\Debug\Obj\km0_application\fwlib_1055424036140486818.dir\rtl8721d_efuse.o
#        D:\Projects\Technosoft\BradFord\Software\CEL\CMP4020\ambd_sdk\project\realtek_amebaD_va0_example\EWARM-RELEASE\Debug\Obj\km0_application\fwlib_1055424036140486818.dir\rtl8721d_flash_ram.o
#        D:\Projects\Technosoft\BradFord\Software\CEL\CMP4020\ambd_sdk\project\realtek_amebaD_va0_example\EWARM-RELEASE\Debug\Obj\km0_application\fwlib_1055424036140486818.dir\rtl8721d_i2c.o
#        D:\Projects\Technosoft\BradFord\Software\CEL\CMP4020\ambd_sdk\project\realtek_amebaD_va0_example\EWARM-RELEASE\Debug\Obj\km0_application\fwlib_1055424036140486818.dir\rtl8721d_ipc_api.o
#        D:\Projects\Technosoft\BradFord\Software\CEL\CMP4020\ambd_sdk\project\realtek_amebaD_va0_example\EWARM-RELEASE\Debug\Obj\km0_application\fwlib_1055424036140486818.dir\rtl8721d_ipccfg.o
#        D:\Projects\Technosoft\BradFord\Software\CEL\CMP4020\ambd_sdk\project\realtek_amebaD_va0_example\EWARM-RELEASE\Debug\Obj\km0_application\fwlib_1055424036140486818.dir\rtl8721d_keyscan.o
#        D:\Projects\Technosoft\BradFord\Software\CEL\CMP4020\ambd_sdk\project\realtek_amebaD_va0_example\EWARM-RELEASE\Debug\Obj\km0_application\fwlib_1055424036140486818.dir\rtl8721d_pll.o
#        D:\Projects\Technosoft\BradFord\Software\CEL\CMP4020\ambd_sdk\project\realtek_amebaD_va0_example\EWARM-RELEASE\Debug\Obj\km0_application\fwlib_1055424036140486818.dir\rtl8721d_qdec.o
#        D:\Projects\Technosoft\BradFord\Software\CEL\CMP4020\ambd_sdk\project\realtek_amebaD_va0_example\EWARM-RELEASE\Debug\Obj\km0_application\fwlib_1055424036140486818.dir\rtl8721d_rtc.o
#        D:\Projects\Technosoft\BradFord\Software\CEL\CMP4020\ambd_sdk\project\realtek_amebaD_va0_example\EWARM-RELEASE\Debug\Obj\km0_application\fwlib_1055424036140486818.dir\rtl8721d_sgpio.o
#        D:\Projects\Technosoft\BradFord\Software\CEL\CMP4020\ambd_sdk\project\realtek_amebaD_va0_example\EWARM-RELEASE\Debug\Obj\km0_application\fwlib_1055424036140486818.dir\rtl8721d_tim.o
#        D:\Projects\Technosoft\BradFord\Software\CEL\CMP4020\ambd_sdk\project\realtek_amebaD_va0_example\EWARM-RELEASE\Debug\Obj\km0_application\fwlib_1055424036140486818.dir\rtl8721d_uart.o
#        D:\Projects\Technosoft\BradFord\Software\CEL\CMP4020\ambd_sdk\project\realtek_amebaD_va0_example\EWARM-RELEASE\Debug\Obj\km0_application\fwlib_1055424036140486818.dir\rtl8721d_wdg.o
#        D:\Projects\Technosoft\BradFord\Software\CEL\CMP4020\ambd_sdk\project\realtek_amebaD_va0_example\EWARM-RELEASE\Debug\Obj\km0_application\fwlib_1055424036140486818.dir\rtl8721d_wificfg.o
#        D:\Projects\Technosoft\BradFord\Software\CEL\CMP4020\ambd_sdk\project\realtek_amebaD_va0_example\EWARM-RELEASE\Debug\Obj\km0_application\fwlib_1055424036140486818.dir\rtl8721dlp_app_start.o
#        D:\Projects\Technosoft\BradFord\Software\CEL\CMP4020\ambd_sdk\project\realtek_amebaD_va0_example\EWARM-RELEASE\Debug\Obj\km0_application\fwlib_1055424036140486818.dir\rtl8721dlp_clk.o
#        D:\Projects\Technosoft\BradFord\Software\CEL\CMP4020\ambd_sdk\project\realtek_amebaD_va0_example\EWARM-RELEASE\Debug\Obj\km0_application\fwlib_1055424036140486818.dir\rtl8721dlp_cpft.o
#        D:\Projects\Technosoft\BradFord\Software\CEL\CMP4020\ambd_sdk\project\realtek_amebaD_va0_example\EWARM-RELEASE\Debug\Obj\km0_application\fwlib_1055424036140486818.dir\rtl8721dlp_flashcfg.o
#        D:\Projects\Technosoft\BradFord\Software\CEL\CMP4020\ambd_sdk\project\realtek_amebaD_va0_example\EWARM-RELEASE\Debug\Obj\km0_application\fwlib_1055424036140486818.dir\rtl8721dlp_flashclk.o
#        D:\Projects\Technosoft\BradFord\Software\CEL\CMP4020\ambd_sdk\project\realtek_amebaD_va0_example\EWARM-RELEASE\Debug\Obj\km0_application\fwlib_1055424036140486818.dir\rtl8721dlp_intfcfg.o
#        D:\Projects\Technosoft\BradFord\Software\CEL\CMP4020\ambd_sdk\project\realtek_amebaD_va0_example\EWARM-RELEASE\Debug\Obj\km0_application\fwlib_1055424036140486818.dir\rtl8721dlp_km4.o
#        D:\Projects\Technosoft\BradFord\Software\CEL\CMP4020\ambd_sdk\project\realtek_amebaD_va0_example\EWARM-RELEASE\Debug\Obj\km0_application\fwlib_1055424036140486818.dir\rtl8721dlp_pinmap.o
#        D:\Projects\Technosoft\BradFord\Software\CEL\CMP4020\ambd_sdk\project\realtek_amebaD_va0_example\EWARM-RELEASE\Debug\Obj\km0_application\fwlib_1055424036140486818.dir\rtl8721dlp_pinmapcfg.o
#        D:\Projects\Technosoft\BradFord\Software\CEL\CMP4020\ambd_sdk\project\realtek_amebaD_va0_example\EWARM-RELEASE\Debug\Obj\km0_application\fwlib_1055424036140486818.dir\rtl8721dlp_simulation.o
#        D:\Projects\Technosoft\BradFord\Software\CEL\CMP4020\ambd_sdk\project\realtek_amebaD_va0_example\EWARM-RELEASE\Debug\Obj\km0_application\fwlib_1055424036140486818.dir\rtl8721dlp_sleepcfg.o
#        D:\Projects\Technosoft\BradFord\Software\CEL\CMP4020\ambd_sdk\project\realtek_amebaD_va0_example\EWARM-RELEASE\Debug\Obj\km0_application\fwlib_1055424036140486818.dir\rtl8721dlp_startup.o
#        D:\Projects\Technosoft\BradFord\Software\CEL\CMP4020\ambd_sdk\project\realtek_amebaD_va0_example\EWARM-RELEASE\Debug\Obj\km0_application\fwlib_1055424036140486818.dir\rtl8721dlp_system.o
#        D:\Projects\Technosoft\BradFord\Software\CEL\CMP4020\ambd_sdk\project\realtek_amebaD_va0_example\EWARM-RELEASE\Debug\Obj\km0_application\console_11796518684936991154.dir\rtl_trace.o
#        D:\Projects\Technosoft\BradFord\Software\CEL\CMP4020\ambd_sdk\project\realtek_amebaD_va0_example\EWARM-RELEASE\Debug\Obj\km0_application\console_11796518684936991154.dir\shell_ram.o
#        D:\Projects\Technosoft\BradFord\Software\CEL\CMP4020\ambd_sdk\project\realtek_amebaD_va0_example\EWARM-RELEASE\Debug\Obj\km0_application\source_1007705537326852447.dir\stream_buffer.o
#        D:\Projects\Technosoft\BradFord\Software\CEL\CMP4020\ambd_sdk\project\realtek_amebaD_va0_example\EWARM-RELEASE\Debug\Obj\km0_application\source_1007705537326852447.dir\tasks.o
#        D:\Projects\Technosoft\BradFord\Software\CEL\CMP4020\ambd_sdk\project\realtek_amebaD_va0_example\EWARM-RELEASE\Debug\Obj\km0_application\source_1007705537326852447.dir\timers.o
#        D:\Projects\Technosoft\BradFord\Software\CEL\CMP4020\ambd_sdk\project\realtek_amebaD_va0_example\EWARM-RELEASE\Debug\Obj\km0_application\app_1052054763364153231.dir\touch_key.o
#        --redirect _Printf=_PrintfFullNoMb --redirect _Scanf=_ScanfFullNoMb
#        --no_out_extension -o
#        D:\Projects\Technosoft\BradFord\Software\CEL\CMP4020\ambd_sdk\project\realtek_amebaD_va0_example\EWARM-RELEASE\Debug\Exe\km0_image\km0_application.axf
#        --map
#        D:\Projects\Technosoft\BradFord\Software\CEL\CMP4020\ambd_sdk\project\realtek_amebaD_va0_example\EWARM-RELEASE\Debug\List\km0_application\km0_application.map
#        --config
#        D:\Projects\Technosoft\BradFord\Software\CEL\CMP4020\ambd_sdk\project\realtek_amebaD_va0_example\EWARM-RELEASE\rtl8721dlp_image2.icf
#        --diag_suppress Lp006 --no_entry --vfe --text_out locale
#        --cpu=Cortex-M23.no_se --fpu=None) --dependencies=n
#        D:\Projects\Technosoft\BradFord\Software\CEL\CMP4020\ambd_sdk\project\realtek_amebaD_va0_example\EWARM-RELEASE\Debug\Exe\km0_image\km0_application.axf.iar_deps
#
###############################################################################

*******************************************************************************
*** RUNTIME MODEL ATTRIBUTES
***

__CPP_Runtime   = 1
__SystemLibrary = DLib
__dlib_version  = 6


*******************************************************************************
*** HEAP SELECTION
***

The basic heap was selected because --advanced_heap
was not specified and the application did not appear to
be primarily optimized for speed.


*******************************************************************************
*** PLACEMENT SUMMARY
***

define block .ram_image2.entry
   with fixed order {
      section .image2.entry.data*, section .image2.validate.rodata* };
define block .ram_image2.text with fixed order { section .image2.ram.text* };
define block SHT$$PREINIT_ARRAY { preinit_array };
define block SHT$$INIT_ARRAY { init_array };
define block CPP_INIT
   with fixed order { block SHT$$PREINIT_ARRAY, block SHT$$INIT_ARRAY };
define block .ram_image2.data
   with fixed order {
      section .data*, section DATA, section .iar.init_table,
      section __DLIB_PERTHREAD, block CPP_INIT };
define block IMAGE2
   with fixed order {
      block .ram_image2.entry, block .ram_image2.text, block .ram_image2.data };
"A3":  place at start of [from 0x8'3000 to 0x8'efff] { rw, block IMAGE2 };
define block .ram_image2.bss
   with fixed order { section .bss*, section .FW.ram.bss*, section COMMON };
define block .ram_image2.nocache.data
   with alignment = 32 { section .bdsram.data* };
define block .ram_heap.data
   with fixed order { section .bfsram.data*, section .heap.stdlib* };
"P1":  place in [from 0x8'3000 to 0x8'efff] {
          zi, block .ram_image2.bss, block .ram_image2.nocache.data,
          block .ram_heap.data, section .heap* };
define block .xip_image2.text
   with fixed order {
      section .img2_custom_signature*, section .text*, section .rodata*,
      section .cmd.table.data*, section .debug_trace, section CODE,
      section Veneer };
"A4":  place at start of [from 0xc00'0020 to 0xdff'ffff] {
          ro, block .xip_image2.text };
do not initialize { rw };
keep { section .image2.entry.data* };
keep { section .image2.validate.rodata* };
keep { section .cmd.table.data* };

No sections matched the following patterns:

  init_array                       in block SHT$$INIT_ARRAY
  preinit_array                    in block SHT$$PREINIT_ARRAY
  section .bdsram.data*            in block .ram_image2.nocache.data
  section .debug_trace             in block .xip_image2.text
  section .hal.rom.bss             in "A2"
  section .heap*                   in "P1"
  section .heap.stdlib*            in block .ram_heap.data
  section .iar.init_table          in block .ram_image2.data
  section .img2_custom_signature*  in block .xip_image2.text
  section .rom.rodata              in "A1"
  section .rom.text                in "A0"
  section COMMON                   in block .ram_image2.bss
  section DATA                     in block .ram_image2.data
  section Veneer                   in block .xip_image2.text
  section __DLIB_PERTHREAD         in block .ram_image2.data


  Section                 Kind        Address  Alignment      Size  Object
  -------                 ----        -------  ---------      ----  ------
"A3":                                                       0x1770
  IMAGE2                             0x8'3000               0x1770  <Block>
    .ram_image2.entry                0x8'3000                 0x20  <Block>
      .image2.entry.data  rw data    0x8'3000          4       0xc  rtl8721dlp_app_start.o [4]
      .image2.validate.rodata
                          const      0x8'300c          4      0x14  rtl8721dlp_app_start.o [4]
    .ram_image2.text                 0x8'3020                0xd74  <Block>
      Veneer              ro code    0x8'3020          4      0x10  - Linker created -
      Veneer              ro code    0x8'3030          4      0x10  - Linker created -
      Veneer              ro code    0x8'3040          4      0x10  - Linker created -
      Veneer              ro code    0x8'3050          4      0x10  - Linker created -
      .image2.ram.text    ro code    0x8'3060          4     0x1b8  rtl8721d_flash_ram.o [4]
      .image2.ram.text    ro code    0x8'3218          4     0x2f8  rtl8721dlp_flashclk.o [4]
      Veneer              ro code    0x8'3510          4      0x10  - Linker created -
      Veneer              ro code    0x8'3520          4      0x10  - Linker created -
      Veneer              ro code    0x8'3530          4      0x10  - Linker created -
      Veneer              ro code    0x8'3540          4      0x10  - Linker created -
      .image2.ram.text    ro code    0x8'3550          4     0x428  rtl8721dlp_pmc.o [9]
      Veneer              ro code    0x8'3978          4      0x10  - Linker created -
      Veneer              ro code    0x8'3988          4      0x10  - Linker created -
      Veneer              ro code    0x8'3998          4      0x10  - Linker created -
      Veneer              ro code    0x8'39a8          4      0x10  - Linker created -
      Veneer              ro code    0x8'39b8          4      0x10  - Linker created -
      Veneer              ro code    0x8'39c8          4      0x10  - Linker created -
      .image2.ram.text    ro code    0x8'39d8          4     0x3a8  rtl8721dlp_pmc_ram.o [9]
      Veneer              ro code    0x8'3d80          4      0x10  - Linker created -
      .image2.ram.text    ro code    0x8'3d90          2       0x4  rtl8721dlp_app_start.o [4]
    .ram_image2.data                 0x8'3d94                0x9dc  <Block>
      .data               rw data    0x8'3d94          4      0x18  freertos_heap5_config.o [3]
      .data               rw data    0x8'3dac          4       0x4  port.o [5]
      .data               rw data    0x8'3db0          4      0x10  rtl8721d_wificfg.o [4]
      .data               rw data    0x8'3dc0          4       0x8  rtl8721dlp_app_start.o [4]
      .data               rw data    0x8'3dc8          4      0x1c  rtl8721dlp_flashclk.o [4]
      .data               rw data    0x8'3de4          4      0x10  rtl8721dlp_km4.o [4]
      .data               rw data    0x8'3df4          4      0xc0  rtl8721dlp_km4.o [4]
      .data               rw data    0x8'3eb4          4      0x50  rtl8721dlp_km4.o [4]
      .data               rw data    0x8'3f04          4     0x110  rtl8721dlp_km4.o [4]
      .data               rw data    0x8'4014          4      0x60  rtl8721dlp_km4.o [4]
      .data               rw data    0x8'4074          4      0x60  rtl8721dlp_km4.o [4]
      .data               rw data    0x8'40d4          4      0x70  rtl8721dlp_km4.o [4]
      .data               rw data    0x8'4144          4      0xc0  rtl8721dlp_km4.o [4]
      .data               rw data    0x8'4204          4      0x68  rtl8721dlp_sleepcfg.o [4]
      .data               rw data    0x8'426c          4      0x40  rtl8721dlp_sleepcfg.o [4]
      .data               rw data    0x8'42ac          4      0xf0  rtl8721dlp_sleepcfg.o [4]
      .data               rw data    0x8'439c          4      0x38  rtl8721dlp_sleepcfg.o [4]
      .data               rw data    0x8'43d4          4       0xc  rtl8721dlp_sleepcfg.o [4]
      .data               rw data    0x8'43e0          4      0x3c  rtl8721dlp_sleepcfg.o [4]
      .data               rw data    0x8'441c          4      0x38  rtl8721dlp_sleepcfg.o [4]
      .data               rw data    0x8'4454          4       0x4  rtl8721dlp_system.o [4]
      .data               rw data    0x8'4458          4       0x8  shell_ram.o [2]
      .data               rw data    0x8'4460          4      0x18  rtl8721d_freertos_pmu.o [9]
      .data               rw data    0x8'4478          4       0x4  rtl8721d_freertos_pmu.o [9]
      .data               rw data    0x8'447c          4       0x8  rtl8721d_freertos_pmu.o [9]
      .data               rw data    0x8'4484          4      0x10  RTL8721D_Init_RAM.o [10]
      .data               rw data    0x8'4494          4      0x58  rtl8721dlp_sleepcfg_lib.o [9]
      .data               rw data    0x8'44ec          4      0xd0  rtl8721dlp_sleepcfg_lib.o [9]
      .data               rw data    0x8'45bc          4      0x78  rtl8721dlp_sleepcfg_lib.o [9]
      .data               rw data    0x8'4634          4      0x20  rtl8721dlp_sleepcfg_lib.o [9]
      .data               rw data    0x8'4654          4      0x64  RTL8721D_RateAdaptive_RAM.o [10]
      .data               rw data    0x8'46b8          4      0x64  RTL8721D_RateAdaptive_RAM.o [10]
      .data               rw data    0x8'471c          4      0x14  RTL8721D_RateAdaptive_RAM.o [10]
      .data               rw data    0x8'4730          4      0x40  RTL8721D_Normal_Dbg.o [10]
                                   - 0x8'4770               0x1770

"P1":                                                       0x66c4
  .ram_heap.data                     0x8'4770               0x5000  <Block>
    .bfsram.data          uninit     0x8'4770          4    0x5000  freertos_heap5_config.o [3]
  .ram_image2.bss                    0x8'9770               0x16c4  <Block>
    .bss                  uninit     0x8'9770          4      0x18  heap_5.o [6]
    .bss                  uninit     0x8'9788          4       0x8  rtl8721d_flash_ram.o [4]
    .bss                  uninit     0x8'9790          4      0x80  rtl8721d_ipc_api.o [4]
    .bss                  uninit     0x8'9810          4       0x4  rtl8721dlp_app_start.o [4]
    .bss                  uninit     0x8'9814          4       0x8  rtl8721dlp_flashclk.o [4]
    .bss                  uninit     0x8'981c          4       0x4  shell_ram.o [2]
    .bss                  uninit     0x8'9820          4      0xa0  tasks.o [6]
    .bss                  uninit     0x8'98c0          4      0xdc  tasks.o [6]
    .bss                  uninit     0x8'999c          4      0x3c  timers.o [6]
    .bss                  uninit     0x8'99d8          4     0x114  rtl8721dlp_pmc.o [9]
    .bss                  uninit     0x8'9aec          4      0x14  rtl8721dlp_pmc.o [9]
    .bss                  uninit     0x8'9b00          4      0x10  rtl8721dlp_pmc.o [9]
    .bss                  uninit     0x8'9b10          4       0x4  rtl8721dlp_pmc_ram.o [9]
    .bss                  uninit     0x8'9b14          4       0x4  rtl8721d_freertos_pmu.o [9]
    .bss                  uninit     0x8'9b18          4     0x26c  rtl8721d_freertos_pmu.o [9]
    .bss                  uninit     0x8'9d84          4       0x4  RTL8721D_Init_RAM.o [10]
    .bss                  uninit     0x8'9d88          4      0x80  RTL8721D_SWTimer_RAM.o [10]
    .bss                  uninit     0x8'9e08          4     0x25c  RTL8721D_Normal_Dbg.o [10]
    .bss                  uninit     0x8'a064          4       0x4  RTL8721D_Normal_Dbg.o [10]
    .bss                  uninit     0x8'a068          4      0x20  RTL8721D_D0_Scan_Offlad_RAM.o [10]
    .bss                  uninit     0x8'a088          4      0x64  RTL8721D_D0_Scan_Offlad_RAM.o [10]
    .bss                  uninit     0x8'a0ec                  0x1  RTL8721D_WoWLAN_RAM.o [10]
    .bss                  uninit     0x8'a0ed                  0x1  RTL8721D_PowerSave_RAM.o [10]
    .bss                  uninit     0x8'a0ee                  0x1  RTL8721D_D0_Scan_Offlad_RAM.o [10]
    .bss                  uninit     0x8'a0ef                  0x1  RTL8721D_D0_Scan_Offlad_RAM.o [10]
    .FW.ram.bss           uninit     0x8'a0f0          4     0xd28  RTL8721D_Init_RAM.o [10]
    .FW.ram.bss           uninit     0x8'ae18          4      0x1c  RTL8721D_Init_RAM.o [10]
                                   - 0x8'ae34               0x66c4

"A4":                                                     0x1'195c
  .xip_image2.text                 0xc00'0020             0x1'195c  <Block>
    .text                 ro code  0xc00'0020          4       0xc  freertos_heap5_config.o [3]
    .text                 ro code  0xc00'002c          4     0x178  heap_5.o [6]
    .text                 ro code  0xc00'01a4          4     0x6ec  tasks.o [6]
    .text                 ro code  0xc00'0890          4      0x10  ABImemset_small.o [12]
    .text                 ro code  0xc00'08a0          2      0x96  list.o [6]
    Veneer                ro code  0xc00'0938          4      0x10  - Linker created -
    Veneer                ro code  0xc00'0948          4      0x10  - Linker created -
    .text                 ro code  0xc00'0958          4     0x104  port.o [5]
    .text                 ro code  0xc00'0a5c          4     0x338  timers.o [6]
    Veneer                ro code  0xc00'0d94          4      0x10  - Linker created -
    Veneer                ro code  0xc00'0da4          4      0x10  - Linker created -
    Veneer                ro code  0xc00'0db4          4      0x10  - Linker created -
    Veneer                ro code  0xc00'0dc4          4      0x10  - Linker created -
    Veneer                ro code  0xc00'0dd4          4      0x10  - Linker created -
    Veneer                ro code  0xc00'0de4          4      0x10  - Linker created -
    Veneer                ro code  0xc00'0df4          4      0x10  - Linker created -
    .text                 ro code  0xc00'0e04          4     0x2e4  rtl8721d_freertos_pmu.o [9]
    .text                 ro code  0xc00'10e8          4     0x5cc  queue.o [6]
    Veneer                ro code  0xc00'16b4          4      0x10  - Linker created -
    Veneer                ro code  0xc00'16c4          4      0x10  - Linker created -
    Veneer                ro code  0xc00'16d4          4      0x10  - Linker created -
    Veneer                ro code  0xc00'16e4          4      0x10  - Linker created -
    Veneer                ro code  0xc00'16f4          4      0x10  - Linker created -
    Veneer                ro code  0xc00'1704          4      0x10  - Linker created -
    Veneer                ro code  0xc00'1714          4      0x10  - Linker created -
    Veneer                ro code  0xc00'1724          4      0x10  - Linker created -
    Veneer                ro code  0xc00'1734          4      0x10  - Linker created -
    Veneer                ro code  0xc00'1744          4      0x10  - Linker created -
    Veneer                ro code  0xc00'1754          4      0x10  - Linker created -
    Veneer                ro code  0xc00'1764          4      0x10  - Linker created -
    Veneer                ro code  0xc00'1774          4      0x10  - Linker created -
    Veneer                ro code  0xc00'1784          4      0x10  - Linker created -
    Veneer                ro code  0xc00'1794          4      0x10  - Linker created -
    Veneer                ro code  0xc00'17a4          4      0x10  - Linker created -
    Veneer                ro code  0xc00'17b4          4      0x10  - Linker created -
    .text                 ro code  0xc00'17c4          4     0x588  rtl8721dlp_pmc.o [9]
    Veneer                ro code  0xc00'1d4c          4      0x10  - Linker created -
    Veneer                ro code  0xc00'1d5c          4      0x10  - Linker created -
    Veneer                ro code  0xc00'1d6c          4      0x10  - Linker created -
    Veneer                ro code  0xc00'1d7c          4      0x10  - Linker created -
    Veneer                ro code  0xc00'1d8c          4      0x10  - Linker created -
    Veneer                ro code  0xc00'1d9c          4      0x10  - Linker created -
    Veneer                ro code  0xc00'1dac          4      0x10  - Linker created -
    Veneer                ro code  0xc00'1dbc          4      0x10  - Linker created -
    .text                 ro code  0xc00'1dcc          4     0x410  rtl8721dlp_km4.o [4]
    .text                 ro code  0xc00'21dc          4      0x4e  ABImemcpy.o [12]
    .text                 ro code  0xc00'222c          4      0x1c  rtl8721dlp_pmc_ram.o [9]
    Veneer                ro code  0xc00'2248          4      0x10  - Linker created -
    .text                 ro code  0xc00'2258          4     0x120  rtl8721dlp_pinmap.o [4]
    Veneer                ro code  0xc00'2378          4      0x10  - Linker created -
    Veneer                ro code  0xc00'2388          4      0x10  - Linker created -
    Veneer                ro code  0xc00'2398          4      0x10  - Linker created -
    Veneer                ro code  0xc00'23a8          4      0x10  - Linker created -
    .text                 ro code  0xc00'23b8          4     0x124  rtl8721d_ipc_api.o [4]
    .text                 ro code  0xc00'24dc          4      0x38  rtl8721d_keyscan.o [4]
    .text                 ro code  0xc00'2514          4     0x57c  rtl8721d_captouch.o [4]
    Veneer                ro code  0xc00'2a90          4      0x10  - Linker created -
    Veneer                ro code  0xc00'2aa0          4      0x10  - Linker created -
    Veneer                ro code  0xc00'2ab0          4      0x10  - Linker created -
    Veneer                ro code  0xc00'2ac0          4      0x10  - Linker created -
    Veneer                ro code  0xc00'2ad0          4      0x10  - Linker created -
    Veneer                ro code  0xc00'2ae0          4      0x10  - Linker created -
    Veneer                ro code  0xc00'2af0          4      0x10  - Linker created -
    Veneer                ro code  0xc00'2b00          4      0x10  - Linker created -
    Veneer                ro code  0xc00'2b10          4      0x10  - Linker created -
    .text                 ro code  0xc00'2b20          4     0x310  rtl8721dlp_flashclk.o [4]
    .text                 ro code  0xc00'2e30          2      0x1c  freertos_backtrace_ext.o [3]
    Veneer                ro code  0xc00'2e4c          4      0x10  - Linker created -
    Veneer                ro code  0xc00'2e5c          4      0x10  - Linker created -
    Veneer                ro code  0xc00'2e6c          4      0x10  - Linker created -
    Veneer                ro code  0xc00'2e7c          4      0x10  - Linker created -
    Veneer                ro code  0xc00'2e8c          4      0x10  - Linker created -
    .text                 ro code  0xc00'2e9c          4     0x308  main.o [7]
    .text                 ro code  0xc00'31a4          4      0xf8  rtl8721d_uart.o [4]
    .text                 ro code  0xc00'329c          4     0x5f8  rtl8721d_rtc.o [4]
    Veneer                ro code  0xc00'3894          4      0x10  - Linker created -
    Veneer                ro code  0xc00'38a4          4      0x10  - Linker created -
    Veneer                ro code  0xc00'38b4          4      0x10  - Linker created -
    Veneer                ro code  0xc00'38c4          4      0x10  - Linker created -
    Veneer                ro code  0xc00'38d4          4      0x10  - Linker created -
    .text                 ro code  0xc00'38e4          4     0x204  shell_ram.o [2]
    Veneer                ro code  0xc00'3ae8          4      0x10  - Linker created -
    Veneer                ro code  0xc00'3af8          4      0x10  - Linker created -
    Veneer                ro code  0xc00'3b08          4      0x10  - Linker created -
    Veneer                ro code  0xc00'3b18          4      0x10  - Linker created -
    .text                 ro code  0xc00'3b28          4    0x168c  RTL8721D_Init_RAM.o [10]
    .text                 ro code  0xc00'51b4          4      0x28  RTL8721D_RegConfig_RAM.o [10]
    Veneer                ro code  0xc00'51dc          4      0x10  - Linker created -
    .text                 ro code  0xc00'51ec          2       0x8  RTL8721D_MLME_RAM.o [10]
    Veneer                ro code  0xc00'51f4          4      0x10  - Linker created -
    Veneer                ro code  0xc00'5204          4      0x10  - Linker created -
    Veneer                ro code  0xc00'5214          4      0x10  - Linker created -
    Veneer                ro code  0xc00'5224          4      0x10  - Linker created -
    Veneer                ro code  0xc00'5234          4      0x10  - Linker created -
    Veneer                ro code  0xc00'5244          4      0x10  - Linker created -
    Veneer                ro code  0xc00'5254          4      0x10  - Linker created -
    Veneer                ro code  0xc00'5264          4      0x10  - Linker created -
    Veneer                ro code  0xc00'5274          4      0x10  - Linker created -
    Veneer                ro code  0xc00'5284          4      0x10  - Linker created -
    Veneer                ro code  0xc00'5294          4      0x10  - Linker created -
    Veneer                ro code  0xc00'52a4          4      0x10  - Linker created -
    Veneer                ro code  0xc00'52b4          4      0x10  - Linker created -
    Veneer                ro code  0xc00'52c4          4      0x10  - Linker created -
    Veneer                ro code  0xc00'52d4          4      0x10  - Linker created -
    Veneer                ro code  0xc00'52e4          4      0x10  - Linker created -
    Veneer                ro code  0xc00'52f4          4      0x10  - Linker created -
    Veneer                ro code  0xc00'5304          4      0x10  - Linker created -
    Veneer                ro code  0xc00'5314          4      0x10  - Linker created -
    Veneer                ro code  0xc00'5324          4      0x10  - Linker created -
    Veneer                ro code  0xc00'5334          4      0x10  - Linker created -
    Veneer                ro code  0xc00'5344          4      0x10  - Linker created -
    Veneer                ro code  0xc00'5354          4      0x10  - Linker created -
    .text                 ro code  0xc00'5364          4     0xefc  RTL8721D_Cmd_RAM.o [10]
    Veneer                ro code  0xc00'6260          4      0x10  - Linker created -
    Veneer                ro code  0xc00'6270          4      0x10  - Linker created -
    Veneer                ro code  0xc00'6280          4      0x10  - Linker created -
    Veneer                ro code  0xc00'6290          4      0x10  - Linker created -
    Veneer                ro code  0xc00'62a0          4      0x10  - Linker created -
    Veneer                ro code  0xc00'62b0          4      0x10  - Linker created -
    .text                 ro code  0xc00'62c0          4     0xf14  RTL8721D_RateAdaptive_RAM.o [10]
    Veneer                ro code  0xc00'71d4          4      0x10  - Linker created -
    Veneer                ro code  0xc00'71e4          4      0x10  - Linker created -
    .text                 ro code  0xc00'71f4          4     0x3d0  RTL8721D_P2PPS_RAM.o [10]
    Veneer                ro code  0xc00'75c4          4      0x10  - Linker created -
    Veneer                ro code  0xc00'75d4          4      0x10  - Linker created -
    Veneer                ro code  0xc00'75e4          4      0x10  - Linker created -
    Veneer                ro code  0xc00'75f4          4      0x10  - Linker created -
    Veneer                ro code  0xc00'7604          4      0x10  - Linker created -
    Veneer                ro code  0xc00'7614          4      0x10  - Linker created -
    Veneer                ro code  0xc00'7624          4      0x10  - Linker created -
    Veneer                ro code  0xc00'7634          4      0x10  - Linker created -
    Veneer                ro code  0xc00'7644          4      0x10  - Linker created -
    .text                 ro code  0xc00'7654          4    0x1410  RTL8721D_PowerSave_RAM.o [10]
    Veneer                ro code  0xc00'8a64          4      0x10  - Linker created -
    .text                 ro code  0xc00'8a74          4    0x1ae8  RTL8721D_WoWLAN_RAM.o [10]
    .text                 ro code  0xc00'a55c          4      0xb0  RTL8721D_SWTimer_RAM.o [10]
    Veneer                ro code  0xc00'a60c          4      0x10  - Linker created -
    .text                 ro code  0xc00'a61c          4     0x804  RTL8721D_Normal_Dbg.o [10]
    .text                 ro code  0xc00'ae20          4     0x164  RTL8721D_debug_RAM.o [10]
    Veneer                ro code  0xc00'af84          4      0x10  - Linker created -
    .text                 ro code  0xc00'af94          4     0x280  RTL8721D_PhyCfg_RAM.o [10]
    Veneer                ro code  0xc00'b214          4      0x10  - Linker created -
    Veneer                ro code  0xc00'b224          4      0x10  - Linker created -
    .text                 ro code  0xc00'b234          4     0x940  RTL8721D_D0_Scan_Offlad_RAM.o [10]
    Veneer                ro code  0xc00'bb74          4      0x10  - Linker created -
    Veneer                ro code  0xc00'bb84          4      0x10  - Linker created -
    Veneer                ro code  0xc00'bb94          4      0x10  - Linker created -
    .text                 ro code  0xc00'bba4          4     0xb5c  RTL8721D_PowerCtrl_RAM.o [10]
    .text                 ro code  0xc00'c700          4     0x584  RTL8721D_RealWoW_V2_RAM.o [10]
    .text                 ro code  0xc00'cc84          4      0xd8  RTL8721D_Serial_IO_Test.o [10]
    .text                 ro code  0xc00'cd5c          4      0x44  RTL8721D_TxReport_RAM.o [10]
    Veneer                ro code  0xc00'cda0          4      0x10  - Linker created -
    Veneer                ro code  0xc00'cdb0          4      0x10  - Linker created -
    Veneer                ro code  0xc00'cdc0          4      0x10  - Linker created -
    Veneer                ro code  0xc00'cdd0          4      0x10  - Linker created -
    Veneer                ro code  0xc00'cde0          4      0x10  - Linker created -
    Veneer                ro code  0xc00'cdf0          4      0x10  - Linker created -
    Veneer                ro code  0xc00'ce00          4      0x10  - Linker created -
    Veneer                ro code  0xc00'ce10          4      0x10  - Linker created -
    Veneer                ro code  0xc00'ce20          4      0x10  - Linker created -
    Veneer                ro code  0xc00'ce30          4      0x10  - Linker created -
    .text                 ro code  0xc00'ce40          4     0x8f0  monitor_lp.o [2]
    .text                 ro code  0xc00'd730          4      0xa8  rtl8721d_wdg.o [4]
    .text                 ro code  0xc00'd7d8          4     0x278  rtl8721d_adc.o [4]
    Veneer                ro code  0xc00'da50          4      0x10  - Linker created -
    Veneer                ro code  0xc00'da60          4      0x10  - Linker created -
    Veneer                ro code  0xc00'da70          4      0x10  - Linker created -
    Veneer                ro code  0xc00'da80          4      0x10  - Linker created -
    Veneer                ro code  0xc00'da90          4      0x10  - Linker created -
    Veneer                ro code  0xc00'daa0          4      0x10  - Linker created -
    .text                 ro code  0xc00'dab0          4     0x4c4  rtl8721dlp_app_start.o [4]
    Veneer                ro code  0xc00'df74          4      0x10  - Linker created -
    .text                 ro code  0xc00'df84          4      0x1c  rtl8721dlp_system.o [4]
    .text                 ro code  0xc00'dfa0          4     0x3b0  rtl8721dlp_clk.o [4]
    .text                 ro code  0xc00'e350          4      0x60  rtl8721dlp_flashcfg.o [4]
    .text                 ro code  0xc00'e3b0          4     0x994  RTL8721D_BTConCurr_RAM.o [10]
    .text                 ro code  0xc00'ed44          4     0x220  RTL8721D_Packet_RAM.o [10]
    Veneer                ro code  0xc00'ef64          4      0x10  - Linker created -
    Veneer                ro code  0xc00'ef74          4      0x10  - Linker created -
    .text                 ro code  0xc00'ef84          4     0xb20  RTL8721D_INT_RAM.o [10]
    .rodata               const    0xc00'faa4          4      0x24  monitor_lp.o [2]
    .rodata               const    0xc00'fac8          4       0x4  monitor_lp.o [2]
    .rodata               const    0xc00'facc          4      0x84  monitor_lp.o [2]
    .rodata               const    0xc00'fb50          4       0x4  monitor_lp.o [2]
    .rodata               const    0xc00'fb54          4      0x90  monitor_lp.o [2]
    .rodata               const    0xc00'fbe4          4       0x8  monitor_lp.o [2]
    .rodata               const    0xc00'fbec          4      0x6c  monitor_lp.o [2]
    .rodata               const    0xc00'fc58          4       0x8  monitor_lp.o [2]
    .rodata               const    0xc00'fc60          4      0x28  monitor_lp.o [2]
    .rodata               const    0xc00'fc88          4       0x8  monitor_lp.o [2]
    .rodata               const    0xc00'fc90          4      0x2c  monitor_lp.o [2]
    .rodata               const    0xc00'fcbc          4       0x8  monitor_lp.o [2]
    .rodata               const    0xc00'fcc4          4      0x40  monitor_lp.o [2]
    .rodata               const    0xc00'fd04          4       0x4  monitor_lp.o [2]
    .rodata               const    0xc00'fd08          4      0x10  monitor_lp.o [2]
    .rodata               const    0xc00'fd18          4       0x4  monitor_lp.o [2]
    .rodata               const    0xc00'fd1c          4      0x14  monitor_lp.o [2]
    .rodata               const    0xc00'fd30          4       0x4  monitor_lp.o [2]
    .rodata               const    0xc00'fd34          4      0x20  monitor_lp.o [2]
    .rodata               const    0xc00'fd54          4       0xc  monitor_lp.o [2]
    .rodata               const    0xc00'fd60          4      0x24  monitor_lp.o [2]
    .rodata               const    0xc00'fd84          4     0x1cc  monitor_lp.o [2]
    .rodata               const    0xc00'ff50          4      0x80  monitor_lp.o [2]
    .rodata               const    0xc00'ffd0          4      0x28  port.o [5]
    .rodata               const    0xc00'fff8          4      0x6c  rtl8721d_captouch.o [4]
    .rodata               const    0xc01'0064          4      0xec  rtl8721d_captouch.o [4]
    .rodata               const    0xc01'0150          4     0x108  rtl8721d_captouch.o [4]
    .rodata               const    0xc01'0258          4     0x18c  rtl8721d_ipccfg.o [4]
    .rodata               const    0xc01'03e4          4      0x3c  rtl8721dlp_app_start.o [4]
    .rodata               const    0xc01'0420          4     0x100  rtl8721dlp_app_start.o [4]
    .rodata               const    0xc01'0520          4      0x5c  rtl8721dlp_clk.o [4]
    .rodata               const    0xc01'057c          4      0x58  rtl8721dlp_clk.o [4]
    .rodata               const    0xc01'05d4          4     0x104  rtl8721dlp_flashcfg.o [4]
    .rodata               const    0xc01'06d8          4      0x24  rtl8721dlp_flashclk.o [4]
    .rodata               const    0xc01'06fc          4     0x514  rtl8721dlp_pinmapcfg.o [4]
    .rodata               const    0xc01'0c10          4      0x24  rtl8721dlp_pmc.o [9]
    .rodata               const    0xc01'0c34          4     0x2c8  RTL8721D_Init_RAM.o [10]
    .rodata               const    0xc01'0efc          4      0x38  RTL8721D_Init_RAM.o [10]
    .rodata               const    0xc01'0f34          4      0x24  RTL8721D_Init_RAM.o [10]
    .rodata               const    0xc01'0f58          4      0x24  RTL8721D_Init_RAM.o [10]
    .rodata               const    0xc01'0f7c          4      0x68  RTL8721D_Init_RAM.o [10]
    .rodata               const    0xc01'0fe4          4     0x138  RTL8721D_BTConCurr_RAM.o [10]
    .rodata               const    0xc01'111c          4      0xcc  RTL8721D_WoWLAN_RAM.o [10]
    .rodata               const    0xc01'11e8          4      0x18  RTL8721D_WoWLAN_RAM.o [10]
    .rodata               const    0xc01'1200          4      0x28  RTL8721D_Normal_Dbg.o [10]
    .rodata               const    0xc01'1228          4      0x70  RTL8721D_Normal_Dbg.o [10]
    .rodata               const    0xc01'1298          4      0x58  RTL8721D_Normal_Dbg.o [10]
    .rodata               const    0xc01'12f0          4      0x2c  RTL8721D_Normal_Dbg.o [10]
    .rodata               const    0xc01'131c          4      0x2c  RTL8721D_Normal_Dbg.o [10]
    .rodata               const    0xc01'1348          4      0x70  RTL8721D_Normal_Dbg.o [10]
    .rodata               const    0xc01'13b8          4      0x3c  RTL8721D_Normal_Dbg.o [10]
    .rodata               const    0xc01'13f4          4      0x1c  RTL8721D_PowerCtrl_RAM.o [10]
    .rodata               const    0xc01'1410          4     0x300  RTL8721D_RegConfig_RAM.o [10]
    .rodata               const    0xc01'1710          4      0x34  RTL8721D_RealWoW_V2_RAM.o [10]
    .rodata               const    0xc01'1744          4      0xf4  RTL8721D_D0_Scan_Offlad_RAM.o [10]
    .rodata               const    0xc01'1838          2       0x2  monitor_lp.o [2]
    .rodata               const    0xc01'183a          2       0x2  rtl8721dlp_flashcfg.o [4]
    .rodata               const    0xc01'183c          2       0x2  rtl8721dlp_flashcfg.o [4]
    .cmd.table.data                0xc01'1840                 0xc0  <Block>
      .cmd.table.data     const    0xc01'1840          4      0xb0  monitor_lp.o [2]
      .cmd.table.data     const    0xc01'18f0          4      0x10  RTL8721D_Normal_Dbg.o [10]
    CODE                  ro code  0xc01'1900          4      0x7c  portasm.o [5]
                                 - 0xc01'197c             0x1'195c

Unused ranges:

      From        To    Size
      ----        --    ----
  0x8'ae34  0x8'efff  0x41cc



*******************************************************************************
*** MODULE SUMMARY
***

    Module                         ro code  ro data  rw data
    ------                         -------  -------  -------
command line/config:
    --------------------------------------------------------
    Total:

D:\Projects\Technosoft\BradFord\Software\CEL\CMP4020\ambd_sdk\project\realtek_amebaD_va0_example\EWARM-RELEASE\Debug\Obj\km0_application\app_1052054763364153231.dir: [1]
    --------------------------------------------------------
    Total:

D:\Projects\Technosoft\BradFord\Software\CEL\CMP4020\ambd_sdk\project\realtek_amebaD_va0_example\EWARM-RELEASE\Debug\Obj\km0_application\console_11796518684936991154.dir: [2]
    monitor_lp.o                     2'288    1'502
    shell_ram.o                        516                12
    --------------------------------------------------------
    Total:                           2'804    1'502       12

D:\Projects\Technosoft\BradFord\Software\CEL\CMP4020\ambd_sdk\project\realtek_amebaD_va0_example\EWARM-RELEASE\Debug\Obj\km0_application\freertos_17785536858037321119.dir: [3]
    freertos_backtrace_ext.o            28
    freertos_heap5_config.o             12            20'504
    --------------------------------------------------------
    Total:                              40            20'504

D:\Projects\Technosoft\BradFord\Software\CEL\CMP4020\ambd_sdk\project\realtek_amebaD_va0_example\EWARM-RELEASE\Debug\Obj\km0_application\fwlib_1055424036140486818.dir: [4]
    rtl8721d_adc.o                     632
    rtl8721d_captouch.o              1'404      608
    rtl8721d_flash_ram.o               440                 8
    rtl8721d_ipc_api.o                 292               128
    rtl8721d_ipccfg.o                           396
    rtl8721d_keyscan.o                  56
    rtl8721d_rtc.o                   1'528
    rtl8721d_uart.o                    248
    rtl8721d_wdg.o                     168
    rtl8721d_wificfg.o                                    16
    rtl8721dlp_app_start.o           1'224      336       24
    rtl8721dlp_clk.o                   944      180
    rtl8721dlp_flashcfg.o               96      264
    rtl8721dlp_flashclk.o            1'544       36       36
    rtl8721dlp_km4.o                 1'040             1'056
    rtl8721dlp_pinmap.o                288
    rtl8721dlp_pinmapcfg.o                    1'300
    rtl8721dlp_sleepcfg.o                                592
    rtl8721dlp_system.o                 28                 4
    --------------------------------------------------------
    Total:                           9'932    3'120    1'864

D:\Projects\Technosoft\BradFord\Software\CEL\CMP4020\ambd_sdk\project\realtek_amebaD_va0_example\EWARM-RELEASE\Debug\Obj\km0_application\portable_14137284409524984125.dir: [5]
    port.o                             260       40        4
    portasm.o                          124
    --------------------------------------------------------
    Total:                             384       40        4

D:\Projects\Technosoft\BradFord\Software\CEL\CMP4020\ambd_sdk\project\realtek_amebaD_va0_example\EWARM-RELEASE\Debug\Obj\km0_application\source_1007705537326852447.dir: [6]
    heap_5.o                           376                24
    list.o                             150
    queue.o                          1'484
    tasks.o                          1'772               380
    timers.o                           824                60
    --------------------------------------------------------
    Total:                           4'606               464

D:\Projects\Technosoft\BradFord\Software\CEL\CMP4020\ambd_sdk\project\realtek_amebaD_va0_example\EWARM-RELEASE\Debug\Obj\km0_application\user_8514941877209965082.dir: [7]
    main.o                             776
    --------------------------------------------------------
    Total:                             776

dl6M_tln.a: [8]
    --------------------------------------------------------
    Total:

lib_pmc_lp.a: [9]
    rtl8721d_freertos_pmu.o            740               660
    rtl8721dlp_pmc.o                 2'480       36      312
    rtl8721dlp_pmc_ram.o               964                 4
    rtl8721dlp_sleepcfg_lib.o                            448
    --------------------------------------------------------
    Total:                           4'184       36    1'424

lib_wifi_fw.a: [10]
    RTL8721D_BTConCurr_RAM.o         2'452      312
    RTL8721D_Cmd_RAM.o               3'836
    RTL8721D_D0_Scan_Offlad_RAM.o    2'368      244      134
    RTL8721D_INT_RAM.o               2'848
    RTL8721D_Init_RAM.o              5'772      944    3'416
    RTL8721D_MLME_RAM.o                  8
    RTL8721D_Normal_Dbg.o            2'052      516      672
    RTL8721D_P2PPS_RAM.o               976
    RTL8721D_Packet_RAM.o              544
    RTL8721D_PhyCfg_RAM.o              640
    RTL8721D_PowerCtrl_RAM.o         2'908       28
    RTL8721D_PowerSave_RAM.o         5'136                 1
    RTL8721D_RateAdaptive_RAM.o      3'860               220
    RTL8721D_RealWoW_V2_RAM.o        1'412       52
    RTL8721D_RegConfig_RAM.o            40      768
    RTL8721D_SWTimer_RAM.o             176               128
    RTL8721D_Serial_IO_Test.o          216
    RTL8721D_TxReport_RAM.o             68
    RTL8721D_WoWLAN_RAM.o            6'888      228        1
    RTL8721D_debug_RAM.o               356
    --------------------------------------------------------
    Total:                          42'556    3'092    4'572

m6M_tl.a: [11]
    --------------------------------------------------------
    Total:

rt6M_tl.a: [12]
    ABImemcpy.o                         78
    ABImemset_small.o                   16
    --------------------------------------------------------
    Total:                              94

    Gaps                                 4
    Linker created                   2'320
------------------------------------------------------------
    Grand Total:                    67'700    7'790   28'844


*******************************************************************************
*** ENTRY LIST
***

Entry                      Address    Size  Type      Object
-----                      -------    ----  ----      ------
.cmd.table.data$$Base   0xc01'1840           --   Gb  - Linker created -
.cmd.table.data$$Limit  0xc01'1900           --   Gb  - Linker created -
.ram_heap.data$$Base      0x8'4770           --   Gb  - Linker created -
.ram_heap.data$$Limit     0x8'9770           --   Gb  - Linker created -
.ram_image2.bss$$Base     0x8'9770           --   Gb  - Linker created -
.ram_image2.bss$$Limit    0x8'ae34           --   Gb  - Linker created -
.ram_image2.data$$Base    0x8'3d94           --   Gb  - Linker created -
.ram_image2.data$$Limit
                          0x8'4770           --   Gb  - Linker created -
.ram_image2.entry$$Base
                          0x8'3000           --   Gb  - Linker created -
.ram_image2.entry$$Limit
                          0x8'3020           --   Gb  - Linker created -
.ram_image2.text$$Base    0x8'3020           --   Gb  - Linker created -
.ram_image2.text$$Limit
                          0x8'3d94           --   Gb  - Linker created -
.xip_image2.text$$Base  0xc00'0020           --   Gb  - Linker created -
.xip_image2.text$$Limit
                        0xc01'197c           --   Gb  - Linker created -
ADC_AutoCSwCmd          0xc00'd9f1     0xa  Code  Gb  rtl8721d_adc.o [4]
ADC_ClearFIFO           0xc00'd9d1     0x2  Code  Gb  rtl8721d_adc.o [4]
ADC_Cmd                 0xc00'd969    0x16  Code  Gb  rtl8721d_adc.o [4]
ADC_INTClear            0xc00'd97f     0x4  Code  Gb  rtl8721d_adc.o [4]
ADC_Init                0xc00'd805   0x156  Code  Gb  rtl8721d_adc.o [4]
ADC_Init::__FUNCTION__  0xc00'd95c     0xc  Data  Lc  rtl8721d_adc.o [4]
ADC_Read                0xc00'd999     0x8  Code  Gb  rtl8721d_adc.o [4]
ADC_Readable            0xc00'd98b     0xe  Code  Gb  rtl8721d_adc.o [4]
ADC_ReceiveBuf          0xc00'd9a1    0x2c  Code  Gb  rtl8721d_adc.o [4]
ADC_SWTrigCmd           0xc00'd9e1     0xc  Code  Gb  rtl8721d_adc.o [4]
ADC_StructInit          0xc00'd7d9    0x2c  Code  Gb  rtl8721d_adc.o [4]
AESDecrypt128_8721D_PTR {Abs}
                          0x8'06c0           --   Gb  <internal module>
AESDecrypt128_8721D_ROM {Abs}
                            0xb2ad           --   Gb  <internal module>
AESEncrypt128_8721D_PTR {Abs}
                          0x8'06c4           --   Gb  <internal module>
AESEncrypt128_8721D_ROM {Abs}
                            0xb1fd           --   Gb  <internal module>
AESUnwrapSwap_8721D_PTR {Abs}
                          0x8'06e8           --   Gb  <internal module>
AESUnwrapSwap_8721D_ROM {Abs}
                            0xaadd           --   Gb  <internal module>
AES_CMAC_1W_8721D_PTR {Abs}
                          0x8'06b4           --   Gb  <internal module>
AES_CMAC_1W_8721D_ROM {Abs}
                            0xb3a1           --   Gb  <internal module>
AES_CMAC_GenerateSubKey_1W_8721D_PTR {Abs}
                          0x8'06b8           --   Gb  <internal module>
AES_CMAC_GenerateSubKey_1W_8721D_ROM {Abs}
                            0xb2fd           --   Gb  <internal module>
AES_Encrypt_1W_8721D_PTR {Abs}
                          0x8'06b0           --   Gb  <internal module>
AES_Encrypt_1W_8721D_ROM {Abs}
                            0xb595           --   Gb  <internal module>
AES_KeyExpansion_1W_8721D_PTR {Abs}
                          0x8'06bc           --   Gb  <internal module>
AES_KeyExpansion_1W_8721D_ROM {Abs}
                            0xb491           --   Gb  <internal module>
AOAC_ANT_SWT_8721D      0xc00'e443     0x2  Code  Gb  RTL8721D_BTConCurr_RAM.o [10]
AOAC_ANT_SWT_Ptr {Abs}    0x8'084c           --   Gb  <internal module>
ARFB_table                0x8'4654    0x50  Data  Gb  RTL8721D_RateAdaptive_RAM.o [10]
ARP_hdl                 0xc00'a2bf     0xc  Code  Gb  RTL8721D_WoWLAN_RAM.o [10]
Aes128DecIpsec_8721D_PTR {Abs}
                          0x8'06d0           --   Gb  <internal module>
Aes128DecIpsec_8721D_ROM {Abs}
                            0xb24d           --   Gb  <internal module>
Aes128EncIpsec_8721D_PTR {Abs}
                          0x8'06d4           --   Gb  <internal module>
Aes128EncIpsec_8721D_ROM {Abs}
                            0xb19d           --   Gb  <internal module>
AesTkipIvCheck_8721D_ROM {Abs}
                            0xa73f           --   Gb  <internal module>
AesTkipIvCheck_Ptr {Abs}
                          0x8'0730           --   Gb  <internal module>
AesTkipIvFun_8721D_ROM {Abs}
                            0xa531           --   Gb  <internal module>
AesTkipIvFun_Ptr {Abs}    0x8'0760           --   Gb  <internal module>
AesUnwrapIpsec_8721D_PTR {Abs}
                          0x8'06ec           --   Gb  <internal module>
AesUnwrapIpsec_8721D_ROM {Abs}
                            0xab79           --   Gb  <internal module>
AppendTkipMIC_8721D_ROM {Abs}
                            0xa5bd           --   Gb  <internal module>
AppendTkipMIC_Ptr {Abs}
                          0x8'0738           --   Gb  <internal module>
ArfrRefresh_8721D_ROM {Abs}
                            0xc907           --   Gb  <internal module>
ArfrRefresh_Ptr {Abs}     0x8'088c           --   Gb  <internal module>
AssignIvToKeyRsc_8721D_ROM {Abs}
                            0xa6cf           --   Gb  <internal module>
AssignIvToKeyRsc_Ptr {Abs}
                          0x8'0728           --   Gb  <internal module>
AssignKeyRscToIV_8721D_ROM {Abs}
                            0xa6fd           --   Gb  <internal module>
AssignKeyRscToIV_Ptr {Abs}
                          0x8'0724           --   Gb  <internal module>
AutoChangeP2PPSOwnerState
                        0xc00'73d3     0xc  Code  Gb  RTL8721D_P2PPS_RAM.o [10]
BAUDRATE_TABLE {Abs}      0x2'013c           --   Gb  <internal module>
BKUP_Clear {Abs}            0x147d           --   Gb  <internal module>
BKUP_Read {Abs}             0x1435           --   Gb  <internal module>
BKUP_Set {Abs}              0x1455           --   Gb  <internal module>
BKUP_Write {Abs}            0x1411           --   Gb  <internal module>
BOOT_ROM_CM4PON {Abs}       0x43f9           --   Gb  <internal module>
BOOT_ROM_OSC131_Enable {Abs}
                            0x44f1           --   Gb  <internal module>
BOOT_ROM_ResetVsr {Abs}
                            0x4505           --   Gb  <internal module>
BOOT_Reason {Abs}           0x14a5           --   Gb  <internal module>
BTDebugEN {Abs}           0x8'095c           --   Gb  <internal module>
BTMailboxRetry_8721D_ROM {Abs}
                            0x7ae9           --   Gb  <internal module>
BTMailboxRetry_Ptr {Abs}
                          0x8'0828           --   Gb  <internal module>
BTNullSetting_8721D_ROM {Abs}
                            0x7c91           --   Gb  <internal module>
BTNullSetting_Ptr {Abs}
                          0x8'0800           --   Gb  <internal module>
BTRoleChangeDefaultSetting_8721D
                        0xc00'e445    0x3c  Code  Gb  RTL8721D_BTConCurr_RAM.o [10]
BTRoleChangeDefaultSetting_Ptr {Abs}
                          0x8'07fc           --   Gb  <internal module>
BTRoleChangeTBTTHDL_8721D_ROM {Abs}
                            0x8509           --   Gb  <internal module>
BTRoleChangeTBTTHDL_Ptr {Abs}
                          0x8'0818           --   Gb  <internal module>
BTRoleChangeTimerHDL_8721D_ROM {Abs}
                            0x84e9           --   Gb  <internal module>
BTRoleChangeTimerHDL_Ptr {Abs}
                          0x8'0838           --   Gb  <internal module>
BT_TDMA_Slot_Operation_0and3_8721D
                        0xc00'e67b   0x152  Code  Gb  RTL8721D_BTConCurr_RAM.o [10]
BT_TDMA_Slot_Operation_0and3_8721D_ROM {Abs}
                            0x81fd           --   Gb  <internal module>
BT_TDMA_Slot_Operation_0and3_Ptr {Abs}
                          0x8'07f4           --   Gb  <internal module>
BT_TDMA_Slot_Operation_1and4_8721D
                        0xc00'e7e7   0x132  Code  Gb  RTL8721D_BTConCurr_RAM.o [10]
BT_TDMA_Slot_Operation_1and4_8721D_ROM {Abs}
                            0x7f95           --   Gb  <internal module>
BT_TDMA_Slot_Operation_1and4_Ptr {Abs}
                          0x8'0854           --   Gb  <internal module>
BT_TDMA_Slot_Operation_2and5_8721D
                        0xc00'e941    0xf4  Code  Gb  RTL8721D_BTConCurr_RAM.o [10]
BT_TDMA_Slot_Operation_2and5_8721D_ROM {Abs}
                            0x80c9           --   Gb  <internal module>
BT_TDMA_Slot_Operation_2and5_Ptr {Abs}
                          0x8'0850           --   Gb  <internal module>
BTcnt {Abs}               0x8'0934           --   Gb  <internal module>
BTypeTDMABCNEarly_8721D_ROM {Abs}
                            0x8361           --   Gb  <internal module>
BTypeTDMABCNEarly_Ptr {Abs}
                          0x8'0830           --   Gb  <internal module>
BTypeTDMATBTThdl_8721D  0xc00'ea47    0x46  Code  Gb  RTL8721D_BTConCurr_RAM.o [10]
BTypeTDMATBTThdl_8721D_ROM {Abs}
                            0x8445           --   Gb  <internal module>
BTypeTDMATBTThdl_Ptr {Abs}
                          0x8'081c           --   Gb  <internal module>
BTypeTDMATimeOuthdl_8721D
                        0xc00'ea9d    0xa0  Code  Gb  RTL8721D_BTConCurr_RAM.o [10]
BTypeTDMATimeOuthdl_8721D_ROM {Abs}
                            0x8491           --   Gb  <internal module>
BTypeTDMATimeOuthdl_Ptr {Abs}
                          0x8'080c           --   Gb  <internal module>
BackupAntennaSetting_8721D
                        0xc00'e489    0xac  Code  Gb  RTL8721D_BTConCurr_RAM.o [10]
BackupAntennaSetting_Ptr {Abs}
                          0x8'0820           --   Gb  <internal module>
BcnEarlyAdjustByDeltaTSFPID_8721D
                        0xc00'818d   0x36a  Code  Gb  RTL8721D_PowerSave_RAM.o [10]
BusFault_Handler {Abs}       0x111           --   Gb  <internal module>
C2HBTInfo_8721D_ROM {Abs}
                            0x7b39           --   Gb  <internal module>
C2HBTInfo_Ptr {Abs}       0x8'07f0           --   Gb  <internal module>
C2HBTLoopback_8721D_ROM {Abs}
                            0x7be5           --   Gb  <internal module>
C2HBTLoopback_Ptr {Abs}
                          0x8'0824           --   Gb  <internal module>
C2HBTMpRpt_8721D_ROM {Abs}
                            0x7c21           --   Gb  <internal module>
C2HBTMpRpt_Ptr {Abs}      0x8'083c           --   Gb  <internal module>
C2HDeQueue_8721D_RAM    0xc00'54dd    0x44  Code  Gb  RTL8721D_Cmd_RAM.o [10]
C2HDeQueue_8721D_ROM {Abs}
                            0x8999           --   Gb  <internal module>
C2HDeQueue_Ptr {Abs}      0x8'087c           --   Gb  <internal module>
C2HInQueue_8721D_ROM {Abs}
                            0x89e9           --   Gb  <internal module>
C2HInQueue_Ptr {Abs}      0x8'0880           --   Gb  <internal module>
C2HPKTRxDESC_8721D_ROM {Abs}
                            0x88b5           --   Gb  <internal module>
C2HPKTRxDESC_Ptr {Abs}    0x8'0870           --   Gb  <internal module>
C2HSpeRPT               0xc00'61d5    0x50  Code  Gb  RTL8721D_Cmd_RAM.o [10]
C2H_RA_Dbg_code_en_8721D_RAM
                        0xc00'711f    0x54  Code  Gb  RTL8721D_RateAdaptive_RAM.o [10]
C2H_RA_Dbg_code_en_8721D_ROM {Abs}
                            0xcc99           --   Gb  <internal module>
C2H_RA_Rpt_8721D_RAM    0xc00'6463    0x2c  Code  Gb  RTL8721D_RateAdaptive_RAM.o [10]
C2H_RA_Rpt_8721D_ROM {Abs}
                            0xc735           --   Gb  <internal module>
CAM_DATA0 {Abs}           0x2'022c           --   Gb  <internal module>
CAM_DATA1 {Abs}           0x2'0240           --   Gb  <internal module>
CAM_DATA2 {Abs}           0x2'0244           --   Gb  <internal module>
CAM_DATA2_WAPI {Abs}      0x2'025d           --   Gb  <internal module>
CAM_TYPE {Abs}            0x2'0258           --   Gb  <internal module>
CPU_ClkGet {Abs}            0x4a25           --   Gb  <internal module>
CPU_ClkSet {Abs}            0x4a11           --   Gb  <internal module>
CTS2SelfSetting_8721D_ROM {Abs}
                            0xb9e1           --   Gb  <internal module>
CapTouch_DbgDumpETC     0xc00'2975    0xc6  Code  Gb  rtl8721d_captouch.o [4]
CapTouch_DbgDumpReg     0xc00'271d   0x198  Code  Gb  rtl8721d_captouch.o [4]
CapTouch_GetChAbsThres  0xc00'25e5    0x2e  Code  Gb  rtl8721d_captouch.o [4]
CapTouch_GetChAbsThres::__FUNCTION__
                        0xc00'2614    0x18  Data  Lc  rtl8721d_captouch.o [4]
CapTouch_GetChAveData   0xc00'26cd    0x2c  Code  Gb  rtl8721d_captouch.o [4]
CapTouch_GetChAveData::__FUNCTION__
                        0xc00'2700    0x18  Data  Lc  rtl8721d_captouch.o [4]
CapTouch_GetChBaseline  0xc00'2685    0x2e  Code  Gb  rtl8721d_captouch.o [4]
CapTouch_GetChBaseline::__FUNCTION__
                        0xc00'26b4    0x18  Data  Lc  rtl8721d_captouch.o [4]
CapTouch_GetChDiffThres
                        0xc00'2585    0x2e  Code  Gb  rtl8721d_captouch.o [4]
CapTouch_GetChDiffThres::__FUNCTION__
                        0xc00'25b8    0x18  Data  Lc  rtl8721d_captouch.o [4]
CapTouch_GetChStatus    0xc00'253d    0x2e  Code  Gb  rtl8721d_captouch.o [4]
CapTouch_GetChStatus::__FUNCTION__
                        0xc00'256c    0x18  Data  Lc  rtl8721d_captouch.o [4]
CapTouch_GetISR         0xc00'2515    0x16  Code  Gb  rtl8721d_captouch.o [4]
CapTouch_GetISR::__FUNCTION__
                        0xc00'252c    0x10  Data  Lc  rtl8721d_captouch.o [4]
CapTouch_GetNoiseThres  0xc00'262d    0x3e  Code  Gb  rtl8721d_captouch.o [4]
CapTouch_GetNoiseThres::__FUNCTION__
                        0xc00'266c    0x18  Data  Lc  rtl8721d_captouch.o [4]
ChangeCoexTable_8721D_ROM {Abs}
                            0x7dd5           --   Gb  <internal module>
ChangeCoexTable_Ptr {Abs}
                          0x8'0840           --   Gb  <internal module>
ChangeP2PPSOwnerState   0xc00'72fd    0xd6  Code  Gb  RTL8721D_P2PPS_RAM.o [10]
ChangePSStateByRPWM     0xc00'7ccd    0x16  Code  Gb  RTL8721D_PowerSave_RAM.o [10]
ChangeTransmiteRate_8721D_RAM
                        0xc00'ed45    0x40  Code  Gb  RTL8721D_Packet_RAM.o [10]
ChangeTransmiteRate_8721D_ROM {Abs}
                            0xb791           --   Gb  <internal module>
ChangeTransmiteRate_Ptr {Abs}
                          0x8'07a0           --   Gb  <internal module>
Change_PS_State_8721D   0xc00'7b2d   0x140  Code  Gb  RTL8721D_PowerSave_RAM.o [10]
Change_PS_State_Ptr {Abs}
                          0x8'07e4           --   Gb  <internal module>
CheckAPStateToChangePSState
                        0xc00'73ef    0x24  Code  Gb  RTL8721D_P2PPS_RAM.o [10]
CheckBBRWIsStable_8721D {Abs}
                            0xbbf1           --   Gb  <internal module>
CheckCPUMGQEmpty_8721D_ROM {Abs}
                            0xba89           --   Gb  <internal module>
CheckDDMADone {Abs}         0x92e9           --   Gb  <internal module>
CheckFWLBKEnable_8721D_ROM {Abs}
                            0xa8d9           --   Gb  <internal module>
CheckGOPSStateOn        0xc00'7219     0xe  Code  Gb  RTL8721D_P2PPS_RAM.o [10]
CheckIV                 0xc00'97f1   0x110  Code  Gb  RTL8721D_WoWLAN_RAM.o [10]
CheckLPSTxPktInInAPRFOn
                        0xc00'7413     0xe  Code  Gb  RTL8721D_P2PPS_RAM.o [10]
CheckMaxMacidNum_8721D_ROM {Abs}
                            0x9119           --   Gb  <internal module>
CheckTSFIsStableCommon  0xc00'c61d    0x36  Code  Gb  RTL8721D_PowerCtrl_RAM.o [10]
Check_2SS_LDPC_Packet   0xc00'4125    0x90  Code  Gb  RTL8721D_Init_RAM.o [10]
ChkDDMAChksum {Abs}         0x92a5           --   Gb  <internal module>
ChkTxQueueIsEmpty_8721D_ROM {Abs}
                            0xbec5           --   Gb  <internal module>
ChkandChangePS_8721D_ROM {Abs}
                            0xb8bd           --   Gb  <internal module>
ChkandChangePS_Ptr {Abs}
                          0x8'07b4           --   Gb  <internal module>
ClrAllFWUsedIMR_8721D_RAM
                        0xc00'5143     0x6  Code  Gb  RTL8721D_Init_RAM.o [10]
ClrAllFWUsedIMR_8721D_ROM {Abs}
                            0xa811           --   Gb  <internal module>
ClrAllFWUsedISR_8721D_ROM {Abs}
                            0xa875           --   Gb  <internal module>
CmdBufInitialize        0xc00'a61d     0xa  Code  Gb  RTL8721D_Normal_Dbg.o [10]
CmdBufRW                0xc00'ab81     0x4  Code  Gb  RTL8721D_Normal_Dbg.o [10]
CmdCTC                  0xc00'd5fd    0x32  Code  Gb  monitor_lp.o [2]
CmdFW                   0xc00'a6cd     0x6  Code  Gb  RTL8721D_Normal_Dbg.o [10]
CmdHsSdm32K             0xc00'd63d    0x48  Code  Gb  monitor_lp.o [2]
CmdRTC                  0xc00'd005    0xb0  Code  Gb  monitor_lp.o [2]
CmdRamHelp              0xc00'd685    0x46  Code  Gb  monitor_lp.o [2]
CmdRegRW                0xc00'a951    0xa8  Code  Gb  RTL8721D_Normal_Dbg.o [10]
CmdShellSwitch          0xc00'ce41    0x26  Code  Gb  monitor_lp.o [2]
CmdTickPS               0xc00'cf11    0xb6  Code  Gb  monitor_lp.o [2]
CmdTxrptRW              0xc00'accd     0x4  Code  Gb  RTL8721D_Normal_Dbg.o [10]
ConditionMatchedForGO32K
                        0xc00'73df    0x10  Code  Gb  RTL8721D_P2PPS_RAM.o [10]
ConfigDebug {Abs}         0x8'01cc           --   Gb  <internal module>
ConfigDebugBuffer {Abs}
                          0x8'01c4           --   Gb  <internal module>
ConfigDebugBufferGet {Abs}
                          0x8'01c8           --   Gb  <internal module>
ConfigDebugClose {Abs}    0x8'01c0           --   Gb  <internal module>
ConfigListenBeaconPeriod_8721D_ROM {Abs}
                            0xbff5           --   Gb  <internal module>
ConfigListenBeaconPeriod_Ptr {Abs}
                          0x8'0798           --   Gb  <internal module>
Const_Rb {Abs}            0x2'027c           --   Gb  <internal module>
Const_Zero {Abs}          0x2'026c           --   Gb  <internal module>
Count_Ratio_8721D_ROM {Abs}
                            0xc899           --   Gb  <internal module>
DIFF2VAR_TABLE            0x8'46c0     0xc  Data  Gb  RTL8721D_RateAdaptive_RAM.o [10]
DROPING_NECESSARY         0x8'4708    0x14  Data  Gb  RTL8721D_RateAdaptive_RAM.o [10]
DacSwing_8721D_RAM      0xc00'e421    0x22  Code  Gb  RTL8721D_BTConCurr_RAM.o [10]
DacSwing_8721D_ROM {Abs}
                            0x7a3d           --   Gb  <internal module>
DacSwing_Ptr {Abs}        0x8'0810           --   Gb  <internal module>
DbgMonitorSel           0xc00'ae47    0xf4  Code  Gb  RTL8721D_debug_RAM.o [10]
DbgPrintTxrpt           0xc00'cd5d    0x44  Code  Gb  RTL8721D_TxReport_RAM.o [10]
DebugFunction           0xc00'ae21     0x2  Code  Gb  RTL8721D_debug_RAM.o [10]
DelayMs {Abs}               0x1505           --   Gb  <internal module>
DelayNop {Abs}              0x14b5           --   Gb  <internal module>
DelayUs {Abs}               0x14c3           --   Gb  <internal module>
DestinationMatch        0xc00'8de1    0x22  Code  Gb  RTL8721D_WoWLAN_RAM.o [10]
DiagPrintf {Abs}             0x475           --   Gb  <internal module>
DiagPrintfD {Abs}            0x4b9           --   Gb  <internal module>
DiagSPrintf {Abs}            0x4dd           --   Gb  <internal module>
DiagSnPrintf {Abs}           0x501           --   Gb  <internal module>
DiagVSprintf {Abs}           0x115           --   Gb  <internal module>
DisWoWLAN               0xc00'8c37    0x20  Code  Gb  RTL8721D_WoWLAN_RAM.o [10]
DisconnectChk           0xc00'a3a9    0x92  Code  Gb  RTL8721D_WoWLAN_RAM.o [10]
DisconnectTxNullChk     0xc00'a469    0x5a  Code  Gb  RTL8721D_WoWLAN_RAM.o [10]
DropCHK                 0xc00'8bd7    0x1a  Code  Gb  RTL8721D_WoWLAN_RAM.o [10]
DropDecision            0xc00'8d79    0x1a  Code  Gb  RTL8721D_WoWLAN_RAM.o [10]
EFUSEPowerSwitch {Abs}      0x1519           --   Gb  <internal module>
EFUSERead8 {Abs}            0x159d           --   Gb  <internal module>
EFUSEWrite8 {Abs}           0x1661           --   Gb  <internal module>
EFUSE_LogicalMap_Read {Abs}
                            0x1965           --   Gb  <internal module>
EFUSE_LogicalMap_Write {Abs}
                            0x1a71           --   Gb  <internal module>
EFUSE_PG_Packet {Abs}       0x1731           --   Gb  <internal module>
EXT32K_Cmd {Abs}            0x49d1           --   Gb  <internal module>
EnableWoWLAN            0xc00'8bf1    0x46  Code  Gb  RTL8721D_WoWLAN_RAM.o [10]
EnlargeBcnEarlyAndTimeout_8721D_ROM {Abs}
                            0xc48d           --   Gb  <internal module>
EnlargeBcnEarlyAndTimeout_Ptr {Abs}
                          0x8'078c           --   Gb  <internal module>
FLASH_Calibration {Abs}
                            0x4dd1           --   Gb  <internal module>
FLASH_Calibration500MPSCmd {Abs}
                            0x4afd           --   Gb  <internal module>
FLASH_CalibrationInit {Abs}
                            0x4ae5           --   Gb  <internal module>
FLASH_CalibrationNew {Abs}
                            0x4bfd           --   Gb  <internal module>
FLASH_CalibrationNewCmd {Abs}
                            0x4bc1           --   Gb  <internal module>
FLASH_CalibrationPhase {Abs}
                            0x4b1d           --   Gb  <internal module>
FLASH_CalibrationPhaseIdx {Abs}
                            0x4ba9           --   Gb  <internal module>
FLASH_ClockDiv {Abs}        0x4a49           --   Gb  <internal module>
FLASH_ClockSwitch         0x8'3129    0xbe  Code  Gb  rtl8721d_flash_ram.o [4]
FLASH_DeepPowerDown {Abs}
                            0x21b9           --   Gb  <internal module>
FLASH_Erase {Abs}           0x2147           --   Gb  <internal module>
FLASH_Init {Abs}            0x24e1           --   Gb  <internal module>
FLASH_Invalidate_Auto_Write
                          0x8'31e9     0xe  Code  Gb  rtl8721d_flash_ram.o [4]
FLASH_RxCmd {Abs}           0x1d1d           --   Gb  <internal module>
FLASH_RxData {Abs}          0x1df5           --   Gb  <internal module>
FLASH_SW_CS_Control {Abs}
                            0x1c51           --   Gb  <internal module>
FLASH_SetSpiMode {Abs}      0x1c91           --   Gb  <internal module>
FLASH_SetStatus {Abs}       0x2129           --   Gb  <internal module>
FLASH_SetStatusBits {Abs}
                            0x2205           --   Gb  <internal module>
FLASH_StructInit {Abs}      0x2451           --   Gb  <internal module>
FLASH_StructInit_GD {Abs}
                            0x23bd           --   Gb  <internal module>
FLASH_StructInit_MXIC {Abs}
                            0x2333           --   Gb  <internal module>
FLASH_StructInit_Micron {Abs}
                            0x22a5           --   Gb  <internal module>
FLASH_TxCmd {Abs}           0x1ebd           --   Gb  <internal module>
FLASH_TxData12B {Abs}       0x2049           --   Gb  <internal module>
FLASH_TxData256B {Abs}      0x1f61           --   Gb  <internal module>
FLASH_WaitBusy {Abs}        0x1d89           --   Gb  <internal module>
FLASH_WriteEn {Abs}         0x1f3d           --   Gb  <internal module>
FLASH_Write_IPC_Int       0x8'3061    0x18  Code  Gb  rtl8721d_flash_ram.o [4]
FLASH_Write_Lock          0x8'3079    0x4a  Code  Gb  rtl8721d_flash_ram.o [4]
FLASH_Write_Unlock        0x8'30c5    0x52  Code  Gb  rtl8721d_flash_ram.o [4]
FT_INT_HDL_RAM_8721D    0xc00'f097   0x10a  Code  Gb  RTL8721D_INT_RAM.o [10]
FWLBK_CTL_EXT {Abs}       0x8'0671           --   Gb  <internal module>
FWLBK_CTL_H {Abs}         0x8'066c           --   Gb  <internal module>
FWLBK_CTL_L {Abs}         0x8'0670           --   Gb  <internal module>
FWLBK_DATARATE {Abs}      0x2'0261           --   Gb  <internal module>
FWLBK_HEADER {Abs}        0x2'0214           --   Gb  <internal module>
FWLBK_HEADER_UC {Abs}     0x2'01fc           --   Gb  <internal module>
FWLBK_LEN {Abs}           0x2'01cc           --   Gb  <internal module>
FWLBK_SeqNum {Abs}        0x8'066e           --   Gb  <internal module>
FWLBK_TXDESC {Abs}        0x2'01d4           --   Gb  <internal module>
FillC2HContant_8721D_ROM {Abs}
                            0x890d           --   Gb  <internal module>
FillC2HContant_Ptr {Abs}
                          0x8'0874           --   Gb  <internal module>
FillIpv6PseudoHeader    0xc00'9439    0x2c  Code  Gb  RTL8721D_WoWLAN_RAM.o [10]
FillMailbox_8721D_ROM {Abs}
                            0x8aad           --   Gb  <internal module>
FillMailbox_Ptr {Abs}     0x8'0858           --   Gb  <internal module>
FillMichaelPacketInfo_8721D_PTR {Abs}
                          0x8'06c8           --   Gb  <internal module>
FillMichaelPacketInfo_8721D_ROM {Abs}
                            0xab51           --   Gb  <internal module>
FillParameterIpsec_8721D_PTR {Abs}
                          0x8'06cc           --   Gb  <internal module>
FillParameterIpsec_8721D_ROM {Abs}
                            0xab2d           --   Gb  <internal module>
Flash_AVL               0xc01'05d4   0x104  Data  Gb  rtl8721dlp_flashcfg.o [4]
Flash_ReadMode          0xc01'183c     0x2  Data  Gb  rtl8721dlp_flashcfg.o [4]
Flash_Speed             0xc01'183a     0x2  Data  Gb  rtl8721dlp_flashcfg.o [4]
FlexibleExtensionDecision_8721D
                        0xc00'eb69   0x154  Code  Gb  RTL8721D_BTConCurr_RAM.o [10]
FlexibleExtensionDecision_8721D_ROM {Abs}
                            0x7e31           --   Gb  <internal module>
FlexibleExtensionDecision_Ptr {Abs}
                          0x8'07f8           --   Gb  <internal module>
FwDbgCmdHelp            0xc00'aa51    0x44  Code  Gb  RTL8721D_Normal_Dbg.o [10]
FwDisConnectWakeUpHost  0xc00'8d93    0x1a  Code  Gb  RTL8721D_WoWLAN_RAM.o [10]
FwReKeyWakeUpHost       0xc00'96d3    0x96  Code  Gb  RTL8721D_WoWLAN_RAM.o [10]
FwlbkCheckRxPayload_8721D_PTR {Abs}
                          0x8'0694           --   Gb  <internal module>
FwlbkCheckRxPayload_8721D_ROM {Abs}
                            0x935d           --   Gb  <internal module>
FwlbkDbgPrtU16_8721D_PTR {Abs}
                          0x8'06ac           --   Gb  <internal module>
FwlbkDbgPrtU16_8721D_ROM {Abs}
                            0x9981           --   Gb  <internal module>
FwlbkHWInitialLLT_8721D_PTR {Abs}
                          0x8'06a4           --   Gb  <internal module>
FwlbkHWInitialLLT_8721D_ROM {Abs}
                            0x9911           --   Gb  <internal module>
FwlbkLLTWrite_8721D_PTR {Abs}
                          0x8'06a8           --   Gb  <internal module>
FwlbkLLTWrite_8721D_ROM {Abs}
                            0x9311           --   Gb  <internal module>
FwlbkMcuPollMgq_8721D_PTR {Abs}
                          0x8'0688           --   Gb  <internal module>
FwlbkMcuPollMgq_8721D_ROM {Abs}
                            0x972d           --   Gb  <internal module>
FwlbkModeAFElbk_8721D_PTR {Abs}
                          0x8'0674           --   Gb  <internal module>
FwlbkModeAFElbk_8721D_ROM {Abs}
                            0x95bd           --   Gb  <internal module>
FwlbkModeMaclbk_8721D_PTR {Abs}
                          0x8'067c           --   Gb  <internal module>
FwlbkModeMaclbk_8721D_ROM {Abs}
                            0x9c21           --   Gb  <internal module>
FwlbkModeSecTest_8721D_PTR {Abs}
                          0x8'0678           --   Gb  <internal module>
FwlbkModeSecTest_8721D_ROM {Abs}
                            0x9c41           --   Gb  <internal module>
FwlbkModeSel_8721D_PTR {Abs}
                          0x8'0698           --   Gb  <internal module>
FwlbkModeSel_8721D_ROM {Abs}
                            0x9a99           --   Gb  <internal module>
FwlbkModeTxNoCheck_8721D_PTR {Abs}
                          0x8'0684           --   Gb  <internal module>
FwlbkModeTxNoCheck_8721D_ROM {Abs}
                            0x9c39           --   Gb  <internal module>
FwlbkModeTx_8721D_PTR {Abs}
                          0x8'0680           --   Gb  <internal module>
FwlbkModeTx_8721D_ROM {Abs}
                            0x9c31           --   Gb  <internal module>
FwlbkMode_8721D_PTR {Abs}
                          0x8'06a0           --   Gb  <internal module>
FwlbkMode_8721D_ROM {Abs}
                            0x9789           --   Gb  <internal module>
FwlbkPreparePkt_8721D_PTR {Abs}
                          0x8'069c           --   Gb  <internal module>
FwlbkPreparePkt_8721D_ROM {Abs}
                            0x998d           --   Gb  <internal module>
FwlbkSetCAM_8721D_PTR {Abs}
                          0x8'0690           --   Gb  <internal module>
FwlbkSetCAM_8721D_ROM {Abs}
                            0x9b31           --   Gb  <internal module>
FwlbkUpdateParam_8721D_PTR {Abs}
                          0x8'068c           --   Gb  <internal module>
FwlbkUpdateParam_8721D_ROM {Abs}
                            0x9bd5           --   Gb  <internal module>
GDMA_ChCleanAutoReload {Abs}
                            0x29e5           --   Gb  <internal module>
GDMA_ChnlAlloc {Abs}        0x2c01           --   Gb  <internal module>
GDMA_ChnlFree {Abs}         0x2c85           --   Gb  <internal module>
[...]
pAOACInfo {Abs}           0x8'0930           --   Gb  <internal module>
pAOACPage1 {Abs}          0x8'0904           --   Gb  <internal module>
pAOACReport {Abs}         0x8'0918           --   Gb  <internal module>
pARFB_table {Abs}         0x8'08b4           --   Gb  <internal module>
pARPInfo {Abs}            0x8'092c           --   Gb  <internal module>
pBTTxStatus {Abs}         0x8'0970           --   Gb  <internal module>
pBT_Init_Info {Abs}       0x8'0960           --   Gb  <internal module>
pBT_Page_Scan_Interval {Abs}
                          0x8'0964           --   Gb  <internal module>
pBtParm {Abs}             0x8'096c           --   Gb  <internal module>
pBtTdmaParm {Abs}         0x8'0974           --   Gb  <internal module>
pC2HEvt {Abs}             0x8'09ac           --   Gb  <internal module>
pDEBUG {Abs}              0x8'08bc           --   Gb  <internal module>
pDataCtrlParm {Abs}       0x8'09a0           --   Gb  <internal module>
pH2CEvt {Abs}             0x8'09b0           --   Gb  <internal module>
pHwParm {Abs}             0x8'0990           --   Gb  <internal module>
pIntHdl {Abs}             0x8'09b8           --   Gb  <internal module>
pIpSec {Abs}              0x8'09a4           --   Gb  <internal module>
pIpv6PseudoHeaderInfo {Abs}
                          0x8'0920           --   Gb  <internal module>
pMediaStatus {Abs}        0x8'0978           --   Gb  <internal module>
pMichaelPktParm {Abs}     0x8'0994           --   Gb  <internal module>
pMsgKeyParm {Abs}         0x8'0998           --   Gb  <internal module>
pNDPInfo {Abs}            0x8'0924           --   Gb  <internal module>
pNetworkListInfo {Abs}    0x8'090c           --   Gb  <internal module>
pNormalFWdbgCtl           0x8'a064     0x4  Data  Gb  RTL8721D_Normal_Dbg.o [10]
pODM {Abs}                0x8'0900           --   Gb  <internal module>
pOpModeParm {Abs}         0x8'099c           --   Gb  <internal module>
pP2PPSInfo {Abs}          0x8'098c           --   Gb  <internal module>
pPSBTParm {Abs}           0x8'0980           --   Gb  <internal module>
pPSParm {Abs}             0x8'0988           --   Gb  <internal module>
pPSTParm {Abs}            0x8'0984           --   Gb  <internal module>
pRA {Abs}                 0x8'08b8           --   Gb  <internal module>
pRATE_UP_FAIL_WAITING {Abs}
                          0x8'08b0           --   Gb  <internal module>
pRPL {Abs}                0x8'09b4           --   Gb  <internal module>
pRWV2 {Abs}               0x8'0910           --   Gb  <internal module>
pSecurityInfo {Abs}       0x8'091c           --   Gb  <internal module>
pWIFI_Info {Abs}          0x8'0968           --   Gb  <internal module>
parsePatternInfo        0xc00'c879    0x8a  Code  Gb  RTL8721D_RealWoW_V2_RAM.o [10]
pinmap_deepsleep        0xc00'22f9    0x3c  Code  Gb  rtl8721dlp_pinmap.o [4]
pinmap_init             0xc00'2259    0x66  Code  Gb  rtl8721dlp_pinmap.o [4]
pinmap_sleep            0xc00'22bf    0x3a  Code  Gb  rtl8721dlp_pinmap.o [4]
pinmap_wake             0xc00'2335    0x3c  Code  Gb  rtl8721dlp_pinmap.o [4]
pmap_func               0xc01'06fc   0x514  Data  Gb  rtl8721dlp_pinmapcfg.o [4]
pmu_acquire_wakelock    0xc00'104d     0xe  Code  Gb  rtl8721d_freertos_pmu.o [9]
pmu_exec_sleep_hook_funs
                        0xc00'0e05    0x22  Code  Gb  rtl8721d_freertos_pmu.o [9]
pmu_exec_wakeup_hook_funs
                        0xc00'0e27    0x1e  Code  Gb  rtl8721d_freertos_pmu.o [9]
pmu_get_deepwakelock_status
                        0xc00'108d     0x6  Code  Gb  rtl8721d_freertos_pmu.o [9]
pmu_get_wakelock_status
                        0xc00'1069     0x6  Code  Gb  rtl8721d_freertos_pmu.o [9]
pmu_release_wakelock    0xc00'105b     0xe  Code  Gb  rtl8721d_freertos_pmu.o [9]
pmu_set_sleep_type      0xc00'1075    0x10  Code  Gb  rtl8721d_freertos_pmu.o [9]
pmu_set_sysactive_time  0xc00'0e63    0x3a  Code  Gb  rtl8721d_freertos_pmu.o [9]
pmu_tickless_debug      0xc00'1093     0xc  Code  Gb  rtl8721d_freertos_pmu.o [9]
prvAddCurrentTaskToDelayedList
                        0xc00'0837    0x52  Code  Lc  tasks.o [6]
prvCheckForValidListAndQueue
                        0xc00'0d57    0x3a  Code  Lc  timers.o [6]
prvCopyDataFromQueue    0xc00'1571    0x26  Code  Lc  queue.o [6]
prvCopyDataToQueue      0xc00'1507    0x6a  Code  Lc  queue.o [6]
prvDeleteTCB            0xc00'06c5    0x12  Code  Lc  tasks.o [6]
prvGetExpectedIdleTime  0xc00'037f    0x24  Code  Lc  tasks.o [6]
prvIdleTask             0xc00'064f    0x52  Code  Lc  tasks.o [6]
prvInsertBlockIntoFreeList
                        0xc00'00f5    0x46  Code  Lc  heap_5.o [6]
prvInsertTimerInActiveList
                        0xc00'0d23    0x34  Code  Lc  timers.o [6]
prvIsQueueEmpty         0xc00'1603    0x10  Code  Lc  queue.o [6]
prvIsQueueFull          0xc00'1613    0x14  Code  Lc  queue.o [6]
prvNotifyQueueSetContainer
                        0xc00'1675    0x40  Code  Lc  queue.o [6]
prvResetNextTaskUnblockTime
                        0xc00'06d7    0x1a  Code  Lc  tasks.o [6]
prvSampleTimeNow        0xc00'0cb1    0x5e  Code  Lc  timers.o [6]
prvSampleTimeNow::xLastTime
                          0x8'99ac     0x4  Data  Lc  timers.o [6]
prvStrCmp               0xc00'cd3b    0x22  Code  Gb  RTL8721D_Serial_IO_Test.o [10]
prvTaskExitError        0xc00'0975     0x4  Code  Lc  port.o [5]
prvTimerTask            0xc00'0b45   0x144  Code  Lc  timers.o [6]
prvUnlockQueue          0xc00'1597    0x66  Code  Lc  queue.o [6]
ps_config                 0x8'441c    0x38  Data  Gb  rtl8721dlp_sleepcfg.o [4]
pstainfo_ra {Abs}         0x8'08c0           --   Gb  <internal module>
pteredo_info {Abs}        0x8'0914           --   Gb  <internal module>
pvPortMalloc            0xc00'002d    0x8e  Code  Gb  heap_5.o [6]
pvTaskIncrementMutexHeldCount
                        0xc00'0811    0x12  Code  Gb  tasks.o [6]
pxCurrentTCB              0x8'9848     0x4  Data  Gb  tasks.o [6]
pxCurrentTimerList        0x8'999c     0x4  Data  Lc  timers.o [6]
pxDelayedTaskList         0x8'984c     0x4  Data  Lc  tasks.o [6]
pxEnd                     0x8'9778     0x4  Data  Lc  heap_5.o [6]
pxOverflowDelayedTaskList
                          0x8'9850     0x4  Data  Lc  tasks.o [6]
pxOverflowTimerList       0x8'99a0     0x4  Data  Lc  timers.o [6]
pxPortInitialiseStack   0xc00'0959    0x1a  Code  Gb  port.o [5]
pxReadyTasksLists         0x8'98c0    0xdc  Data  Lc  tasks.o [6]
rand_first {Abs}          0x8'01dc           --   Gb  <internal module>
rand_seed {Abs}           0x8'01e0           --   Gb  <internal module>
retention_ram_patch_array
                        0xc01'0420   0x100  Data  Gb  rtl8721dlp_app_start.o [4]
setftimr_8721D_ROM {Abs}
                            0xd241           --   Gb  <internal module>
setwlanimr2_8721D_ROM {Abs}
                            0xd209           --   Gb  <internal module>
setwlanimr_8721D_ROM {Abs}
                            0xd1d1           --   Gb  <internal module>
shell_argv_array {Abs}    0x8'0568           --   Gb  <internal module>
shell_array_init {Abs}      0x572d           --   Gb  <internal module>
shell_buf {Abs}           0x8'05d0           --   Gb  <internal module>
shell_cmd_chk {Abs}         0x5831           --   Gb  <internal module>
shell_cmd_table         0xc01'1840    0xb0  Data  Gb  monitor_lp.o [2]
shell_ctl {Abs}           0x8'05a8           --   Gb  <internal module>
shell_get_argc {Abs}        0x573b           --   Gb  <internal module>
shell_get_argv {Abs}        0x5767           --   Gb  <internal module>
shell_give_sema         0xc00'38e5    0x1c  Code  Lc  shell_ram.o [2]
shell_init_ram          0xc00'39c9    0x68  Code  Gb  shell_ram.o [2]
shell_init_rom {Abs}        0x59ad           --   Gb  <internal module>
shell_recv_all_data_onetime {Abs}
                          0x8'05cc           --   Gb  <internal module>
shell_rom {Abs}             0x5a45           --   Gb  <internal module>
shell_sema                0x8'981c     0x4  Data  Gb  shell_ram.o [2]
shell_switch_ipc_int    0xc00'3a31    0x48  Code  Gb  shell_ram.o [2]
shell_task_ram          0xc00'3901    0xb4  Code  Lc  shell_ram.o [2]
shell_task_rom {Abs}        0x5a1d           --   Gb  <internal module>
shell_uart_irq_rom {Abs}
                            0x58f5           --   Gb  <internal module>
simulation_bit_index {Abs}
                            0x3801           --   Gb  <internal module>
simulation_stage_set {Abs}
                            0x3815           --   Gb  <internal module>
sleep_aon_wevent_config
                          0x8'426c    0x40  Data  Gb  rtl8721dlp_sleepcfg.o [4]
sleep_hsram_config        0x8'44ec    0xd0  Data  Gb  rtl8721dlp_sleepcfg_lib.o [9]
sleep_lsram_config        0x8'45bc    0x78  Data  Gb  rtl8721dlp_sleepcfg_lib.o [9]
sleep_type                0x8'446c     0x4  Data  Lc  rtl8721d_freertos_pmu.o [9]
sleep_wakepin_config      0x8'43e0    0x3c  Data  Gb  rtl8721dlp_sleepcfg.o [4]
sleep_wevent_config       0x8'4204    0x68  Data  Gb  rtl8721dlp_sleepcfg.o [4]
sleepwakelock_timeout     0x8'4468     0x4  Data  Lc  rtl8721d_freertos_pmu.o [9]
surveyCmdHdl            0xc00'b689    0x7e  Code  Gb  RTL8721D_D0_Scan_Offlad_RAM.o [10]
surveyPara                0x8'a068    0x20  Data  Gb  RTL8721D_D0_Scan_Offlad_RAM.o [10]
surveyTimerHdl          0xc00'b781    0xd0  Code  Gb  RTL8721D_D0_Scan_Offlad_RAM.o [10]
sysactive_timeout_flag    0x8'4474     0x4  Data  Lc  rtl8721d_freertos_pmu.o [9]
sysactive_timeout_temp    0x8'4470     0x4  Data  Lc  rtl8721d_freertos_pmu.o [9]
system_can_yield          0x8'4478     0x4  Data  Lc  rtl8721d_freertos_pmu.o [9]
tickless_debug            0x8'9b14     0x4  Data  Gb  rtl8721d_freertos_pmu.o [9]
ucHeap                    0x8'4770  0x5000  Data  Lc  freertos_heap5_config.o [3]
ulSetInterruptMaskFromISR
                        0xc01'1969          Code  Gb  portasm.o [5]
updateCheckSumVer2_Ptr {Abs}
                          0x8'076c           --   Gb  <internal module>
updateIPIDVer2          0xc00'caf9    0x10  Code  Gb  RTL8721D_RealWoW_V2_RAM.o [10]
uxCriticalNesting         0x8'3dac     0x4  Data  Lc  port.o [5]
uxCurrentNumberOfTasks    0x8'986c     0x4  Data  Lc  tasks.o [6]
uxDeletedTasksWaitingCleanUp
                          0x8'9854     0x4  Data  Lc  tasks.o [6]
uxListRemove            0xc00'0911    0x26  Code  Gb  list.o [6]
uxPendedTicks             0x8'987c     0x4  Data  Lc  tasks.o [6]
uxSchedulerSuspended      0x8'9890     0x4  Data  Lc  tasks.o [6]
uxTaskNumber              0x8'9888     0x4  Data  Lc  tasks.o [6]
uxTopReadyPriority        0x8'9874     0x4  Data  Lc  tasks.o [6]
vApplicationIdleHook    0xc00'0a0b     0x4  Code  Gb  port.o [5]
vApplicationStackOverflowHook
                        0xc00'0a11     0xe  Code  Gb  port.o [5]
vApplicationStackOverflowHook::__FUNCTION__
                        0xc00'0a3c    0x20  Data  Lc  port.o [5]
vClearInterruptMaskFromISR
                        0xc01'1971          Code  Gb  portasm.o [5]
vListInitialise         0xc00'08a1    0x1e  Code  Gb  list.o [6]
vListInitialiseItem     0xc00'08bf     0x6  Code  Gb  list.o [6]
vListInsert             0xc00'08dd    0x34  Code  Gb  list.o [6]
vListInsertEnd          0xc00'08c5    0x18  Code  Gb  list.o [6]
vPortDefineHeapRegions  0xc00'013b    0x66  Code  Gb  heap_5.o [6]
vPortEnterCritical      0xc00'09c5     0xc  Code  Gb  port.o [5]
vPortExitCritical       0xc00'09dd    0x10  Code  Gb  port.o [5]
vPortFree               0xc00'00c3    0x32  Code  Gb  heap_5.o [6]
vPortStartFirstTask     0xc01'1947          Code  Gb  portasm.o [5]
vPortSuppressTicksAndSleep
                        0xc00'0fcd    0x7c  Code  Gb  rtl8721d_freertos_pmu.o [9]
vPortYield              0xc00'09b9     0xa  Code  Gb  port.o [5]
vQueueWaitForMessageRestricted
                        0xc00'162f    0x46  Code  Gb  queue.o [6]
vSetMSP                 0xc01'1901          Code  Gb  portasm.o [5]
vTaskDelay              0xc00'02fd    0x1e  Code  Gb  tasks.o [6]
vTaskInternalSetTimeOutState
                        0xc00'05e1     0xc  Code  Gb  tasks.o [6]
vTaskMissedYield        0xc00'0647     0x8  Code  Gb  tasks.o [6]
vTaskPlaceOnEventList   0xc00'053b    0x10  Code  Gb  tasks.o [6]
vTaskPlaceOnEventListRestricted
                        0xc00'0561    0x20  Code  Gb  tasks.o [6]
vTaskPriorityDisinheritAfterTimeout
                        0xc00'07af    0x4c  Code  Gb  tasks.o [6]
vTaskStackAddr          0xc00'2e31     0xa  Code  Gb  freertos_backtrace_ext.o [3]
vTaskStackSize          0xc00'2e3b    0x12  Code  Gb  freertos_backtrace_ext.o [3]
vTaskStartScheduler     0xc00'032d    0x3e  Code  Gb  tasks.o [6]
vTaskStepTick           0xc00'0427     0xa  Code  Gb  tasks.o [6]
vTaskSuspendAll         0xc00'0375     0xa  Code  Gb  tasks.o [6]
vTaskSwitchContext      0xc00'04d1    0x6a  Code  Gb  tasks.o [6]
wakelock                  0x8'4464     0x4  Data  Lc  rtl8721d_freertos_pmu.o [9]
wifi_FW_init_ram        0xc00'4cf1    0xc0  Code  Gb  RTL8721D_Init_RAM.o [10]
wifi_config               0x8'3db0    0x10  Data  Gb  rtl8721d_wificfg.o [4]
wifi_disable              0x8'4485     0x1  Data  Gb  RTL8721D_Init_RAM.o [10]
wifi_enable               0x8'4484     0x1  Data  Gb  RTL8721D_Init_RAM.o [10]
wifi_first_boot           0x8'4486     0x1  Data  Gb  RTL8721D_Init_RAM.o [10]
wifi_is_enable            0x8'4487     0x1  Data  Gb  RTL8721D_Init_RAM.o [10]
wpa_supplicant_decrypt_key_data_8721D_ROM {Abs}
                            0x9f71           --   Gb  <internal module>
wpa_supplicant_decrypt_key_data_Ptr {Abs}
                          0x8'0750           --   Gb  <internal module>
wpa_supplicant_process_1_of_2_8721D_ROM {Abs}
                            0x9f51           --   Gb  <internal module>
wpa_supplicant_process_1_of_2_Ptr {Abs}
                          0x8'0754           --   Gb  <internal module>
wpa_supplicant_send_2_of_2_8721D_ROM {Abs}
                            0xa131           --   Gb  <internal module>
wpa_supplicant_send_2_of_2_Ptr {Abs}
                          0x8'074c           --   Gb  <internal module>
write_cam_wow_8721D_ROM {Abs}
                            0xa481           --   Gb  <internal module>
write_cam_wow_Ptr {Abs}
                          0x8'0748           --   Gb  <internal module>
xActiveTimerList1         0x8'99b0    0x14  Data  Lc  timers.o [6]
xActiveTimerList2         0x8'99c4    0x14  Data  Lc  timers.o [6]
xBlockAllocatedBit        0x8'9784     0x4  Data  Lc  heap_5.o [6]
xDelayedTaskList1         0x8'9894    0x14  Data  Lc  tasks.o [6]
xDelayedTaskList2         0x8'98a8    0x14  Data  Lc  tasks.o [6]
xFreeBytesRemaining       0x8'977c     0x4  Data  Lc  heap_5.o [6]
xHeapRegions              0x8'3d94    0x18  Data  Gb  freertos_heap5_config.o [3]
xIdleTaskHandle           0x8'98bc     0x4  Data  Lc  tasks.o [6]
xMinimumEverFreeBytesRemaining
                          0x8'9780     0x4  Data  Lc  heap_5.o [6]
xNextTaskUnblockTime      0x8'988c     0x4  Data  Lc  tasks.o [6]
xNumOfOverflows           0x8'9884     0x4  Data  Lc  tasks.o [6]
xPendingReadyList         0x8'9820    0x14  Data  Lc  tasks.o [6]
xPortStartScheduler     0xc00'0979    0x40  Code  Gb  port.o [5]
xQueueGenericCreate     0xc00'1147    0x3c  Code  Gb  queue.o [6]
xQueueGenericReset      0xc00'10e9    0x5e  Code  Gb  queue.o [6]
xQueueGenericSend       0xc00'1183    0xd4  Code  Gb  queue.o [6]
xQueueGenericSendFromISR
                        0xc00'125f    0x62  Code  Gb  queue.o [6]
xQueueGiveFromISR       0xc00'12c1    0x54  Code  Gb  queue.o [6]
xQueueReceive           0xc00'131b    0xb0  Code  Gb  queue.o [6]
xQueueSemaphoreTake     0xc00'13d5    0xea  Code  Gb  queue.o [6]
xSchedulerRunning         0x8'9878     0x4  Data  Lc  tasks.o [6]
xStart                    0x8'9770     0x8  Data  Lc  heap_5.o [6]
xSuspendedTaskList        0x8'9858    0x14  Data  Lc  tasks.o [6]
xTaskCheckForTimeOut    0xc00'05ed    0x5a  Code  Gb  tasks.o [6]
xTaskCreate             0xc00'01a5   0x158  Code  Gb  tasks.o [6]
xTaskGetCurrentTaskHandle
                        0xc00'06f1     0x6  Code  Gb  tasks.o [6]
xTaskGetSchedulerState  0xc00'06f7    0x16  Code  Gb  tasks.o [6]
xTaskGetTickCount       0xc00'041f     0x2  Code  Gb  tasks.o [6]
xTaskIncrementTick      0xc00'0431    0x9c  Code  Gb  tasks.o [6]
xTaskPriorityDisinherit
                        0xc00'077d    0x32  Code  Gb  tasks.o [6]
xTaskPriorityInherit    0xc00'0711    0x62  Code  Gb  tasks.o [6]
xTaskRemoveFromEventList
                        0xc00'0581    0x48  Code  Gb  tasks.o [6]
xTaskResumeAll          0xc00'03a3    0x7c  Code  Gb  tasks.o [6]
xTasksWaitingTermination
                          0x8'9834    0x14  Data  Lc  tasks.o [6]
xTickCount                0x8'9870     0x4  Data  Lc  tasks.o [6]
xTimerCreateTimerTask   0xc00'0a5d    0x2a  Code  Gb  timers.o [6]
xTimerGenericCommand    0xc00'0a91    0xb2  Code  Gb  timers.o [6]
xTimerQueue               0x8'99a4     0x4  Data  Lc  timers.o [6]
xTimerTaskHandle          0x8'99a8     0x4  Data  Lc  timers.o [6]
xYieldPending             0x8'9880     0x4  Data  Lc  tasks.o [6]
xmodem_ctrl {Abs}         0x8'0654           --   Gb  <internal module>
xmodem_img_download {Abs}
                            0x634d           --   Gb  <internal module>
xmodem_img_rxbuffer {Abs}
                            0x5ae9           --   Gb  <internal module>
xmodem_img_write {Abs}      0x6331           --   Gb  <internal module>
xmodem_uart_clean_rx {Abs}
                            0x62f1           --   Gb  <internal module>
xmodem_uart_deinit {Abs}
                            0x618d           --   Gb  <internal module>
xmodem_uart_getc {Abs}      0x6251           --   Gb  <internal module>
xmodem_uart_getc_to {Abs}
                            0x62a9           --   Gb  <internal module>
xmodem_uart_init {Abs}      0x60f5           --   Gb  <internal module>
xmodem_uart_port_deinit {Abs}
                            0x61d5           --   Gb  <internal module>
xmodem_uart_port_init {Abs}
                            0x61a1           --   Gb  <internal module>
xmodem_uart_putc {Abs}      0x6275           --   Gb  <internal module>
xmodem_uart_putdata {Abs}
                            0x628d           --   Gb  <internal module>
xmodem_uart_readable {Abs}
                            0x6221           --   Gb  <internal module>
xmodem_uart_writable {Abs}
                            0x6239           --   Gb  <internal module>
xmodem_uartx {Abs}        0x8'0660           --   Gb  <internal module>


[1] = D:\Projects\Technosoft\BradFord\Software\CEL\CMP4020\ambd_sdk\project\realtek_amebaD_va0_example\EWARM-RELEASE\Debug\Obj\km0_application\app_1052054763364153231.dir
[2] = D:\Projects\Technosoft\BradFord\Software\CEL\CMP4020\ambd_sdk\project\realtek_amebaD_va0_example\EWARM-RELEASE\Debug\Obj\km0_application\console_11796518684936991154.dir
[3] = D:\Projects\Technosoft\BradFord\Software\CEL\CMP4020\ambd_sdk\project\realtek_amebaD_va0_example\EWARM-RELEASE\Debug\Obj\km0_application\freertos_17785536858037321119.dir
[4] = D:\Projects\Technosoft\BradFord\Software\CEL\CMP4020\ambd_sdk\project\realtek_amebaD_va0_example\EWARM-RELEASE\Debug\Obj\km0_application\fwlib_1055424036140486818.dir
[5] = D:\Projects\Technosoft\BradFord\Software\CEL\CMP4020\ambd_sdk\project\realtek_amebaD_va0_example\EWARM-RELEASE\Debug\Obj\km0_application\portable_14137284409524984125.dir
[6] = D:\Projects\Technosoft\BradFord\Software\CEL\CMP4020\ambd_sdk\project\realtek_amebaD_va0_example\EWARM-RELEASE\Debug\Obj\km0_application\source_1007705537326852447.dir
[7] = D:\Projects\Technosoft\BradFord\Software\CEL\CMP4020\ambd_sdk\project\realtek_amebaD_va0_example\EWARM-RELEASE\Debug\Obj\km0_application\user_8514941877209965082.dir
[8] = dl6M_tln.a
[9] = lib_pmc_lp.a
[10] = lib_wifi_fw.a
[11] = m6M_tl.a
[12] = rt6M_tl.a

  67'700 bytes of readonly  code memory
   7'790 bytes of readonly  data memory
  28'844 bytes of readwrite data memory

Errors: none
Warnings: none
