###############################################################################
#
# IAR ELF Linker V9.60.2.399/W64 for ARM                  13/Oct/2024  20:09:49
# Copyright 2007-2024 IAR Systems AB.
#
#    Output file                  =
#        D:\Projects\Technosoft\BradFord\Software\CEL\CMP4020\ambd_sdk\project\realtek_amebaD_va0_example\EWARM-RELEASE\Debug\Exe\km4_image\km4_bootloader.axf
#    Map file                     =
#        D:\Projects\Technosoft\BradFord\Software\CEL\CMP4020\ambd_sdk\project\realtek_amebaD_va0_example\EWARM-RELEASE\Debug\List\km4_bootloader\km4_bootloader.map
#    Import CMSE library file out =
#        D:\Projects\Technosoft\BradFord\Software\CEL\CMP4020\ambd_sdk\project\realtek_amebaD_va0_example\EWARM-RELEASE\Debug\Exe\km4_image\km4_bootloader_import_lib.o
#    Command line                 =
#        -f
#        D:\Projects\Technosoft\BradFord\Software\CEL\CMP4020\ambd_sdk\project\realtek_amebaD_va0_example\EWARM-RELEASE\Debug\Exe\km4_image\km4_bootloader.axf.rsp
#        (D:\Projects\Technosoft\BradFord\Software\CEL\CMP4020\ambd_sdk\component\soc\realtek\amebad\misc\bsp\lib\common\IAR\lib_bootloader_hp.a
#        D:\Projects\Technosoft\BradFord\Software\CEL\CMP4020\ambd_sdk\project\realtek_amebaD_va0_example\EWARM-RELEASE\Debug\Obj\km4_bootloader\cmsis_10847856019631765829.dir\rtl8721d_bootcfg.o
#        D:\Projects\Technosoft\BradFord\Software\CEL\CMP4020\ambd_sdk\project\realtek_amebaD_va0_example\EWARM-RELEASE\Debug\Obj\km4_bootloader\cmsis_10847856019631765829.dir\rtl8721dhp_boot_trustzonecfg.o
#        --no_out_extension -o
#        D:\Projects\Technosoft\BradFord\Software\CEL\CMP4020\ambd_sdk\project\realtek_amebaD_va0_example\EWARM-RELEASE\Debug\Exe\km4_image\km4_bootloader.axf
#        --map
#        D:\Projects\Technosoft\BradFord\Software\CEL\CMP4020\ambd_sdk\project\realtek_amebaD_va0_example\EWARM-RELEASE\Debug\List\km4_bootloader\km4_bootloader.map
#        --config
#        D:\Projects\Technosoft\BradFord\Software\CEL\CMP4020\ambd_sdk\project\realtek_amebaD_va0_example\EWARM-RELEASE\rtl8721dhp_bootloader.icf
#        --diag_suppress Lp006 --semihosting --entry BOOT_FLASH_Image1 --vfe
#        --text_out locale --import_cmse_lib_out
#        D:\Projects\Technosoft\BradFord\Software\CEL\CMP4020\ambd_sdk\project\realtek_amebaD_va0_example\EWARM-RELEASE\Debug\Exe\km4_image\km4_bootloader_import_lib.o
#        --cpu=Cortex-M33.no_dsp --fpu=VFPv5_sp) --dependencies=n
#        D:\Projects\Technosoft\BradFord\Software\CEL\CMP4020\ambd_sdk\project\realtek_amebaD_va0_example\EWARM-RELEASE\Debug\Exe\km4_image\km4_bootloader.axf.iar_deps
#
###############################################################################

*******************************************************************************
*** RUNTIME MODEL ATTRIBUTES
***

__CPP_Runtime   = 1
__SystemLibrary = DLib
__dlib_version  = 6


*******************************************************************************
*** HEAP SELECTION
***

The basic heap was selected because --advanced_heap
was not specified and the application did not appear to
be primarily optimized for speed.


*******************************************************************************
*** PLACEMENT SUMMARY
***

define block .ram_image1.entry
   with fixed order {
      section .image1.entry.data*, section .image1.validate.rodata*,
      section .image1.export.symb* };
define block .ram_image1.text
   with fixed order {
      section .boot.ram.text*, section .boot.rodata*, section .text*,
      section .rodata*, section CODE };
define block .ram_image1.data
   with fixed order {
      section .boot.ram.data*, section .data*, section DATA,
      section .iar.init_table, section __DLIB_PERTHREAD };
define block IMAGE1
   with fixed order {
      block .ram_image1.entry, block .ram_image1.text, block .ram_image1.data };
"A4":  place at start of [from 0x1007'd000 to 0x1007'efff] { rw, block IMAGE1 };
define block .ram_image1.bss
   with fixed order {
      section .boot.ram.bss*, section .boot.ram.end.bss*, section .bss*,
      section COMMON };
"P1":  place in [from 0x1007'd000 to 0x1007'efff] { zi, block .ram_image1.bss };
define block .ram_image2.entry
   with fixed order {
      section .image2.entry.data*, section .image2.validate.rodata* };
"A5":  place at start of [from 0x1000'5000 to 0x1007'6fff] {
          block .ram_image2.entry };
do not initialize { rw };
keep { section .image1.entry.data* };
keep { section .image1.validate.rodata* };
keep { section .boot.ram.text* };
keep { section .boot.rodata* };
keep { section .boot.ram.data* };

No sections matched the following patterns:

  section .boot.ram.bss*            in block .ram_image1.bss
  section .boot.ram.end.bss*        in block .ram_image1.bss
  section .data*                    in block .ram_image1.data
  section .flashboot.text*          in block .xip_image1.text
  section .hal.rom.bss              in "A2"
  section .hal.s_rom.bss            in "A3"
  section .iar.init_table           in block .ram_image1.data
  section .image2.entry.data*       in block .ram_image2.entry
  section .image2.validate.rodata*  in block .ram_image2.entry
  section .rom.rodata               in "A1"
  section .rom.text                 in "A0"
  section CODE                      in block .ram_image1.text
  section COMMON                    in block .ram_image1.bss
  section DATA                      in block .ram_image1.data
  section __DLIB_PERTHREAD          in block .ram_image1.data


  Section                 Kind         Address  Alignment    Size  Object
  -------                 ----         -------  ---------    ----  ------
"A5":                                                         0x0
  .ram_image2.entry                0x1000'5000                0x0  <Block>

"A4":                                                      0x11aa
  IMAGE1                           0x1007'd000             0x11aa  <Block>
    .ram_image1.entry              0x1007'd000               0x30  <Block>
      .image1.entry.data  rw data  0x1007'd000          4    0x20  boot_ram_hp.o [2]
      .image1.validate.rodata
                          const    0x1007'd020          4     0x8  boot_ram_hp.o [2]
      .image1.export.symb
                          rw data  0x1007'd028          4     0x8  boot_ram_hp.o [2]
    .ram_image1.text               0x1007'd030             0x1070  <Block>
      .boot.ram.text      ro code  0x1007'd030          4   0xa4c  boot_flash_hp.o [2]
      .boot.ram.text      ro code  0x1007'da7c          4   0x124  boot_trustzone_hp.o [2]
      .boot.ram.text      ro code  0x1007'dba0          4    0xa8  boot_ram_hp.o [2]
      .boot.rodata        rw data  0x1007'dc48          4     0x4  boot_ram_hp.o [2]
      .boot.rodata        rw data  0x1007'dc4c          4     0x4  boot_ram_hp.o [2]
      .boot.rodata        rw data  0x1007'dc50          4     0x4  boot_ram_hp.o [2]
      .text               ro code  0x1007'dc54          4     0x4  boot_flash_hp.o [2]
      .text               ro code  0x1007'dc58          4    0x22  fpinit_M.o [3]
      .rodata             const    0x1007'dc7c          4    0x34  boot_flash_hp.o [2]
      .rodata             const    0x1007'dcb0          4    0x30  boot_flash_hp.o [2]
      .rodata             const    0x1007'dce0          4    0x3c  boot_flash_hp.o [2]
      .rodata             const    0x1007'dd1c          4    0x34  boot_flash_hp.o [2]
      .rodata             const    0x1007'dd50          4    0x38  boot_flash_hp.o [2]
      .rodata             const    0x1007'dd88          4    0x4c  boot_flash_hp.o [2]
      .rodata             const    0x1007'ddd4          4    0x34  boot_flash_hp.o [2]
      .rodata             const    0x1007'de08          4    0x34  boot_flash_hp.o [2]
      .rodata             const    0x1007'de3c          4    0x24  boot_flash_hp.o [2]
      .rodata             const    0x1007'de60          4    0x20  boot_flash_hp.o [2]
      .rodata             const    0x1007'de80          4    0x14  boot_flash_hp.o [2]
      .rodata             const    0x1007'de94          4    0x10  boot_flash_hp.o [2]
      .rodata             const    0x1007'dea4          4    0x14  boot_flash_hp.o [2]
      .rodata             const    0x1007'deb8          4    0x30  boot_flash_hp.o [2]
      .rodata             const    0x1007'dee8          4    0x30  boot_flash_hp.o [2]
      .rodata             const    0x1007'df18          4    0x34  boot_flash_hp.o [2]
      .rodata             const    0x1007'df4c          4    0x30  boot_flash_hp.o [2]
      .rodata             const    0x1007'df7c          4    0x2c  boot_flash_hp.o [2]
      .rodata             const    0x1007'dfa8          4    0x30  boot_flash_hp.o [2]
      .rodata             const    0x1007'dfd8          4     0x8  boot_flash_hp.o [2]
      .rodata             const    0x1007'dfe0          4    0x30  boot_flash_hp.o [2]
      .rodata             const    0x1007'e010          4    0x38  boot_flash_hp.o [2]
      .rodata             const    0x1007'e048          4    0x14  boot_ram_hp.o [2]
      .rodata             const    0x1007'e05c          4    0x20  boot_ram_hp.o [2]
      .rodata             const    0x1007'e07c          4     0x8  boot_ram_hp.o [2]
      .rodata             const    0x1007'e084          4    0x1c  boot_ram_hp.o [2]
    .ram_image1.data               0x1007'e0a0              0x10a  <Block>
      .boot.ram.data      const    0x1007'e0a0          4    0x60  rtl8721dhp_boot_trustzonecfg.o [1]
      .boot.ram.data      rw data  0x1007'e100          4    0x70  rtl8721d_bootcfg.o [1]
      .boot.ram.data      rw data  0x1007'e170          4     0x8  rtl8721d_bootcfg.o [1]
      .boot.ram.data      rw data  0x1007'e178          4    0x28  rtl8721d_bootcfg.o [1]
      .boot.ram.data      rw data  0x1007'e1a0          4     0x4  rtl8721d_bootcfg.o [1]
      .boot.ram.data      rw data  0x1007'e1a4          4     0x4  rtl8721d_bootcfg.o [1]
      .boot.ram.data      rw data  0x1007'e1a8                0x1  rtl8721d_bootcfg.o [1]
      .boot.ram.data      rw data  0x1007'e1a9                0x1  rtl8721d_bootcfg.o [1]
                                 - 0x1007'e1aa             0x11aa

"P1":                                                         0x4
  .ram_image1.bss                  0x1007'e1ac                0x4  <Block>
    .bss                  uninit   0x1007'e1ac          4     0x4  boot_flash_hp.o [2]
                                 - 0x1007'e1b0                0x4

Unused ranges:

         From           To   Size
         ----           --   ----
  0x1007'e1aa  0x1007'e1ab    0x2
  0x1007'e1b0  0x1007'efff  0xe50



*******************************************************************************
*** MODULE SUMMARY
***

    Module                          ro code  ro data  rw data
    ------                          -------  -------  -------
command line/config:
    ---------------------------------------------------------
    Total:

D:\Projects\Technosoft\BradFord\Software\CEL\CMP4020\ambd_sdk\project\realtek_amebaD_va0_example\EWARM-RELEASE\Debug\Obj\km4_bootloader\cmsis_10847856019631765829.dir: [1]
    rtl8721d_bootcfg.o                                    170
    rtl8721dhp_boot_trustzonecfg.o                96
    ---------------------------------------------------------
    Total:                                        96      170

lib_bootloader_hp.a: [2]
    boot_flash_hp.o                   2'640      972        4
    boot_ram_hp.o                       168       96       52
    boot_trustzone_hp.o                 292
    ---------------------------------------------------------
    Total:                            3'100    1'068       56

m7M_tls.a: [3]
    fpinit_M.o                           34
    ---------------------------------------------------------
    Total:                               34

    Gaps                                           2
-------------------------------------------------------------
    Grand Total:                      3'134    1'166      226


*******************************************************************************
*** ENTRY LIST
***

Entry                       Address   Size  Type      Object
-----                       -------   ----  ----      ------
.ram_image1.bss$$Base   0x1007'e1ac          --   Gb  - Linker created -
.ram_image1.bss$$Limit  0x1007'e1b0          --   Gb  - Linker created -
.ram_image1.data$$Base  0x1007'e0a0          --   Gb  - Linker created -
.ram_image1.data$$Limit
                        0x1007'e1aa          --   Gb  - Linker created -
.ram_image1.entry$$Base
                        0x1007'd000          --   Gb  - Linker created -
.ram_image1.entry$$Limit
                        0x1007'd030          --   Gb  - Linker created -
.ram_image1.text$$Base  0x1007'd030          --   Gb  - Linker created -
.ram_image1.text$$Limit
                        0x1007'e0a0          --   Gb  - Linker created -
.ram_image2.entry$$Base
                        0x1000'5000          --   Gb  - Linker created -
.ram_image2.entry$$Limit
                        0x1000'5000          --   Gb  - Linker created -
BKUP_Clear {Abs}        0x1010'08fd          --   Gb  <internal module>
BKUP_Read {Abs}         0x1010'08b5          --   Gb  <internal module>
BKUP_Set {Abs}          0x1010'08d5          --   Gb  <internal module>
BKUP_Write {Abs}        0x1010'0891          --   Gb  <internal module>
BOOT_FLASH_FuncEnable   0x1007'd031   0xcc  Code  Gb  boot_flash_hp.o [2]
BOOT_FLASH_Image1       0x1007'd781  0x1b4  Code  Gb  boot_flash_hp.o [2]
BOOT_FLASH_Image2SignatureCheck
                        0x1007'd6dd   0xa0  Code  Gb  boot_flash_hp.o [2]
BOOT_FLASH_Image3Load   0x1007'd345  0x194  Code  Gb  boot_flash_hp.o [2]
BOOT_FLASH_RDP          0x1007'd269   0xdc  Code  Gb  boot_flash_hp.o [2]
BOOT_FLASH_RDP_Checksum
                        0x1007'd0fd   0x28  Code  Lc  boot_flash_hp.o [2]
BOOT_FLASH_RDP_ImageDecrypt
                        0x1007'd125  0x144  Code  Gb  boot_flash_hp.o [2]
BOOT_FLASH_Reason_Set   0x1007'd4d9   0x6c  Code  Gb  boot_flash_hp.o [2]
BOOT_FLASH_WakeFromPG   0x1007'd561   0x6e  Code  Gb  boot_flash_hp.o [2]
BOOT_RAM_Image1         0x1007'dbb7   0x66  Code  Lc  boot_ram_hp.o [2]
BOOT_RAM_NsStart        0x1007'dc55    0x4  Code  Lc  boot_flash_hp.o [2]
BOOT_RAM_SectionInit    0x1007'dba1   0x16  Code  Gb  boot_ram_hp.o [2]
BOOT_RAM_TZCfg          0x1007'da7d  0x124  Code  Gb  boot_trustzone_hp.o [2]
BOOT_ROM_FromFlash {Abs}
                        0x1010'4281          --   Gb  <internal module>
BOOT_ROM_InitDebugFlg {Abs}
                        0x1010'438d          --   Gb  <internal module>
BOOT_ROM_ResetVsr {Abs}
                        0x1010'43a9          --   Gb  <internal module>
BOOT_ROM_SignatureCheck {Abs}
                        0x1010'41a9          --   Gb  <internal module>
BOOT_Reason {Abs}       0x1010'0929          --   Gb  <internal module>
BOOT_SCBVTORBackup_HP   0x1007'd545    0xe  Code  Gb  boot_flash_hp.o [2]
BOOT_SCBVTORReFill_HP   0x1007'd553    0xe  Code  Gb  boot_flash_hp.o [2]
Boot_Log_En             0x1007'e1a9    0x1  Data  Gb  rtl8721d_bootcfg.o [1]
BusFault_Handler {Abs}  0x1010'011d          --   Gb  <internal module>
CPU_ClkGet {Abs}        0x1010'4515          --   Gb  <internal module>
CPU_ClkSet {Abs}        0x1010'4501          --   Gb  <internal module>
CRYPTO_CipherDecryptAD {Abs}
                        0x1010'57e9          --   Gb  <internal module>
CRYPTO_CipherEncryptAD {Abs}
                        0x1010'57b9          --   Gb  <internal module>
CRYPTO_CipherInit {Abs}
                        0x1010'5799          --   Gb  <internal module>
CRYPTO_CleanCmdOk {Abs}
                        0x1010'47c1          --   Gb  <internal module>
CRYPTO_ClearAllINT {Abs}
                        0x1010'47f9          --   Gb  <internal module>
CRYPTO_Init {Abs}       0x1010'4a49          --   Gb  <internal module>
CRYPTO_MemDump {Abs}    0x1010'4539          --   Gb  <internal module>
CRYPTO_ProcessAD {Abs}  0x1010'4a6d          --   Gb  <internal module>
CRYPTO_RegDump {Abs}    0x1010'4601          --   Gb  <internal module>
CRYPTO_Reset {Abs}      0x1010'4829          --   Gb  <internal module>
CRYPTO_SendSeqBuf {Abs}
                        0x1010'5681          --   Gb  <internal module>
CRYPTO_SetSecurityModeAD {Abs}
                        0x1010'486d          --   Gb  <internal module>
ConfigDebug {Abs}       0x1000'000c          --   Gb  <internal module>
ConfigDebugBuffer {Abs}
                        0x1000'0004          --   Gb  <internal module>
ConfigDebugBufferGet {Abs}
                        0x1000'0008          --   Gb  <internal module>
ConfigDebugClose {Abs}  0x1000'0000          --   Gb  <internal module>
DelayMs {Abs}           0x1010'0995          --   Gb  <internal module>
DelayNop {Abs}          0x1010'0939          --   Gb  <internal module>
DelayUs {Abs}           0x1010'0949          --   Gb  <internal module>
DiagPrintf {Abs}        0x1010'03f5          --   Gb  <internal module>
DiagPrintfD {Abs}       0x1010'0445          --   Gb  <internal module>
DiagSPrintf {Abs}       0x1010'0471          --   Gb  <internal module>
DiagSnPrintf {Abs}      0x1010'049d          --   Gb  <internal module>
DiagVSprintf {Abs}      0x1010'012d          --   Gb  <internal module>
EFUSEPowerSwitch {Abs}  0x1010'09a9          --   Gb  <internal module>
EFUSERead8 {Abs}        0x1010'0a31          --   Gb  <internal module>
EFUSEWrite8 {Abs}       0x1010'0b1d          --   Gb  <internal module>
EFUSE_LogicalMap_Read {Abs}
                        0x1010'0e99          --   Gb  <internal module>
EFUSE_LogicalMap_Write {Abs}
                        0x1010'0fad          --   Gb  <internal module>
EFUSE_PG_Packet {Abs}   0x1010'0c21          --   Gb  <internal module>
EXT32K_Cmd {Abs}        0x1010'44c9          --   Gb  <internal module>
FLASH_DeepPowerDown {Abs}
                        0x1010'17b9          --   Gb  <internal module>
FLASH_Erase {Abs}       0x1010'170d          --   Gb  <internal module>
FLASH_Init {Abs}        0x1010'1ba1          --   Gb  <internal module>
FLASH_RxCmd {Abs}       0x1010'1415          --   Gb  <internal module>
FLASH_RxData {Abs}      0x1010'1195          --   Gb  <internal module>
FLASH_SW_CS_Control {Abs}
                        0x1010'1329          --   Gb  <internal module>
FLASH_SetSpiMode {Abs}  0x1010'137d          --   Gb  <internal module>
FLASH_SetStatus {Abs}   0x1010'16ed          --   Gb  <internal module>
FLASH_SetStatusBits {Abs}
                        0x1010'1809          --   Gb  <internal module>
FLASH_StructInit {Abs}  0x1010'1aed          --   Gb  <internal module>
FLASH_StructInit_GD {Abs}
                        0x1010'1a39          --   Gb  <internal module>
FLASH_StructInit_MXIC {Abs}
                        0x1010'198d          --   Gb  <internal module>
FLASH_StructInit_Micron {Abs}
                        0x1010'18dd          --   Gb  <internal module>
FLASH_TxCmd {Abs}       0x1010'129d          --   Gb  <internal module>
FLASH_TxData12B {Abs}   0x1010'160d          --   Gb  <internal module>
FLASH_TxData256B {Abs}  0x1010'151d          --   Gb  <internal module>
FLASH_WaitBusy {Abs}    0x1010'1479          --   Gb  <internal module>
FLASH_WriteEn {Abs}     0x1010'14f9          --   Gb  <internal module>
Flash_MMU_Config        0x1007'e100   0x70  Data  Gb  rtl8721d_bootcfg.o [1]
Force_OTA1_GPIO         0x1007'e1a8    0x1  Data  Gb  rtl8721d_bootcfg.o [1]
FwCheckCallback         0x1007'e1a0    0x4  Data  Gb  rtl8721d_bootcfg.o [1]
GDMA_ChCleanAutoReload {Abs}
                        0x1010'214d          --   Gb  <internal module>
GDMA_ChnlAlloc {Abs}    0x1010'243d          --   Gb  <internal module>
GDMA_ChnlFree {Abs}     0x1010'24d9          --   Gb  <internal module>
GDMA_ChnlRegister {Abs}
                        0x1010'23b9          --   Gb  <internal module>
GDMA_ChnlUnRegister {Abs}
                        0x1010'2401          --   Gb  <internal module>
GDMA_ClearINT {Abs}     0x1010'1da5          --   Gb  <internal module>
GDMA_ClearINTPendingBit {Abs}
                        0x1010'1cd9          --   Gb  <internal module>
GDMA_Cmd {Abs}          0x1010'1f91          --   Gb  <internal module>
GDMA_GetBlkSize {Abs}   0x1010'2369          --   Gb  <internal module>
GDMA_GetDstAddr {Abs}   0x1010'226d          --   Gb  <internal module>
GDMA_GetIrqNum {Abs}    0x1010'2565          --   Gb  <internal module>
GDMA_GetSrcAddr {Abs}   0x1010'2221          --   Gb  <internal module>
GDMA_INTConfig {Abs}    0x1010'1e75          --   Gb  <internal module>
GDMA_Init {Abs}         0x1010'1ff9          --   Gb  <internal module>
GDMA_Reg {Abs}          0x1000'0098          --   Gb  <internal module>
GDMA_SetBlkSize {Abs}   0x1010'2309          --   Gb  <internal module>
GDMA_SetDstAddr {Abs}   0x1010'22b9          --   Gb  <internal module>
GDMA_SetLLP {Abs}       0x1010'1c45          --   Gb  <internal module>
GDMA_SetSrcAddr {Abs}   0x1010'21d1          --   Gb  <internal module>
GDMA_StructInit {Abs}   0x1010'1c25          --   Gb  <internal module>
GPIO_DeInit {Abs}       0x1010'27e1          --   Gb  <internal module>
GPIO_Direction {Abs}    0x1010'2721          --   Gb  <internal module>
GPIO_INTConfig {Abs}    0x1010'2641          --   Gb  <internal module>
GPIO_INTHandler {Abs}   0x1010'2679          --   Gb  <internal module>
GPIO_INTMode {Abs}      0x1010'25a9          --   Gb  <internal module>
GPIO_Init {Abs}         0x1010'2755          --   Gb  <internal module>
GPIO_PortDirection {Abs}
                        0x1010'28a1          --   Gb  <internal module>
GPIO_PortRead {Abs}     0x1010'28c5          --   Gb  <internal module>
GPIO_PortWrite {Abs}    0x1010'28d5          --   Gb  <internal module>
GPIO_ReadDataBit {Abs}  0x1010'284d          --   Gb  <internal module>
GPIO_UserRegIrq {Abs}   0x1010'28ed          --   Gb  <internal module>
GPIO_WriteBit {Abs}     0x1010'2871          --   Gb  <internal module>
HardFault_Handler {Abs}
                        0x1010'0115          --   Gb  <internal module>
IMAGE1$$Base            0x1007'd000          --   Gb  - Linker created -
IMAGE1$$Limit           0x1007'e1aa          --   Gb  - Linker created -
INT_BusFault {Abs}      0x1010'6205          --   Gb  <internal module>
INT_BusFault_Patch      0x1007'd661   0x1c  Code  Gb  boot_flash_hp.o [2]
INT_HardFault {Abs}     0x1010'61c5          --   Gb  <internal module>
INT_HardFault_C {Abs}   0x1010'6265          --   Gb  <internal module>
INT_HardFault_Patch     0x1007'd629   0x1c  Code  Gb  boot_flash_hp.o [2]
INT_HardFault_Patch_C   0x1007'd5d1   0x56  Code  Gb  boot_flash_hp.o [2]
INT_MemFault_Patch      0x1007'd67d   0x1c  Code  Gb  boot_flash_hp.o [2]
INT_MemManage {Abs}     0x1010'61e5          --   Gb  <internal module>
INT_NMI {Abs}           0x1010'6635          --   Gb  <internal module>
INT_SecureFault {Abs}   0x1010'6245          --   Gb  <internal module>
INT_SecureFault_Patch   0x1007'd699   0x1c  Code  Gb  boot_flash_hp.o [2]
INT_UsageFault {Abs}    0x1010'6225          --   Gb  <internal module>
INT_UsageFault_Patch    0x1007'd645   0x1c  Code  Gb  boot_flash_hp.o [2]
IPC_CPUID {Abs}         0x1010'295d          --   Gb  <internal module>
IPC_IERGet {Abs}        0x1010'293d          --   Gb  <internal module>
IPC_IERSet {Abs}        0x1010'2939          --   Gb  <internal module>
IPC_INTClear {Abs}      0x1010'294d          --   Gb  <internal module>
IPC_INTConfig {Abs}     0x1010'2925          --   Gb  <internal module>
IPC_INTGet {Abs}        0x1010'2959          --   Gb  <internal module>
IPC_INTHandler {Abs}    0x1010'2a21          --   Gb  <internal module>
IPC_INTRequest {Abs}    0x1010'2941          --   Gb  <internal module>
IPC_INTUserHandler {Abs}
                        0x1010'2a61          --   Gb  <internal module>
IPC_IrqData {Abs}       0x1000'031c          --   Gb  <internal module>
IPC_IrqHandler {Abs}    0x1000'029c          --   Gb  <internal module>
IPC_SEMFree {Abs}       0x1010'29b9          --   Gb  <internal module>
IPC_SEMGet {Abs}        0x1010'2969          --   Gb  <internal module>
IS_FPGA_VERIF {Abs}     0x1000'039c          --   Gb  <internal module>
LOGUART_GetChar {Abs}   0x1010'2b29          --   Gb  <internal module>
LOGUART_GetIMR {Abs}    0x1010'2b59          --   Gb  <internal module>
LOGUART_Init {Abs}      0x1010'2ab5          --   Gb  <internal module>
LOGUART_PutChar {Abs}   0x1010'2af5          --   Gb  <internal module>
LOGUART_Readable {Abs}  0x1010'2b45          --   Gb  <internal module>
LOGUART_SetBaud {Abs}   0x1010'2b91          --   Gb  <internal module>
LOGUART_SetIMR {Abs}    0x1010'2b65          --   Gb  <internal module>
LOGUART_StructInit {Abs}
                        0x1010'2a9d          --   Gb  <internal module>
LOGUART_WaitBusy {Abs}  0x1010'2b71          --   Gb  <internal module>
MemManage_Handler {Abs}
                        0x1010'0119          --   Gb  <internal module>
NMI_Handler {Abs}       0x1010'0111          --   Gb  <internal module>
NewVectorTable {Abs}    0x1007'c000          --   Gb  <internal module>
OTASelectHook           0x1007'e1a4    0x4  Data  Gb  rtl8721d_bootcfg.o [1]
OTA_Region              0x1007'e170    0x8  Data  Gb  rtl8721d_bootcfg.o [1]
PAD_CMD {Abs}           0x1010'2f99          --   Gb  <internal module>
PAD_PullCtrl {Abs}      0x1010'2f6d          --   Gb  <internal module>
PORT_AB {Abs}           0x101d'401c          --   Gb  <internal module>
Pinmux_Config {Abs}     0x1010'2fb9          --   Gb  <internal module>
Pinmux_ConfigGet {Abs}  0x1010'2fd9          --   Gb  <internal module>
Pinmux_SpicCtrl {Abs}   0x1010'303d          --   Gb  <internal module>
Pinmux_UartLogCtrl {Abs}
                        0x1010'2fe9          --   Gb  <internal module>
PortA_IrqData {Abs}     0x1000'011c          --   Gb  <internal module>
PortA_IrqHandler {Abs}  0x1000'009c          --   Gb  <internal module>
PortB_IrqData {Abs}     0x1000'021c          --   Gb  <internal module>
PortB_IrqHandler {Abs}  0x1000'019c          --   Gb  <internal module>
RAM_IMG1_VALID_PATTEN   0x1007'd020    0x8  Data  Gb  boot_ram_hp.o [2]
RBSS_UDELAY_DIV {Abs}   0x1000'0034          --   Gb  <internal module>
RCC_PeriphClockCmd {Abs}
                        0x1010'6021          --   Gb  <internal module>
RCC_PeriphClockSource_I2C {Abs}
                        0x1010'6105          --   Gb  <internal module>
RCC_PeriphClockSource_QDEC {Abs}
                        0x1010'6125          --   Gb  <internal module>
RCC_PeriphClockSource_RTC {Abs}
                        0x1010'60b9          --   Gb  <internal module>
RCC_PeriphClockSource_UART {Abs}
                        0x1010'6145          --   Gb  <internal module>
RSIP_Cmd {Abs}          0x1010'2de9          --   Gb  <internal module>
RSIP_KEY_Request {Abs}  0x1010'2ec9          --   Gb  <internal module>
RSIP_MMU_Cmd {Abs}      0x1010'2f31          --   Gb  <internal module>
RSIP_MMU_Config {Abs}   0x1010'2f0d          --   Gb  <internal module>
RSIP_Mask_Config        0x1007'e178   0x28  Data  Gb  rtl8721d_bootcfg.o [1]
RSIP_OTF_Cmd {Abs}      0x1010'2e6d          --   Gb  <internal module>
RSIP_OTF_Mask {Abs}     0x1010'2e81          --   Gb  <internal module>
RSIP_OTF_init {Abs}     0x1010'2e05          --   Gb  <internal module>
RTIM_Cmd {Abs}          0x1010'326d          --   Gb  <internal module>
RTIM_DeInit {Abs}       0x1010'3595          --   Gb  <internal module>
RTIM_GetCount {Abs}     0x1010'32f5          --   Gb  <internal module>
RTIM_GetFlagStatus {Abs}
                        0x1010'3685          --   Gb  <internal module>
RTIM_GetINTStatus {Abs}
                        0x1010'375d          --   Gb  <internal module>
RTIM_INTClear {Abs}     0x1010'33f1          --   Gb  <internal module>
RTIM_INTClearPendingBit {Abs}
                        0x1010'3611          --   Gb  <internal module>
RTIM_INTConfig {Abs}    0x1010'3361          --   Gb  <internal module>
RTIM_TimeBaseInit {Abs}
                        0x1010'345d          --   Gb  <internal module>
RTIM_TimeBaseStructInit {Abs}
                        0x1010'3255          --   Gb  <internal module>
RamStartTable           0x1007'd000   0x20  Data  Gb  boot_ram_hp.o [2]
Rand {Abs}              0x1010'0765          --   Gb  <internal module>
RandBytes_Get {Abs}     0x1010'0825          --   Gb  <internal module>
Rand_Arc4 {Abs}         0x1010'07f1          --   Gb  <internal module>
Reset_Handler {Abs}     0x1010'0101          --   Gb  <internal module>
SCB_VTOR_BK             0x1007'e1ac    0x4  Data  Gb  boot_flash_hp.o [2]
SPIC_CALIB_PATTERN {Abs}
                        0x101d'4000          --   Gb  <internal module>
STACK_TOP {Abs}         0x1007'effc          --   Gb  <internal module>
SYSCFG_GetChipInfo {Abs}
                        0x1010'61b9          --   Gb  <internal module>
SYSTIMER_GetPassTime {Abs}
                        0x1010'3225          --   Gb  <internal module>
SYSTIMER_Init {Abs}     0x1010'31c5          --   Gb  <internal module>
SYSTIMER_TickGet {Abs}  0x1010'3215          --   Gb  <internal module>
SecureFault_Handler {Abs}
                        0x1010'0125          --   Gb  <internal module>
UART_BaudParaGet {Abs}  0x1010'3899          --   Gb  <internal module>
UART_BaudParaGetFull {Abs}
                        0x1010'3861          --   Gb  <internal module>
UART_BreakCtl {Abs}     0x1010'3b09          --   Gb  <internal module>
UART_CharGet {Abs}      0x1010'3a1d          --   Gb  <internal module>
UART_CharPut {Abs}      0x1010'3a19          --   Gb  <internal module>
UART_ClearRxFifo {Abs}  0x1010'3b1d          --   Gb  <internal module>
UART_ClearTxFifo {Abs}  0x1010'3be5          --   Gb  <internal module>
UART_DeInit {Abs}       0x1010'383d          --   Gb  <internal module>
UART_INTConfig {Abs}    0x1010'3bf1          --   Gb  <internal module>
UART_Init {Abs}         0x1010'3b3d          --   Gb  <internal module>
UART_IntStatus {Abs}    0x1010'3c01          --   Gb  <internal module>
UART_LineStatusGet {Abs}
                        0x1010'3c09          --   Gb  <internal module>
UART_ModemStatusGet {Abs}
                        0x1010'3c05          --   Gb  <internal module>
UART_Readable {Abs}     0x1010'3a11          --   Gb  <internal module>
UART_ReceiveData {Abs}  0x1010'3a25          --   Gb  <internal module>
UART_ReceiveDataTO {Abs}
                        0x1010'3a75          --   Gb  <internal module>
UART_RxByteCntClear {Abs}
                        0x1010'3af5          --   Gb  <internal module>
UART_RxByteCntGet {Abs}
                        0x1010'3b01          --   Gb  <internal module>
UART_RxCmd {Abs}        0x1010'39f5          --   Gb  <internal module>
UART_SendData {Abs}     0x1010'3a4d          --   Gb  <internal module>
UART_SendDataTO {Abs}   0x1010'3ab5          --   Gb  <internal module>
UART_SetBaud {Abs}      0x1010'38bd          --   Gb  <internal module>
UART_SetBaudExt {Abs}   0x1010'3955          --   Gb  <internal module>
UART_SetRxLevel {Abs}   0x1010'39cd          --   Gb  <internal module>
UART_StructInit {Abs}   0x1010'3845          --   Gb  <internal module>
UART_WaitBusy {Abs}     0x1010'3c0d          --   Gb  <internal module>
UART_Writable {Abs}     0x1010'3a09          --   Gb  <internal module>
UsageFault_Handler {Abs}
                        0x1010'0121          --   Gb  <internal module>
UserIrqDataTable {Abs}  0x1007'c240          --   Gb  <internal module>
UserIrqFunTable {Abs}   0x1007'c140          --   Gb  <internal module>
VectorTableOverride     0x1007'd6b5   0x28  Code  Gb  boot_flash_hp.o [2]
XTAL_ClkGet {Abs}       0x1010'44e9          --   Gb  <internal module>
_2char2dec {Abs}        0x1010'6b45          --   Gb  <internal module>
_2char2hex {Abs}        0x1010'6bb9          --   Gb  <internal module>
__flash_text_start__ {Abs}
                         0xe00'0020          --   Gb  <internal module>
__iar_init_vfp          0x1007'dc59         Code  Gb  fpinit_M.o [3]
__image1_bss_end__      0x1007'dc50    0x4  Data  Gb  boot_ram_hp.o [2]
__image1_bss_start__    0x1007'dc4c    0x4  Data  Gb  boot_ram_hp.o [2]
__image2_entry_func__   0x1007'dc48    0x4  Data  Gb  boot_ram_hp.o [2]
__psram_image3_end__ {Abs}
                         0x240'0000          --   Gb  <internal module>
__psram_image3_start__ {Abs}
                         0x230'0000          --   Gb  <internal module>
__ram_image3_end__ {Abs}
                        0x1007'b000          --   Gb  <internal module>
__ram_image3_start__ {Abs}
                        0x1007'7000          --   Gb  <internal module>
__ram_start_table_start__ {Abs}
                        0x1007'd000          --   Gb  <internal module>
__rom_bss_end__ {Abs}   0x1000'0564          --   Gb  <internal module>
__rom_bss_end_s__ {Abs}
                        0x1007'c348          --   Gb  <internal module>
__rom_bss_start__ {Abs}
                        0x1000'0000          --   Gb  <internal module>
__rom_bss_start_s__ {Abs}
                        0x1007'c000          --   Gb  <internal module>
__rom_entry_ns_start__ {Abs}
                        0x101c'0000          --   Gb  <internal module>
__strtok_r {Abs}        0x1010'8011          --   Gb  <internal module>
__vectors_table {Abs}   0x1010'0000          --   Gb  <internal module>
_char2num {Abs}         0x1010'6b15          --   Gb  <internal module>
_memchr {Abs}           0x1010'6c21          --   Gb  <internal module>
_memcmp {Abs}           0x1010'6cb1          --   Gb  <internal module>
_memcpy {Abs}           0x1010'6d15          --   Gb  <internal module>
_memmove {Abs}          0x1010'6dc1          --   Gb  <internal module>
_memset {Abs}           0x1010'6e89          --   Gb  <internal module>
_sscanf {Abs}           0x1010'75a9          --   Gb  <internal module>
_stratoi {Abs}          0x1010'75c9          --   Gb  <internal module>
_strcat {Abs}           0x1010'761d          --   Gb  <internal module>
_strchr {Abs}           0x1010'765d          --   Gb  <internal module>
_strcmp {Abs}           0x1010'772d          --   Gb  <internal module>
_strcpy {Abs}           0x1010'77a1          --   Gb  <internal module>
_stricmp {Abs}          0x1010'77ed          --   Gb  <internal module>
_strlen {Abs}           0x1010'7821          --   Gb  <internal module>
_strncat {Abs}          0x1010'7885          --   Gb  <internal module>
_strncmp {Abs}          0x1010'78e1          --   Gb  <internal module>
_strncpy {Abs}          0x1010'7985          --   Gb  <internal module>
_strnlen {Abs}          0x1010'79ed          --   Gb  <internal module>
_strpbrk {Abs}          0x1010'7a21          --   Gb  <internal module>
_strsep {Abs}           0x1010'7a4d          --   Gb  <internal module>
_strstr {Abs}           0x1010'7d0d          --   Gb  <internal module>
_strtok {Abs}           0x1010'8005          --   Gb  <internal module>
_strtok_r {Abs}         0x1010'8075          --   Gb  <internal module>
_strtol {Abs}           0x1010'8199          --   Gb  <internal module>
_strtol_r {Abs}         0x1010'807d          --   Gb  <internal module>
_strtoll {Abs}          0x1010'7fe5          --   Gb  <internal module>
_strtoul {Abs}          0x1010'82d1          --   Gb  <internal module>
_strtoul_r {Abs}        0x1010'819d          --   Gb  <internal module>
_strtoull {Abs}         0x1010'7f25          --   Gb  <internal module>
_strupr {Abs}           0x1010'82d5          --   Gb  <internal module>
_vsscanf {Abs}          0x1010'6fe5          --   Gb  <internal module>
boot_export_symbol      0x1007'd028    0x8  Data  Gb  boot_ram_hp.o [2]
crypto_engine {Abs}     0x1000'03a0          --   Gb  <internal module>
flash_init_para {Abs}   0x1000'0038          --   Gb  <internal module>
io_assert_failed {Abs}  0x1010'0871          --   Gb  <internal module>
irq_clear_pending {Abs}
                        0x1010'6a8d          --   Gb  <internal module>
irq_disable {Abs}       0x1010'69d5          --   Gb  <internal module>
irq_enable {Abs}        0x1010'69b9          --   Gb  <internal module>
irq_get_pending {Abs}   0x1010'6a69          --   Gb  <internal module>
irq_get_priority {Abs}  0x1010'6a25          --   Gb  <internal module>
irq_register {Abs}      0x1010'6aa9          --   Gb  <internal module>
irq_set_pending {Abs}   0x1010'6a4d          --   Gb  <internal module>
irq_set_priority {Abs}  0x1010'69f9          --   Gb  <internal module>
irq_table_init {Abs}    0x1010'677d          --   Gb  <internal module>
irq_unregister {Abs}    0x1010'6af5          --   Gb  <internal module>
mpu_disable {Abs}       0x1010'2bed          --   Gb  <internal module>
mpu_enable {Abs}        0x1010'2bd5          --   Gb  <internal module>
mpu_entry_alloc {Abs}   0x1010'2dc1          --   Gb  <internal module>
mpu_entry_free {Abs}    0x1010'2db5          --   Gb  <internal module>
mpu_entry_register {Abs}
                        0x1007'c340          --   Gb  <internal module>
mpu_init {Abs}          0x1010'2c01          --   Gb  <internal module>
mpu_region_cfg {Abs}    0x1010'2cb1          --   Gb  <internal module>
mpu_set_mem_attr {Abs}  0x1010'2c3d          --   Gb  <internal module>
rand_first {Abs}        0x1000'001c          --   Gb  <internal module>
rand_seed {Abs}         0x1000'0020          --   Gb  <internal module>
rtl_crypto_3des_cbc_decrypt {Abs}
                        0x1010'58b5          --   Gb  <internal module>
rtl_crypto_3des_cbc_encrypt {Abs}
                        0x1010'5869          --   Gb  <internal module>
rtl_crypto_3des_cbc_init {Abs}
                        0x1010'5819          --   Gb  <internal module>
rtl_crypto_3des_cfb_decrypt {Abs}
                        0x1010'5a49          --   Gb  <internal module>
rtl_crypto_3des_cfb_encrypt {Abs}
                        0x1010'5a11          --   Gb  <internal module>
rtl_crypto_3des_cfb_init {Abs}
                        0x1010'59c1          --   Gb  <internal module>
rtl_crypto_3des_ctr_decrypt {Abs}
                        0x1010'5bcd          --   Gb  <internal module>
rtl_crypto_3des_ctr_encrypt {Abs}
                        0x1010'5b95          --   Gb  <internal module>
rtl_crypto_3des_ctr_init {Abs}
                        0x1010'5b41          --   Gb  <internal module>
rtl_crypto_3des_ecb_decrypt {Abs}
                        0x1010'5989          --   Gb  <internal module>
rtl_crypto_3des_ecb_encrypt {Abs}
                        0x1010'5951          --   Gb  <internal module>
rtl_crypto_3des_ecb_init {Abs}
                        0x1010'5901          --   Gb  <internal module>
rtl_crypto_3des_ofb_decrypt {Abs}
                        0x1010'5b09          --   Gb  <internal module>
rtl_crypto_3des_ofb_encrypt {Abs}
                        0x1010'5ad1          --   Gb  <internal module>
rtl_crypto_3des_ofb_init {Abs}
                        0x1010'5a81          --   Gb  <internal module>
rtl_crypto_aes_cbc_decrypt {Abs}
                        0x1010'3ccd          --   Gb  <internal module>
rtl_crypto_aes_cbc_encrypt {Abs}
                        0x1010'3c81          --   Gb  <internal module>
rtl_crypto_aes_cbc_init {Abs}
                        0x1010'3c31          --   Gb  <internal module>
rtl_crypto_aes_cfb_decrypt {Abs}
                        0x1010'3f45          --   Gb  <internal module>
rtl_crypto_aes_cfb_encrypt {Abs}
                        0x1010'3f01          --   Gb  <internal module>
rtl_crypto_aes_cfb_init {Abs}
                        0x1010'3eb1          --   Gb  <internal module>
rtl_crypto_aes_ctr_decrypt {Abs}
                        0x1010'3e6d          --   Gb  <internal module>
rtl_crypto_aes_ctr_encrypt {Abs}
                        0x1010'3e29          --   Gb  <internal module>
rtl_crypto_aes_ctr_init {Abs}
                        0x1010'3dd9          --   Gb  <internal module>
rtl_crypto_aes_ecb_decrypt {Abs}
                        0x1010'3da1          --   Gb  <internal module>
rtl_crypto_aes_ecb_encrypt {Abs}
                        0x1010'3d69          --   Gb  <internal module>
rtl_crypto_aes_ecb_init {Abs}
                        0x1010'3d19          --   Gb  <internal module>
rtl_crypto_aes_gcm_decrypt {Abs}
                        0x1010'4131          --   Gb  <internal module>
rtl_crypto_aes_gcm_encrypt {Abs}
                        0x1010'40b9          --   Gb  <internal module>
rtl_crypto_aes_gcm_init {Abs}
                        0x1010'4065          --   Gb  <internal module>
rtl_crypto_aes_ofb_decrypt {Abs}
                        0x1010'4021          --   Gb  <internal module>
rtl_crypto_aes_ofb_encrypt {Abs}
                        0x1010'3fdd          --   Gb  <internal module>
rtl_crypto_aes_ofb_init {Abs}
                        0x1010'3f89          --   Gb  <internal module>
rtl_crypto_des_cbc_decrypt {Abs}
                        0x1010'5cb5          --   Gb  <internal module>
rtl_crypto_des_cbc_encrypt {Abs}
                        0x1010'5c59          --   Gb  <internal module>
rtl_crypto_des_cbc_init {Abs}
                        0x1010'5c05          --   Gb  <internal module>
rtl_crypto_des_cfb_decrypt {Abs}
                        0x1010'5e61          --   Gb  <internal module>
rtl_crypto_des_cfb_encrypt {Abs}
                        0x1010'5e29          --   Gb  <internal module>
rtl_crypto_des_cfb_init {Abs}
                        0x1010'5dd5          --   Gb  <internal module>
rtl_crypto_des_ctr_decrypt {Abs}
                        0x1010'5fe9          --   Gb  <internal module>
rtl_crypto_des_ctr_encrypt {Abs}
                        0x1010'5fb1          --   Gb  <internal module>
rtl_crypto_des_ctr_init {Abs}
                        0x1010'5f5d          --   Gb  <internal module>
rtl_crypto_des_ecb_decrypt {Abs}
                        0x1010'5d9d          --   Gb  <internal module>
rtl_crypto_des_ecb_encrypt {Abs}
                        0x1010'5d65          --   Gb  <internal module>
rtl_crypto_des_ecb_init {Abs}
                        0x1010'5d11          --   Gb  <internal module>
rtl_crypto_des_ofb_decrypt {Abs}
                        0x1010'5f25          --   Gb  <internal module>
rtl_crypto_des_ofb_encrypt {Abs}
                        0x1010'5eed          --   Gb  <internal module>
rtl_crypto_des_ofb_init {Abs}
                        0x1010'5e99          --   Gb  <internal module>
simulation_bit_index {Abs}
                        0x1010'3181          --   Gb  <internal module>
simulation_stage_set {Abs}
                        0x1010'3199          --   Gb  <internal module>
tz_config               0x1007'e0a0   0x60  Data  Gb  rtl8721dhp_boot_trustzonecfg.o [1]


[1] = D:\Projects\Technosoft\BradFord\Software\CEL\CMP4020\ambd_sdk\project\realtek_amebaD_va0_example\EWARM-RELEASE\Debug\Obj\km4_bootloader\cmsis_10847856019631765829.dir
[2] = lib_bootloader_hp.a
[3] = m7M_tls.a

  3'134 bytes of readonly  code memory
  1'166 bytes of readonly  data memory
    226 bytes of readwrite data memory

Errors: none
Warnings: none
